Component: ARM Compiler 5.06 update 1 (build 61) Tool: armlink [4d35a8]

==============================================================================

Section Cross References

    dfu_ble_svc.o(.emb_text) refers to dfu_ble_svc.o(.text) for C_SVC_Handler
    dfu_ble_svc.o(.text) refers to memcpya.o(.text) for __aeabi_memcpy
    dfu_ble_svc.o(.text) refers to crc16.o(.text) for crc16_compute
    dfu_ble_svc.o(.text) refers to dfu_ble_svc.o(NoInit) for NoInit
    main.o(.text) refers to app_error.o(.text) for app_error_handler
    main.o(.text) refers to pstorage_raw.o(.text) for pstorage_sys_event_handler
    main.o(.text) refers to softdevice_handler.o(.text) for softdevice_handler_init
    main.o(.text) refers to app_timer.o(.text) for app_timer_init
    main.o(.text) refers to bootloader.o(.text) for bootloader_init
    main.o(.text) refers to app_scheduler.o(.text) for app_sched_init
    main.o(.text) refers to main.o(.constdata) for .constdata
    main.o(.text) refers to softdevice_handler_appsh.o(.text) for softdevice_evt_schedule
    main.o(.text) refers to main.o(.bss) for .bss
    main.o(.text) refers to app_timer_appsh.o(.text) for app_timer_evt_schedule
    main.o(.text) refers to main.o(.ARM.__AT_0x20003FFC) for .ARM.__AT_0x20003FFC
    main.o(.constdata) refers to main.o(.bss) for m_led_toggle_timer_id_data
    ble_advdata.o(.text) refers to memcpya.o(.text) for __aeabi_memcpy
    ble_conn_params.o(.text) refers to memcpya.o(.text) for __aeabi_memcpy4
    ble_conn_params.o(.text) refers to app_timer.o(.text) for app_timer_create
    ble_conn_params.o(.text) refers to ble_conn_params.o(.data) for .data
    ble_conn_params.o(.text) refers to ble_conn_params.o(.bss) for .bss
    ble_conn_params.o(.text) refers to ble_conn_params.o(.constdata) for .constdata
    ble_conn_params.o(.text) refers to memcpya.o(.text) for __aeabi_memcpy
    ble_conn_params.o(.text) refers to ble_conn_params.o(.text) for is_conn_params_ok
    ble_conn_params.o(.text) refers to ble_conn_params.o(.data) for .data
    ble_conn_params.o(.text) refers to ble_conn_params.o(.bss) for .bss
    ble_conn_params.o(.constdata) refers to ble_conn_params.o(.bss) for m_conn_params_timer_id_data
    ble_dfu.o(.text) refers to ble_dfu.o(i.__ARM_common_switch8) for __ARM_common_switch8
    ble_dfu.o(.text) refers to memseta.o(.text) for __aeabi_memclr4
    ble_dfu.o(.text) refers to ble_dfu.o(.data) for .data
    ble_dfu.o(.text) refers to ble_dfu.o(.constdata) for .constdata
    ble_srv_common.o(.text) refers to strlen.o(.text) for strlen
    ble_srv_common.o(.text) refers to ble_dfu.o(i.__ARM_common_switch8) for __ARM_common_switch8
    ble_srv_common.o(.text) refers to ble_srv_common.o(.text) for set_security_req
    ble_srv_common.o(.text) refers to memseta.o(.text) for __aeabi_memclr4
    ble_srv_common.o(.text) refers to memseta.o(.text) for __aeabi_memclr4
    ble_srv_common.o(.text) refers to ble_srv_common.o(.text) for set_security_req
    nrf_delay.o(.text) refers to nrf_delay.o(.emb_text) for __asm___11_nrf_delay_c_532987f3__nrf_delay_us
    pstorage_raw.o(.text) refers to uidiv.o(.text) for __aeabi_uidivmod
    pstorage_raw.o(.text) refers to pstorage_raw.o(.bss) for .bss
    pstorage_raw.o(.text) refers to pstorage_raw.o(.data) for .data
    app_scheduler.o(.text) refers to app_error.o(.text) for app_error_handler
    app_scheduler.o(.text) refers to memcpya.o(.text) for __aeabi_memcpy
    app_scheduler.o(.text) refers to app_scheduler.o(.data) for .data
    app_timer.o(.text) refers to app_timer.o(.emb_text) for __asm___11_app_timer_c_cd27f9c3__nrf_delay_us
    app_timer.o(.text) refers to app_timer.o(.data) for .data
    app_timer.o(.text) refers to app_error.o(.text) for app_error_handler
    app_timer.o(.text) refers to app_timer.o(.text) for user_id_get
    app_timer.o(.text) refers to app_timer.o(.data) for .data
    app_timer_appsh.o(.text) refers to app_error.o(.text) for app_error_handler
    app_timer_appsh.o(.text) refers to app_scheduler.o(.text) for app_sched_event_put
    bootloader.o(.text) refers to app_error.o(.text) for app_error_handler
    bootloader.o(.text) refers to app_scheduler.o(.text) for app_sched_execute
    bootloader.o(.text) refers to bootloader_settings.o(.text) for bootloader_util_settings_get
    bootloader.o(.text) refers to crc16.o(.text) for crc16_compute
    bootloader.o(.text) refers to pstorage_raw.o(.text) for pstorage_clear
    bootloader.o(.text) refers to dfu_transport_ble.o(.text) for dfu_transport_close
    bootloader.o(.text) refers to dfu_single_bank.o(.text) for dfu_init
    bootloader.o(.text) refers to bootloader_util.o(.text) for bootloader_util_app_start
    bootloader.o(.text) refers to nrf_delay.o(.text) for nrf_delay_ms
    bootloader.o(.text) refers to memcpya.o(.text) for __aeabi_memcpy4
    bootloader.o(.text) refers to bootloader.o(.data) for .data
    bootloader.o(.text) refers to bootloader.o(.bss) for .bss
    bootloader.o(.text) refers to bootloader.o(.constdata) for .constdata
    bootloader.o(.constdata) refers to bootloader.o(.text) for pstorage_callback_handler
    bootloader_settings.o(.text) refers to bootloader_settings.o(.ARM.__AT_0x0003FC00) for .ARM.__AT_0x0003FC00
    bootloader_util.o(.text) refers to bootloader_util.o(.emb_text) for __asm___17_bootloader_util_c_c13d365c__bootloader_util_reset
    dfu_init_template.o(.text) refers to memcpya.o(.text) for __aeabi_memcpy
    dfu_init_template.o(.text) refers to crc16.o(.text) for crc16_compute
    dfu_init_template.o(.text) refers to dfu_init_template.o(.data) for .data
    dfu_init_template.o(.text) refers to dfu_init_template.o(.bss) for .bss
    dfu_transport_ble.o(.text) refers to hci_mem_pool.o(.text) for hci_mem_pool_rx_consume
    dfu_transport_ble.o(.text) refers to app_error.o(.text) for app_error_handler
    dfu_transport_ble.o(.text) refers to ble_dfu.o(.text) for ble_dfu_response_send
    dfu_transport_ble.o(.text) refers to memcpya.o(.text) for __aeabi_memcpy
    dfu_transport_ble.o(.text) refers to dfu_single_bank.o(.text) for dfu_data_pkt_handle
    dfu_transport_ble.o(.text) refers to ble_conn_params.o(.text) for ble_conn_params_stop
    dfu_transport_ble.o(.text) refers to ble_dfu.o(i.__ARM_common_switch8) for __ARM_common_switch8
    dfu_transport_ble.o(.text) refers to memseta.o(.text) for __aeabi_memclr4
    dfu_transport_ble.o(.text) refers to ble_advdata.o(.text) for ble_advdata_set
    dfu_transport_ble.o(.text) refers to memcmp.o(.text) for memcmp
    dfu_transport_ble.o(.text) refers to dfu_transport_ble.o(.data) for .data
    dfu_transport_ble.o(.text) refers to dfu_transport_ble.o(.bss) for .bss
    dfu_transport_ble.o(.text) refers to bootloader.o(.text) for bootloader_dfu_update_process
    dfu_transport_ble.o(.text) refers to softdevice_handler.o(.text) for softdevice_ble_evt_handler_set
    dfu_transport_ble.o(.text) refers to dfu_ble_svc.o(.text) for dfu_ble_peer_data_get
    dfu_transport_ble.o(.text) refers to uread4.o(.text) for __aeabi_uread4
    dfu_transport_ble.o(.text) refers to dfu_transport_ble.o(.constdata) for .constdata
    hci_mem_pool.o(.text) refers to hci_mem_pool.o(.data) for .data
    hci_mem_pool.o(.text) refers to hci_mem_pool.o(.bss) for .bss
    hci_mem_pool.o(.text) refers to hci_mem_pool.o(.data) for .data
    hci_mem_pool.o(.text) refers to hci_mem_pool.o(.data) for .data
    dfu_single_bank.o(.text) refers to app_error.o(.text) for app_error_handler
    dfu_single_bank.o(.text) refers to bootloader.o(.text) for bootloader_dfu_update_process
    dfu_single_bank.o(.text) refers to app_timer.o(.text) for app_timer_stop
    dfu_single_bank.o(.text) refers to pstorage_raw.o(.text) for pstorage_clear
    dfu_single_bank.o(.text) refers to memcpya.o(.text) for __aeabi_memcpy4
    dfu_single_bank.o(.text) refers to memseta.o(.text) for __aeabi_memclr4
    dfu_single_bank.o(.text) refers to dfu_init_template.o(.text) for dfu_init_prevalidate
    dfu_single_bank.o(.text) refers to dfu_single_bank.o(.data) for .data
    dfu_single_bank.o(.text) refers to dfu_single_bank.o(.bss) for .bss
    dfu_single_bank.o(.text) refers to dfu_single_bank.o(.constdata) for .constdata
    dfu_single_bank.o(.text) refers to dfu_single_bank.o(.bss) for .bss
    dfu_single_bank.o(.constdata) refers to dfu_single_bank.o(.bss) for m_dfu_timer_id_data
    dfu_single_bank.o(.constdata) refers to dfu_single_bank.o(.text) for pstorage_callback_handler
    softdevice_handler.o(.text) refers (Weak) to main.o(.text) for assert_nrf_callback
    softdevice_handler.o(.text) refers to app_error.o(.text) for app_error_handler
    softdevice_handler.o(.text) refers to softdevice_handler.o(.data) for .data
    softdevice_handler.o(.text) refers to softdevice_handler.o(.data) for .data
    softdevice_handler.o(.text) refers to softdevice_handler.o(.data) for .data
    softdevice_handler_appsh.o(.text) refers to app_error.o(.text) for app_error_handler
    softdevice_handler_appsh.o(.text) refers to softdevice_handler.o(.text) for intern_softdevice_events_execute
    softdevice_handler_appsh.o(.text) refers to app_scheduler.o(.text) for app_sched_event_put
    arm_startup_nrf51.o(RESET) refers to arm_startup_nrf51.o(STACK) for __initial_sp
    arm_startup_nrf51.o(RESET) refers to arm_startup_nrf51.o(.text) for Reset_Handler
    arm_startup_nrf51.o(RESET) refers to dfu_ble_svc.o(.emb_text) for SVC_Handler
    arm_startup_nrf51.o(RESET) refers to app_timer.o(.text) for RTC1_IRQHandler
    arm_startup_nrf51.o(RESET) refers to softdevice_handler.o(.text) for SWI2_IRQHandler
    arm_startup_nrf51.o(.text) refers to system_nrf51.o(.text) for SystemInit
    arm_startup_nrf51.o(.text) refers to entry.o(.ARM.Collect$$$$00000000) for __main
    system_nrf51.o(.text) refers to system_nrf51.o(.data) for .data
    entry.o(.ARM.Collect$$$$00000000) refers (Special) to entry10a.o(.ARM.Collect$$$$0000000D) for __rt_final_cpp
    entry.o(.ARM.Collect$$$$00000000) refers (Special) to entry11a.o(.ARM.Collect$$$$0000000F) for __rt_final_exit
    entry.o(.ARM.Collect$$$$00000000) refers (Special) to entry7b.o(.ARM.Collect$$$$00000008) for _main_clock
    entry.o(.ARM.Collect$$$$00000000) refers (Special) to entry8b.o(.ARM.Collect$$$$0000000A) for _main_cpp_init
    entry.o(.ARM.Collect$$$$00000000) refers (Special) to entry9a.o(.ARM.Collect$$$$0000000B) for _main_init
    entry.o(.ARM.Collect$$$$00000000) refers (Special) to entry5.o(.ARM.Collect$$$$00000004) for _main_scatterload
    entry.o(.ARM.Collect$$$$00000000) refers (Special) to entry2.o(.ARM.Collect$$$$00000001) for _main_stk
    entry2.o(.ARM.Collect$$$$00000001) refers to entry2.o(.ARM.Collect$$$$00002712) for __lit__00000000
    entry2.o(.ARM.Collect$$$$00002712) refers to arm_startup_nrf51.o(STACK) for __initial_sp
    entry2.o(__vectab_stack_and_reset_area) refers to arm_startup_nrf51.o(STACK) for __initial_sp
    entry2.o(__vectab_stack_and_reset_area) refers to entry.o(.ARM.Collect$$$$00000000) for __main
    entry5.o(.ARM.Collect$$$$00000004) refers to init.o(.text) for __scatterload
    entry9a.o(.ARM.Collect$$$$0000000B) refers to main.o(.text) for main
    entry9b.o(.ARM.Collect$$$$0000000C) refers to main.o(.text) for main
    init.o(.text) refers to entry5.o(.ARM.Collect$$$$00000004) for __main_after_scatterload


==============================================================================

Removing Unused input sections from the image.

    Removing dfu_ble_svc.o(.rev16_text), (4 bytes).
    Removing dfu_ble_svc.o(.revsh_text), (4 bytes).
    Removing main.o(.rev16_text), (4 bytes).
    Removing main.o(.revsh_text), (4 bytes).
    Removing ble_conn_params.o(.text), (80 bytes).
    Removing ble_srv_common.o(.text), (12 bytes).
    Removing ble_srv_common.o(.text), (18 bytes).
    Removing ble_srv_common.o(.text), (46 bytes).
    Removing ble_srv_common.o(.text), (400 bytes).
    Removing ble_srv_common.o(.text), (176 bytes).
    Removing nrf_delay.o(.rev16_text), (4 bytes).
    Removing nrf_delay.o(.revsh_text), (4 bytes).
    Removing pstorage_raw.o(.rev16_text), (4 bytes).
    Removing pstorage_raw.o(.revsh_text), (4 bytes).
    Removing pstorage_raw.o(.text), (4 bytes).
    Removing app_error.o(.rev16_text), (4 bytes).
    Removing app_error.o(.revsh_text), (4 bytes).
    Removing app_scheduler.o(.rev16_text), (4 bytes).
    Removing app_scheduler.o(.revsh_text), (4 bytes).
    Removing app_timer.o(.rev16_text), (4 bytes).
    Removing app_timer.o(.revsh_text), (4 bytes).
    Removing app_timer.o(.text), (68 bytes).
    Removing app_timer.o(.text), (16 bytes).
    Removing app_timer.o(.text), (12 bytes).
    Removing bootloader.o(.rev16_text), (4 bytes).
    Removing bootloader.o(.revsh_text), (4 bytes).
    Removing bootloader.o(.emb_text), (30 bytes).
    Removing bootloader_settings.o(.rev16_text), (4 bytes).
    Removing bootloader_settings.o(.revsh_text), (4 bytes).
    Removing dfu_init_template.o(.rev16_text), (4 bytes).
    Removing dfu_init_template.o(.revsh_text), (4 bytes).
    Removing dfu_transport_ble.o(.rev16_text), (4 bytes).
    Removing dfu_transport_ble.o(.revsh_text), (4 bytes).
    Removing dfu_transport_ble.o(.emb_text), (30 bytes).
    Removing hci_mem_pool.o(.text), (4 bytes).
    Removing hci_mem_pool.o(.text), (40 bytes).
    Removing hci_mem_pool.o(.text), (12 bytes).
    Removing dfu_single_bank.o(.rev16_text), (4 bytes).
    Removing dfu_single_bank.o(.revsh_text), (4 bytes).
    Removing dfu_single_bank.o(.text), (40 bytes).
    Removing softdevice_handler.o(.rev16_text), (4 bytes).
    Removing softdevice_handler.o(.revsh_text), (4 bytes).
    Removing softdevice_handler.o(.text), (12 bytes).
    Removing softdevice_handler.o(.text), (24 bytes).
    Removing softdevice_handler_appsh.o(.rev16_text), (4 bytes).
    Removing softdevice_handler_appsh.o(.revsh_text), (4 bytes).
    Removing arm_startup_nrf51.o(HEAP), (0 bytes).
    Removing system_nrf51.o(.rev16_text), (4 bytes).
    Removing system_nrf51.o(.revsh_text), (4 bytes).
    Removing system_nrf51.o(.text), (16 bytes).

50 unused section(s) (total 1160 bytes) removed from the image.

==============================================================================

Image Symbol Table

    Local Symbols

    Symbol Name                              Value     Ov Type        Size  Object(Section)

    ../clib/microlib/division.c              0x00000000   Number         0  uidiv.o ABSOLUTE
    ../clib/microlib/init/entry.s            0x00000000   Number         0  entry2.o ABSOLUTE
    ../clib/microlib/init/entry.s            0x00000000   Number         0  entry8a.o ABSOLUTE
    ../clib/microlib/init/entry.s            0x00000000   Number         0  entry11a.o ABSOLUTE
    ../clib/microlib/init/entry.s            0x00000000   Number         0  entry7b.o ABSOLUTE
    ../clib/microlib/init/entry.s            0x00000000   Number         0  entry7a.o ABSOLUTE
    ../clib/microlib/init/entry.s            0x00000000   Number         0  entry5.o ABSOLUTE
    ../clib/microlib/init/entry.s            0x00000000   Number         0  entry11b.o ABSOLUTE
    ../clib/microlib/init/entry.s            0x00000000   Number         0  entry8b.o ABSOLUTE
    ../clib/microlib/init/entry.s            0x00000000   Number         0  entry9a.o ABSOLUTE
    ../clib/microlib/init/entry.s            0x00000000   Number         0  entry9b.o ABSOLUTE
    ../clib/microlib/init/entry.s            0x00000000   Number         0  entry.o ABSOLUTE
    ../clib/microlib/init/entry.s            0x00000000   Number         0  entry10a.o ABSOLUTE
    ../clib/microlib/init/entry.s            0x00000000   Number         0  entry10b.o ABSOLUTE
    ../clib/microlib/string/memcmp.c         0x00000000   Number         0  memcmp.o ABSOLUTE
    ../clib/microlib/string/memcpy.c         0x00000000   Number         0  memcpyb.o ABSOLUTE
    ../clib/microlib/string/memcpy.c         0x00000000   Number         0  memcpya.o ABSOLUTE
    ../clib/microlib/string/memset.c         0x00000000   Number         0  memseta.o ABSOLUTE
    ../clib/microlib/string/strlen.c         0x00000000   Number         0  strlen.o ABSOLUTE
    ../clib/microlib/unhosted.c              0x00000000   Number         0  uread4.o ABSOLUTE
    ..\..\..\..\..\..\components\ble\ble_services\ble_dfu\ble_dfu.c 0x00000000   Number         0  ble_dfu.o ABSOLUTE
    ..\..\..\..\..\..\components\ble\common\ble_advdata.c 0x00000000   Number         0  ble_advdata.o ABSOLUTE
    ..\..\..\..\..\..\components\ble\common\ble_conn_params.c 0x00000000   Number         0  ble_conn_params.o ABSOLUTE
    ..\..\..\..\..\..\components\ble\common\ble_srv_common.c 0x00000000   Number         0  ble_srv_common.o ABSOLUTE
    ..\..\..\..\..\..\components\drivers_nrf\delay\nrf_delay.c 0x00000000   Number         0  nrf_delay.o ABSOLUTE
    ..\..\..\..\..\..\components\drivers_nrf\pstorage\pstorage_raw.c 0x00000000   Number         0  pstorage_raw.o ABSOLUTE
    ..\..\..\..\..\..\components\libraries\bootloader_dfu\bootloader.c 0x00000000   Number         0  bootloader.o ABSOLUTE
    ..\..\..\..\..\..\components\libraries\bootloader_dfu\bootloader_settings.c 0x00000000   Number         0  bootloader_settings.o ABSOLUTE
    ..\..\..\..\..\..\components\libraries\bootloader_dfu\bootloader_util.c 0x00000000   Number         0  bootloader_util.o ABSOLUTE
    ..\..\..\..\..\..\components\libraries\bootloader_dfu\dfu_init_template.c 0x00000000   Number         0  dfu_init_template.o ABSOLUTE
    ..\..\..\..\..\..\components\libraries\bootloader_dfu\dfu_single_bank.c 0x00000000   Number         0  dfu_single_bank.o ABSOLUTE
    ..\..\..\..\..\..\components\libraries\bootloader_dfu\dfu_transport_ble.c 0x00000000   Number         0  dfu_transport_ble.o ABSOLUTE
    ..\..\..\..\..\..\components\libraries\crc16\crc16.c 0x00000000   Number         0  crc16.o ABSOLUTE
    ..\..\..\..\..\..\components\libraries\hci\hci_mem_pool.c 0x00000000   Number         0  hci_mem_pool.o ABSOLUTE
    ..\..\..\..\..\..\components\libraries\scheduler\app_scheduler.c 0x00000000   Number         0  app_scheduler.o ABSOLUTE
    ..\..\..\..\..\..\components\libraries\timer\app_timer.c 0x00000000   Number         0  app_timer.o ABSOLUTE
    ..\..\..\..\..\..\components\libraries\timer\app_timer_appsh.c 0x00000000   Number         0  app_timer_appsh.o ABSOLUTE
    ..\..\..\..\..\..\components\libraries\util\app_error.c 0x00000000   Number         0  app_error.o ABSOLUTE
    ..\..\..\..\..\..\components\libraries\util\nrf_assert.c 0x00000000   Number         0  nrf_assert.o ABSOLUTE
    ..\..\..\..\..\..\components\softdevice\common\softdevice_handler\softdevice_handler.c 0x00000000   Number         0  softdevice_handler.o ABSOLUTE
    ..\..\..\..\..\..\components\softdevice\common\softdevice_handler\softdevice_handler_appsh.c 0x00000000   Number         0  softdevice_handler_appsh.o ABSOLUTE
    ..\..\..\dfu_ble_svc.c                   0x00000000   Number         0  dfu_ble_svc.o ABSOLUTE
    ..\..\..\main.c                          0x00000000   Number         0  main.o ABSOLUTE
    ..\\..\\..\\..\\..\\..\\components\\drivers_nrf\\delay\\nrf_delay.c 0x00000000   Number         0  nrf_delay.o ABSOLUTE
    ..\\..\\..\\..\\..\\..\\components\\drivers_nrf\\pstorage\\pstorage_raw.c 0x00000000   Number         0  pstorage_raw.o ABSOLUTE
    ..\\..\\..\\..\\..\\..\\components\\libraries\\bootloader_dfu\\bootloader.c 0x00000000   Number         0  bootloader.o ABSOLUTE
    ..\\..\\..\\..\\..\\..\\components\\libraries\\bootloader_dfu\\bootloader_settings.c 0x00000000   Number         0  bootloader_settings.o ABSOLUTE
    ..\\..\\..\\..\\..\\..\\components\\libraries\\bootloader_dfu\\bootloader_util.c 0x00000000   Number         0  bootloader_util.o ABSOLUTE
    ..\\..\\..\\..\\..\\..\\components\\libraries\\bootloader_dfu\\dfu_init_template.c 0x00000000   Number         0  dfu_init_template.o ABSOLUTE
    ..\\..\\..\\..\\..\\..\\components\\libraries\\bootloader_dfu\\dfu_single_bank.c 0x00000000   Number         0  dfu_single_bank.o ABSOLUTE
    ..\\..\\..\\..\\..\\..\\components\\libraries\\bootloader_dfu\\dfu_transport_ble.c 0x00000000   Number         0  dfu_transport_ble.o ABSOLUTE
    ..\\..\\..\\..\\..\\..\\components\\libraries\\scheduler\\app_scheduler.c 0x00000000   Number         0  app_scheduler.o ABSOLUTE
    ..\\..\\..\\..\\..\\..\\components\\libraries\\timer\\app_timer.c 0x00000000   Number         0  app_timer.o ABSOLUTE
    ..\\..\\..\\..\\..\\..\\components\\libraries\\util\\app_error.c 0x00000000   Number         0  app_error.o ABSOLUTE
    ..\\..\\..\\..\\..\\..\\components\\softdevice\\common\\softdevice_handler\\softdevice_handler.c 0x00000000   Number         0  softdevice_handler.o ABSOLUTE
    ..\\..\\..\\..\\..\\..\\components\\softdevice\\common\\softdevice_handler\\softdevice_handler_appsh.c 0x00000000   Number         0  softdevice_handler_appsh.o ABSOLUTE
    ..\\..\\..\\dfu_ble_svc.c                0x00000000   Number         0  dfu_ble_svc.o ABSOLUTE
    ..\\..\\..\\main.c                       0x00000000   Number         0  main.o ABSOLUTE
    RTE\Device\nRF51422_xxAC\arm_startup_nrf51.s 0x00000000   Number         0  arm_startup_nrf51.o ABSOLUTE
    RTE\Device\nRF51422_xxAC\system_nrf51.c  0x00000000   Number         0  system_nrf51.o ABSOLUTE
    RTE\\Device\\nRF51422_xxAC\\system_nrf51.c 0x00000000   Number         0  system_nrf51.o ABSOLUTE
    dc.s                                     0x00000000   Number         0  dc.o ABSOLUTE
    handlers.s                               0x00000000   Number         0  handlers.o ABSOLUTE
    init.s                                   0x00000000   Number         0  init.o ABSOLUTE
    RESET                                    0x0003c000   Section      192  arm_startup_nrf51.o(RESET)
    .ARM.Collect$$$$00000000                 0x0003c0c0   Section        0  entry.o(.ARM.Collect$$$$00000000)
    .ARM.Collect$$$$00000001                 0x0003c0c0   Section        4  entry2.o(.ARM.Collect$$$$00000001)
    .ARM.Collect$$$$00000004                 0x0003c0c4   Section        4  entry5.o(.ARM.Collect$$$$00000004)
    .ARM.Collect$$$$00000008                 0x0003c0c8   Section        0  entry7b.o(.ARM.Collect$$$$00000008)
    .ARM.Collect$$$$0000000A                 0x0003c0c8   Section        0  entry8b.o(.ARM.Collect$$$$0000000A)
    .ARM.Collect$$$$0000000B                 0x0003c0c8   Section        8  entry9a.o(.ARM.Collect$$$$0000000B)
    .ARM.Collect$$$$0000000D                 0x0003c0d0   Section        0  entry10a.o(.ARM.Collect$$$$0000000D)
    .ARM.Collect$$$$0000000F                 0x0003c0d0   Section        0  entry11a.o(.ARM.Collect$$$$0000000F)
    .ARM.Collect$$$$00002712                 0x0003c0d0   Section        4  entry2.o(.ARM.Collect$$$$00002712)
    __lit__00000000                          0x0003c0d0   Data           4  entry2.o(.ARM.Collect$$$$00002712)
    .emb_text                                0x0003c0d4   Section       36  dfu_ble_svc.o(.emb_text)
    .emb_text                                0x0003c0f8   Section       30  nrf_delay.o(.emb_text)
    .emb_text                                0x0003c118   Section       30  app_timer.o(.emb_text)
    .emb_text                                0x0003c138   Section       52  bootloader_util.o(.emb_text)
    .text                                    0x0003c16c   Section        0  dfu_ble_svc.o(.text)
    .text                                    0x0003c200   Section        0  main.o(.text)
    led_toggle_timeout_handler               0x0003c20f   Thumb Code     8  main.o(.text)
    sys_evt_dispatch                         0x0003c217   Thumb Code     8  main.o(.text)
    ble_stack_init                           0x0003c21f   Thumb Code   126  main.o(.text)
    nrf_gpio_cfg_output                      0x0003c3f5   Thumb Code    12  main.o(.text)
    scheduler_init                           0x0003c401   Thumb Code    28  main.o(.text)
    .text                                    0x0003c460   Section        0  ble_advdata.o(.text)
    uuid_list_sized_encode                   0x0003c461   Thumb Code   174  ble_advdata.o(.text)
    uuid_list_encode                         0x0003c50f   Thumb Code    46  ble_advdata.o(.text)
    uint16_encode                            0x0003c7b9   Thumb Code    10  ble_advdata.o(.text)
    le_role_encode                           0x0003c7c3   Thumb Code    84  ble_advdata.o(.text)
    ble_device_addr_encode                   0x0003c817   Thumb Code    94  ble_advdata.o(.text)
    name_encode                              0x0003c875   Thumb Code   158  ble_advdata.o(.text)
    conn_int_encode                          0x0003c913   Thumb Code   130  ble_advdata.o(.text)
    manuf_specific_data_encode               0x0003c995   Thumb Code   104  ble_advdata.o(.text)
    service_data_encode                      0x0003c9fd   Thumb Code   142  ble_advdata.o(.text)
    .text                                    0x0003ca90   Section        0  ble_conn_params.o(.text)
    update_timeout_handler                   0x0003ca91   Thumb Code    86  ble_conn_params.o(.text)
    conn_params_negotiation                  0x0003cb37   Thumb Code    92  ble_conn_params.o(.text)
    is_conn_params_ok                        0x0003cc17   Thumb Code    26  ble_conn_params.o(.text)
    .text                                    0x0003cc44   Section        0  ble_dfu.o(.text)
    on_ctrl_pt_write                         0x0003cc9b   Thumb Code   230  ble_dfu.o(.text)
    uint32_encode                            0x0003cf57   Thumb Code    18  ble_dfu.o(.text)
    dfu_pkt_char_add                         0x0003cf69   Thumb Code   130  ble_dfu.o(.text)
    dfu_rev_char_add                         0x0003cfeb   Thumb Code   158  ble_dfu.o(.text)
    dfu_ctrl_pt_add                          0x0003d089   Thumb Code   130  ble_dfu.o(.text)
    .text                                    0x0003d110   Section        0  nrf_delay.o(.text)
    .text                                    0x0003d12c   Section        0  pstorage_raw.o(.text)
    cmd_queue_element_init                   0x0003d12d   Thumb Code    26  pstorage_raw.o(.text)
    cmd_process                              0x0003d147   Thumb Code    98  pstorage_raw.o(.text)
    cmd_queue_enqueue                        0x0003d1a9   Thumb Code    76  pstorage_raw.o(.text)
    is_word_aligned                          0x0003d31d   Thumb Code    12  pstorage_raw.o(.text)
    app_notify                               0x0003d329   Thumb Code    32  pstorage_raw.o(.text)
    .text                                    0x0003d350   Section        0  app_error.o(.text)
    .text                                    0x0003d36c   Section        0  app_scheduler.o(.text)
    app_sched_event_get                      0x0003d4a3   Thumb Code    62  app_scheduler.o(.text)
    .text                                    0x0003d4f0   Section        0  app_timer.o(.text)
    NVIC_SetPriority                         0x0003d4f1   Thumb Code    60  app_timer.o(.text)
    rtc1_stop                                0x0003d52d   Thumb Code    50  app_timer.o(.text)
    list_deletions_handler                   0x0003d55f   Thumb Code   180  app_timer.o(.text)
    list_insertions_handler                  0x0003d613   Thumb Code   202  app_timer.o(.text)
    user_id_get                              0x0003d7a9   Thumb Code    74  app_timer.o(.text)
    timer_list_insert                        0x0003d8b3   Thumb Code   102  app_timer.o(.text)
    timer_list_handler_sched                 0x0003d919   Thumb Code    10  app_timer.o(.text)
    timer_timeouts_check                     0x0003d923   Thumb Code   122  app_timer.o(.text)
    timer_list_handler                       0x0003d99d   Thumb Code   128  app_timer.o(.text)
    user_op_alloc                            0x0003da1d   Thumb Code    38  app_timer.o(.text)
    elapsed_ticks_acquire                    0x0003da43   Thumb Code    58  app_timer.o(.text)
    compare_reg_update                       0x0003da7d   Thumb Code   142  app_timer.o(.text)
    .text                                    0x0003db24   Section        0  app_timer_appsh.o(.text)
    app_timer_evt_get                        0x0003db25   Thumb Code    26  app_timer_appsh.o(.text)
    .text                                    0x0003db54   Section        0  bootloader.o(.text)
    pstorage_callback_handler                0x0003db55   Thumb Code    32  bootloader.o(.text)
    wait_for_events                          0x0003db75   Thumb Code    62  bootloader.o(.text)
    bootloader_settings_save                 0x0003dbf1   Thumb Code    54  bootloader.o(.text)
    nrf_gpio_pin_toggle                      0x0003de4f   Thumb Code    24  bootloader.o(.text)
    .text                                    0x0003de7c   Section        0  bootloader_settings.o(.text)
    .text                                    0x0003de88   Section        0  bootloader_util.o(.text)
    .text                                    0x0003de90   Section        0  crc16.o(.text)
    .text                                    0x0003decc   Section        0  dfu_init_template.o(.text)
    .text                                    0x0003df70   Section        0  dfu_transport_ble.o(.text)
    nrf_err_code_translate                   0x0003df71   Thumb Code    54  dfu_transport_ble.o(.text)
    dfu_cb_handler                           0x0003dfa7   Thumb Code    96  dfu_transport_ble.o(.text)
    app_data_process                         0x0003e007   Thumb Code   210  dfu_transport_ble.o(.text)
    conn_params_error_handler                0x0003e0d9   Thumb Code    12  dfu_transport_ble.o(.text)
    on_dfu_evt                               0x0003e133   Thumb Code   218  dfu_transport_ble.o(.text)
    advertising_init                         0x0003e20d   Thumb Code    68  dfu_transport_ble.o(.text)
    advertising_start                        0x0003e251   Thumb Code   164  dfu_transport_ble.o(.text)
    on_ble_evt                               0x0003e2f5   Thumb Code   360  dfu_transport_ble.o(.text)
    ble_evt_dispatch                         0x0003e45d   Thumb Code    26  dfu_transport_ble.o(.text)
    service_error_handler                    0x0003e477   Thumb Code    12  dfu_transport_ble.o(.text)
    service_change_indicate                  0x0003e5a1   Thumb Code    90  dfu_transport_ble.o(.text)
    dfu_error_notify                         0x0003e5fb   Thumb Code    38  dfu_transport_ble.o(.text)
    start_data_process                       0x0003e621   Thumb Code   122  dfu_transport_ble.o(.text)
    init_data_process                        0x0003e69b   Thumb Code    94  dfu_transport_ble.o(.text)
    uint32_decode                            0x0003e6f9   Thumb Code    20  dfu_transport_ble.o(.text)
    .text                                    0x0003e740   Section        0  hci_mem_pool.o(.text)
    .text                                    0x0003e87c   Section        0  dfu_single_bank.o(.text)
    pstorage_callback_handler                0x0003e87d   Thumb Code    78  dfu_single_bank.o(.text)
    dfu_timeout_handler                      0x0003e8cb   Thumb Code    32  dfu_single_bank.o(.text)
    dfu_timer_restart                        0x0003e8eb   Thumb Code    62  dfu_single_bank.o(.text)
    dfu_prepare_func_app_erase               0x0003e929   Thumb Code    36  dfu_single_bank.o(.text)
    dfu_cleared_func_app                     0x0003e94d   Thumb Code    30  dfu_single_bank.o(.text)
    dfu_activate_sd                          0x0003e96b   Thumb Code    62  dfu_single_bank.o(.text)
    dfu_activate_app                         0x0003e9a9   Thumb Code    52  dfu_single_bank.o(.text)
    dfu_activate_bl                          0x0003e9dd   Thumb Code    54  dfu_single_bank.o(.text)
    dfu_sd_img_block_swap                    0x0003ec99   Thumb Code    68  dfu_single_bank.o(.text)
    dfu_compare_block                        0x0003ee1d   Thumb Code    22  dfu_single_bank.o(.text)
    dfu_copy_sd                              0x0003ee33   Thumb Code    20  dfu_single_bank.o(.text)
    .text                                    0x0003ee48   Section        0  softdevice_handler.o(.text)
    .text                                    0x0003ef40   Section        0  softdevice_handler_appsh.o(.text)
    .text                                    0x0003ef68   Section       56  arm_startup_nrf51.o(.text)
    .text                                    0x0003efa0   Section        0  system_nrf51.o(.text)
    is_manual_peripheral_setup_needed        0x0003efe1   Thumb Code    66  system_nrf51.o(.text)
    .text                                    0x0003f038   Section        0  uidiv.o(.text)
    .text                                    0x0003f064   Section        0  memcpya.o(.text)
    .text                                    0x0003f088   Section        0  memseta.o(.text)
    .text                                    0x0003f0ac   Section        0  memcmp.o(.text)
    .text                                    0x0003f0c6   Section        0  uread4.o(.text)
    .text                                    0x0003f0dc   Section       36  init.o(.text)
    i.__ARM_common_switch8                   0x0003f100   Section        0  ble_dfu.o(i.__ARM_common_switch8)
    i.__scatterload_copy                     0x0003f11a   Section       14  handlers.o(i.__scatterload_copy)
    i.__scatterload_null                     0x0003f128   Section        2  handlers.o(i.__scatterload_null)
    i.__scatterload_zeroinit                 0x0003f12a   Section       14  handlers.o(i.__scatterload_zeroinit)
    .constdata                               0x0003f138   Section       20  main.o(.constdata)
    m_led_toggle_timer_id                    0x0003f138   Data           4  main.o(.constdata)
    .constdata                               0x0003f14c   Section        4  ble_conn_params.o(.constdata)
    m_conn_params_timer_id                   0x0003f14c   Data           4  ble_conn_params.o(.constdata)
    .constdata                               0x0003f150   Section       16  ble_dfu.o(.constdata)
    .constdata                               0x0003f160   Section       32  bootloader.o(.constdata)
    .constdata                               0x0003f180   Section       32  dfu_transport_ble.o(.constdata)
    .constdata                               0x0003f1a0   Section       36  dfu_single_bank.o(.constdata)
    m_dfu_timer_id                           0x0003f1a0   Data           4  dfu_single_bank.o(.constdata)
    .ARM.__AT_0x0003FC00                     0x0003fc00   Section     1024  bootloader_settings.o(.ARM.__AT_0x0003FC00)
    __tagsym$$used                           0x0003fc00   Number         0  bootloader_settings.o(.ARM.__AT_0x0003FC00)
    .ARM.__AT_0x10001014                     0x10001014   Section        4  bootloader_settings.o(.ARM.__AT_0x10001014)
    .data                                    0x20002000   Section       20  ble_conn_params.o(.data)
    m_change_param                           0x20002000   Data           1  ble_conn_params.o(.data)
    m_update_count                           0x20002001   Data           1  ble_conn_params.o(.data)
    m_conn_handle                            0x20002002   Data           2  ble_conn_params.o(.data)
    m_preferred_conn_params                  0x20002004   Data           8  ble_conn_params.o(.data)
    m_current_conn_params                    0x2000200c   Data           8  ble_conn_params.o(.data)
    .data                                    0x20002014   Section        8  ble_dfu.o(.data)
    m_is_dfu_service_initialized             0x20002014   Data           1  ble_dfu.o(.data)
    m_notif_buffer                           0x20002015   Data           7  ble_dfu.o(.data)
    .data                                    0x2000201c   Section       16  pstorage_raw.o(.data)
    m_next_app_instance                      0x2000201c   Data           4  pstorage_raw.o(.data)
    m_round_val                              0x20002020   Data           4  pstorage_raw.o(.data)
    m_app_table                              0x20002024   Data           8  pstorage_raw.o(.data)
    .data                                    0x2000202c   Section       16  app_scheduler.o(.data)
    m_queue_start_index                      0x2000202c   Data           1  app_scheduler.o(.data)
    m_queue_end_index                        0x2000202d   Data           1  app_scheduler.o(.data)
    m_queue_event_size                       0x2000202e   Data           2  app_scheduler.o(.data)
    m_queue_size                             0x20002030   Data           2  app_scheduler.o(.data)
    m_queue_event_headers                    0x20002034   Data           4  app_scheduler.o(.data)
    m_queue_event_data                       0x20002038   Data           4  app_scheduler.o(.data)
    .data                                    0x2000203c   Section       32  app_timer.o(.data)
    m_user_array_size                        0x2000203c   Data           1  app_timer.o(.data)
    m_ticks_elapsed_q_read_ind               0x2000203d   Data           1  app_timer.o(.data)
    m_ticks_elapsed_q_write_ind              0x2000203e   Data           1  app_timer.o(.data)
    m_rtc1_running                           0x2000203f   Data           1  app_timer.o(.data)
    m_rtc1_reset                             0x20002040   Data           1  app_timer.o(.data)
    mp_users                                 0x20002044   Data           4  app_timer.o(.data)
    mp_timer_id_head                         0x20002048   Data           4  app_timer.o(.data)
    m_ticks_latest                           0x2000204c   Data           4  app_timer.o(.data)
    m_evt_schedule_func                      0x20002050   Data           4  app_timer.o(.data)
    m_ticks_elapsed                          0x20002054   Data           8  app_timer.o(.data)
    .data                                    0x2000205c   Section       12  bootloader.o(.data)
    m_update_status                          0x2000205c   Data           1  bootloader.o(.data)
    m_bootsettings_handle                    0x20002060   Data           8  bootloader.o(.data)
    .data                                    0x20002068   Section        1  dfu_init_template.o(.data)
    m_extended_packet_length                 0x20002068   Data           1  dfu_init_template.o(.data)
    .data                                    0x2000206c   Section       33  dfu_transport_ble.o(.data)
    m_tear_down_in_progress                  0x2000206c   Data           1  dfu_transport_ble.o(.data)
    m_pkt_rcpt_notif_enabled                 0x2000206d   Data           1  dfu_transport_ble.o(.data)
    m_is_advertising                         0x2000206e   Data           1  dfu_transport_ble.o(.data)
    m_ble_peer_data_valid                    0x2000206f   Data           1  dfu_transport_ble.o(.data)
    m_pkt_type                               0x20002070   Data           1  dfu_transport_ble.o(.data)
    m_update_mode                            0x20002071   Data           1  dfu_transport_ble.o(.data)
    m_conn_handle                            0x20002072   Data           2  dfu_transport_ble.o(.data)
    m_pkt_notif_target                       0x20002074   Data           2  dfu_transport_ble.o(.data)
    m_pkt_notif_target_cnt                   0x20002076   Data           2  dfu_transport_ble.o(.data)
    m_direct_adv_cnt                         0x20002078   Data           4  dfu_transport_ble.o(.data)
    m_num_of_firmware_bytes_rcvd             0x2000207c   Data           4  dfu_transport_ble.o(.data)
    mp_rx_buffer                             0x20002080   Data           4  dfu_transport_ble.o(.data)
    mp_final_packet                          0x20002084   Data           4  dfu_transport_ble.o(.data)
    m_sec_params                             0x20002088   Data           5  dfu_transport_ble.o(.data)
    .data                                    0x2000208d   Section        5  hci_mem_pool.o(.data)
    m_is_tx_allocated                        0x2000208d   Data           1  hci_mem_pool.o(.data)
    tx_buffer                                0x2000208e   Data           4  hci_mem_pool.o(.data)
    .data                                    0x20002094   Section       32  dfu_single_bank.o(.data)
    m_dfu_timed_out                          0x20002094   Data           1  dfu_single_bank.o(.data)
    m_dfu_state                              0x20002095   Data           1  dfu_single_bank.o(.data)
    m_init_packet_length                     0x20002096   Data           1  dfu_single_bank.o(.data)
    m_image_crc                              0x20002098   Data           2  dfu_single_bank.o(.data)
    m_data_received                          0x2000209c   Data           4  dfu_single_bank.o(.data)
    m_image_size                             0x200020a0   Data           4  dfu_single_bank.o(.data)
    mp_storage_handle_active                 0x200020a4   Data           4  dfu_single_bank.o(.data)
    m_data_pkt_cb                            0x200020a8   Data           4  dfu_single_bank.o(.data)
    m_storage_handle_app                     0x200020ac   Data           8  dfu_single_bank.o(.data)
    .data                                    0x200020b4   Section       20  softdevice_handler.o(.data)
    m_softdevice_enabled                     0x200020b4   Data           1  softdevice_handler.o(.data)
    m_ble_evt_buffer_size                    0x200020b6   Data           2  softdevice_handler.o(.data)
    m_evt_schedule_func                      0x200020b8   Data           4  softdevice_handler.o(.data)
    mp_ble_evt_buffer                        0x200020bc   Data           4  softdevice_handler.o(.data)
    m_ble_evt_handler                        0x200020c0   Data           4  softdevice_handler.o(.data)
    m_sys_evt_handler                        0x200020c4   Data           4  softdevice_handler.o(.data)
    .data                                    0x200020c8   Section        4  system_nrf51.o(.data)
    __tagsym$$used                           0x200020c8   Number         0  system_nrf51.o(.data)
    .bss                                     0x200020cc   Section       32  main.o(.bss)
    m_led_toggle_timer_id_data               0x200020cc   Data          32  main.o(.bss)
    .bss                                     0x200020ec   Section      864  main.o(.bss)
    APP_TIMER_BUF                            0x200020ec   Data         456  main.o(.bss)
    BLE_EVT_BUFFER                           0x200022b4   Data          72  main.o(.bss)
    APP_SCHED_BUF                            0x200022fc   Data         336  main.o(.bss)
    .bss                                     0x2000244c   Section       32  ble_conn_params.o(.bss)
    m_conn_params_timer_id_data              0x2000244c   Data          32  ble_conn_params.o(.bss)
    .bss                                     0x2000246c   Section       28  ble_conn_params.o(.bss)
    m_conn_params_config                     0x2000246c   Data          28  ble_conn_params.o(.bss)
    .bss                                     0x20002488   Section      244  pstorage_raw.o(.bss)
    m_cmd_queue                              0x20002488   Data         244  pstorage_raw.o(.bss)
    .bss                                     0x2000257c   Section       28  bootloader.o(.bss)
    settings                                 0x2000257c   Data          28  bootloader.o(.bss)
    .bss                                     0x20002598   Section       10  dfu_init_template.o(.bss)
    m_extended_packet                        0x20002598   Data          10  dfu_init_template.o(.bss)
    .bss                                     0x200025a4   Section      132  dfu_transport_ble.o(.bss)
    m_adv_params                             0x200025a4   Data          24  dfu_transport_ble.o(.bss)
    m_dfu                                    0x200025bc   Data          48  dfu_transport_ble.o(.bss)
    m_ble_peer_data                          0x200025ec   Data          60  dfu_transport_ble.o(.bss)
    .bss                                     0x20002628   Section      316  hci_mem_pool.o(.bss)
    m_rx_buffer_elem_queue                   0x20002628   Data         288  hci_mem_pool.o(.bss)
    m_rx_buffer_queue                        0x20002748   Data          28  hci_mem_pool.o(.bss)
    .bss                                     0x20002764   Section       32  dfu_single_bank.o(.bss)
    m_dfu_timer_id_data                      0x20002764   Data          32  dfu_single_bank.o(.bss)
    .bss                                     0x20002784   Section       92  dfu_single_bank.o(.bss)
    m_start_packet                           0x20002784   Data          16  dfu_single_bank.o(.bss)
    m_init_packet                            0x20002794   Data          64  dfu_single_bank.o(.bss)
    m_functions                              0x200027d4   Data          12  dfu_single_bank.o(.bss)
    STACK                                    0x200027e0   Section     2048  arm_startup_nrf51.o(STACK)
    NoInit                                   0x20003e00   Section       62  dfu_ble_svc.o(NoInit)
    m_peer_data_crc                          0x20003e00   Data           2  dfu_ble_svc.o(NoInit)
    m_peer_data                              0x20003e02   Data          60  dfu_ble_svc.o(NoInit)
    .ARM.__AT_0x20003FFC                     0x20003ffc   Section        4  main.o(.ARM.__AT_0x20003FFC)

    Global Symbols

    Symbol Name                              Value     Ov Type        Size  Object(Section)

    BuildAttributes$$THM_ISAv3M$S$PE$A:L22$X:L11$S22$IEEE1$IW$USESV6$~STKCKD$USESV7$~SHL$OSPACE$EBA8$MICROLIB$REQ8$PRES8$EABIv2 0x00000000   Number         0  anon$$obj.o ABSOLUTE
    __ARM_use_no_argv                        0x00000000   Number         0  main.o ABSOLUTE
    __cpp_initialize__aeabi_                  - Undefined Weak Reference
    __cxa_finalize                            - Undefined Weak Reference
    __decompress                              - Undefined Weak Reference
    _clock_init                               - Undefined Weak Reference
    _microlib_exit                            - Undefined Weak Reference
    __Vectors_Size                           0x000000c0   Number         0  arm_startup_nrf51.o ABSOLUTE
    __Vectors                                0x0003c000   Data           4  arm_startup_nrf51.o(RESET)
    __Vectors_End                            0x0003c0c0   Data           0  arm_startup_nrf51.o(RESET)
    __main                                   0x0003c0c1   Thumb Code     0  entry.o(.ARM.Collect$$$$00000000)
    _main_stk                                0x0003c0c1   Thumb Code     0  entry2.o(.ARM.Collect$$$$00000001)
    _main_scatterload                        0x0003c0c5   Thumb Code     0  entry5.o(.ARM.Collect$$$$00000004)
    __main_after_scatterload                 0x0003c0c9   Thumb Code     0  entry5.o(.ARM.Collect$$$$00000004)
    _main_clock                              0x0003c0c9   Thumb Code     0  entry7b.o(.ARM.Collect$$$$00000008)
    _main_cpp_init                           0x0003c0c9   Thumb Code     0  entry8b.o(.ARM.Collect$$$$0000000A)
    _main_init                               0x0003c0c9   Thumb Code     0  entry9a.o(.ARM.Collect$$$$0000000B)
    __rt_final_cpp                           0x0003c0d1   Thumb Code     0  entry10a.o(.ARM.Collect$$$$0000000D)
    __rt_final_exit                          0x0003c0d1   Thumb Code     0  entry11a.o(.ARM.Collect$$$$0000000F)
    SVC_Handler                              0x0003c0d5   Thumb Code    28  dfu_ble_svc.o(.emb_text)
    __asm___11_nrf_delay_c_532987f3__nrf_delay_us 0x0003c0f9   Thumb Code    30  nrf_delay.o(.emb_text)
    __asm___11_app_timer_c_cd27f9c3__nrf_delay_us 0x0003c119   Thumb Code    30  app_timer.o(.emb_text)
    __asm___17_bootloader_util_c_c13d365c__bootloader_util_reset 0x0003c139   Thumb Code    52  bootloader_util.o(.emb_text)
    C_SVC_Handler                            0x0003c16d   Thumb Code    88  dfu_ble_svc.o(.text)
    dfu_ble_peer_data_get                    0x0003c1c5   Thumb Code    54  dfu_ble_svc.o(.text)
    assert_nrf_callback                      0x0003c201   Thumb Code    14  main.o(.text)
    main                                     0x0003c29d   Thumb Code   344  main.o(.text)
    adv_data_encode                          0x0003c53d   Thumb Code   532  ble_advdata.o(.text)
    ble_advdata_set                          0x0003c751   Thumb Code   104  ble_advdata.o(.text)
    ble_conn_params_init                     0x0003cae7   Thumb Code    68  ble_conn_params.o(.text)
    ble_conn_params_stop                     0x0003cb2b   Thumb Code    12  ble_conn_params.o(.text)
    ble_conn_params_on_ble_evt               0x0003cb93   Thumb Code   132  ble_conn_params.o(.text)
    ble_dfu_response_send                    0x0003cc45   Thumb Code    86  ble_dfu.o(.text)
    ble_dfu_init                             0x0003cd81   Thumb Code   128  ble_dfu.o(.text)
    ble_dfu_on_ble_evt                       0x0003ce01   Thumb Code   132  ble_dfu.o(.text)
    ble_dfu_bytes_rcvd_report                0x0003ce85   Thumb Code   110  ble_dfu.o(.text)
    ble_dfu_pkts_rcpt_notify                 0x0003cef3   Thumb Code   100  ble_dfu.o(.text)
    nrf_delay_ms                             0x0003d111   Thumb Code    24  nrf_delay.o(.text)
    pstorage_sys_event_handler               0x0003d1f5   Thumb Code   140  pstorage_raw.o(.text)
    pstorage_init                            0x0003d281   Thumb Code    54  pstorage_raw.o(.text)
    pstorage_register                        0x0003d2b7   Thumb Code    34  pstorage_raw.o(.text)
    pstorage_store                           0x0003d2d9   Thumb Code    50  pstorage_raw.o(.text)
    pstorage_clear                           0x0003d30b   Thumb Code    18  pstorage_raw.o(.text)
    app_error_handler                        0x0003d351   Thumb Code    18  app_error.o(.text)
    app_sched_init                           0x0003d36d   Thumb Code    40  app_scheduler.o(.text)
    app_sched_event_put                      0x0003d395   Thumb Code   240  app_scheduler.o(.text)
    app_sched_execute                        0x0003d485   Thumb Code    30  app_scheduler.o(.text)
    RTC1_IRQHandler                          0x0003d6dd   Thumb Code    28  app_timer.o(.text)
    SWI0_IRQHandler                          0x0003d6f9   Thumb Code     8  app_timer.o(.text)
    app_timer_init                           0x0003d701   Thumb Code   128  app_timer.o(.text)
    app_timer_create                         0x0003d781   Thumb Code    40  app_timer.o(.text)
    app_timer_start                          0x0003d7f3   Thumb Code   114  app_timer.o(.text)
    app_timer_stop                           0x0003d865   Thumb Code    78  app_timer.o(.text)
    app_timer_evt_schedule                   0x0003db3f   Thumb Code    18  app_timer_appsh.o(.text)
    bootloader_app_is_valid                  0x0003dbb3   Thumb Code    62  bootloader.o(.text)
    bootloader_dfu_update_process            0x0003dc27   Thumb Code   222  bootloader.o(.text)
    bootloader_init                          0x0003dd05   Thumb Code    36  bootloader.o(.text)
    bootloader_dfu_start                     0x0003dd29   Thumb Code    24  bootloader.o(.text)
    bootloader_app_start                     0x0003dd41   Thumb Code    80  bootloader.o(.text)
    bootloader_dfu_sd_in_progress            0x0003dd91   Thumb Code    30  bootloader.o(.text)
    bootloader_dfu_sd_update_continue        0x0003ddaf   Thumb Code    76  bootloader.o(.text)
    bootloader_dfu_sd_update_finalize        0x0003ddfb   Thumb Code    38  bootloader.o(.text)
    bootloader_settings_get                  0x0003de21   Thumb Code    46  bootloader.o(.text)
    bootloader_util_settings_get             0x0003de7d   Thumb Code     6  bootloader_settings.o(.text)
    bootloader_util_app_start                0x0003de89   Thumb Code     8  bootloader_util.o(.text)
    crc16_compute                            0x0003de91   Thumb Code    54  crc16.o(.text)
    dfu_init_prevalidate                     0x0003decd   Thumb Code   118  dfu_init_template.o(.text)
    dfu_init_postvalidate                    0x0003df43   Thumb Code    30  dfu_init_template.o(.text)
    dfu_transport_close                      0x0003e0e5   Thumb Code    78  dfu_transport_ble.o(.text)
    dfu_transport_update_start               0x0003e483   Thumb Code   286  dfu_transport_ble.o(.text)
    hci_mem_pool_open                        0x0003e741   Thumb Code    30  hci_mem_pool.o(.text)
    hci_mem_pool_rx_produce                  0x0003e75f   Thumb Code    78  hci_mem_pool.o(.text)
    hci_mem_pool_rx_consume                  0x0003e7ad   Thumb Code   102  hci_mem_pool.o(.text)
    hci_mem_pool_rx_data_size_set            0x0003e813   Thumb Code    24  hci_mem_pool.o(.text)
    hci_mem_pool_rx_extract                  0x0003e82b   Thumb Code    68  hci_mem_pool.o(.text)
    dfu_init                                 0x0003ea13   Thumb Code   108  dfu_single_bank.o(.text)
    dfu_register_callback                    0x0003ea7f   Thumb Code     6  dfu_single_bank.o(.text)
    dfu_start_pkt_handle                     0x0003ea85   Thumb Code   144  dfu_single_bank.o(.text)
    dfu_data_pkt_handle                      0x0003eb15   Thumb Code   104  dfu_single_bank.o(.text)
    dfu_init_pkt_complete                    0x0003eb7d   Thumb Code    46  dfu_single_bank.o(.text)
    dfu_init_pkt_handle                      0x0003ebab   Thumb Code    82  dfu_single_bank.o(.text)
    dfu_image_validate                       0x0003ebfd   Thumb Code    54  dfu_single_bank.o(.text)
    dfu_image_activate                       0x0003ec33   Thumb Code    78  dfu_single_bank.o(.text)
    dfu_reset                                0x0003ec81   Thumb Code    24  dfu_single_bank.o(.text)
    dfu_sd_image_swap                        0x0003ecdd   Thumb Code   116  dfu_single_bank.o(.text)
    dfu_bl_image_swap                        0x0003ed51   Thumb Code    56  dfu_single_bank.o(.text)
    dfu_bl_image_validate                    0x0003ed89   Thumb Code    60  dfu_single_bank.o(.text)
    dfu_sd_image_validate                    0x0003edc5   Thumb Code    88  dfu_single_bank.o(.text)
    softdevice_assertion_handler             0x0003ee49   Thumb Code    12  softdevice_handler.o(.text)
    intern_softdevice_events_execute         0x0003ee55   Thumb Code   124  softdevice_handler.o(.text)
    softdevice_handler_init                  0x0003eed1   Thumb Code    40  softdevice_handler.o(.text)
    softdevice_ble_evt_handler_set           0x0003eef9   Thumb Code    16  softdevice_handler.o(.text)
    softdevice_sys_evt_handler_set           0x0003ef09   Thumb Code    16  softdevice_handler.o(.text)
    SWI2_IRQHandler                          0x0003ef19   Thumb Code    32  softdevice_handler.o(.text)
    softdevice_evt_get                       0x0003ef41   Thumb Code    22  softdevice_handler_appsh.o(.text)
    softdevice_evt_schedule                  0x0003ef57   Thumb Code    14  softdevice_handler_appsh.o(.text)
    Reset_Handler                            0x0003ef69   Thumb Code    26  arm_startup_nrf51.o(.text)
    NMI_Handler                              0x0003ef83   Thumb Code     2  arm_startup_nrf51.o(.text)
    HardFault_Handler                        0x0003ef85   Thumb Code     2  arm_startup_nrf51.o(.text)
    PendSV_Handler                           0x0003ef89   Thumb Code     2  arm_startup_nrf51.o(.text)
    SysTick_Handler                          0x0003ef8b   Thumb Code     2  arm_startup_nrf51.o(.text)
    ADC_IRQHandler                           0x0003ef8d   Thumb Code     0  arm_startup_nrf51.o(.text)
    CCM_AAR_IRQHandler                       0x0003ef8d   Thumb Code     0  arm_startup_nrf51.o(.text)
    ECB_IRQHandler                           0x0003ef8d   Thumb Code     0  arm_startup_nrf51.o(.text)
    GPIOTE_IRQHandler                        0x0003ef8d   Thumb Code     0  arm_startup_nrf51.o(.text)
    LPCOMP_IRQHandler                        0x0003ef8d   Thumb Code     0  arm_startup_nrf51.o(.text)
    POWER_CLOCK_IRQHandler                   0x0003ef8d   Thumb Code     0  arm_startup_nrf51.o(.text)
    QDEC_IRQHandler                          0x0003ef8d   Thumb Code     0  arm_startup_nrf51.o(.text)
    RADIO_IRQHandler                         0x0003ef8d   Thumb Code     0  arm_startup_nrf51.o(.text)
    RNG_IRQHandler                           0x0003ef8d   Thumb Code     0  arm_startup_nrf51.o(.text)
    RTC0_IRQHandler                          0x0003ef8d   Thumb Code     0  arm_startup_nrf51.o(.text)
    SPI0_TWI0_IRQHandler                     0x0003ef8d   Thumb Code     0  arm_startup_nrf51.o(.text)
    SPI1_TWI1_IRQHandler                     0x0003ef8d   Thumb Code     0  arm_startup_nrf51.o(.text)
    SWI1_IRQHandler                          0x0003ef8d   Thumb Code     0  arm_startup_nrf51.o(.text)
    SWI3_IRQHandler                          0x0003ef8d   Thumb Code     0  arm_startup_nrf51.o(.text)
    SWI4_IRQHandler                          0x0003ef8d   Thumb Code     0  arm_startup_nrf51.o(.text)
    SWI5_IRQHandler                          0x0003ef8d   Thumb Code     0  arm_startup_nrf51.o(.text)
    TEMP_IRQHandler                          0x0003ef8d   Thumb Code     0  arm_startup_nrf51.o(.text)
    TIMER0_IRQHandler                        0x0003ef8d   Thumb Code     0  arm_startup_nrf51.o(.text)
    TIMER1_IRQHandler                        0x0003ef8d   Thumb Code     0  arm_startup_nrf51.o(.text)
    TIMER2_IRQHandler                        0x0003ef8d   Thumb Code     0  arm_startup_nrf51.o(.text)
    UART0_IRQHandler                         0x0003ef8d   Thumb Code     0  arm_startup_nrf51.o(.text)
    WDT_IRQHandler                           0x0003ef8d   Thumb Code     0  arm_startup_nrf51.o(.text)
    SystemInit                               0x0003efa1   Thumb Code    64  system_nrf51.o(.text)
    __aeabi_uidiv                            0x0003f039   Thumb Code     0  uidiv.o(.text)
    __aeabi_uidivmod                         0x0003f039   Thumb Code    44  uidiv.o(.text)
    __aeabi_memcpy                           0x0003f065   Thumb Code    36  memcpya.o(.text)
    __aeabi_memcpy4                          0x0003f065   Thumb Code     0  memcpya.o(.text)
    __aeabi_memcpy8                          0x0003f065   Thumb Code     0  memcpya.o(.text)
    __aeabi_memset                           0x0003f089   Thumb Code    14  memseta.o(.text)
    __aeabi_memset4                          0x0003f089   Thumb Code     0  memseta.o(.text)
    __aeabi_memset8                          0x0003f089   Thumb Code     0  memseta.o(.text)
    __aeabi_memclr                           0x0003f097   Thumb Code     4  memseta.o(.text)
    __aeabi_memclr4                          0x0003f097   Thumb Code     0  memseta.o(.text)
    __aeabi_memclr8                          0x0003f097   Thumb Code     0  memseta.o(.text)
    _memset$wrapper                          0x0003f09b   Thumb Code    18  memseta.o(.text)
    memcmp                                   0x0003f0ad   Thumb Code    26  memcmp.o(.text)
    __aeabi_uread4                           0x0003f0c7   Thumb Code    20  uread4.o(.text)
    __rt_uread4                              0x0003f0c7   Thumb Code     0  uread4.o(.text)
    _uread4                                  0x0003f0c7   Thumb Code     0  uread4.o(.text)
    __scatterload                            0x0003f0dd   Thumb Code    28  init.o(.text)
    __scatterload_rt2                        0x0003f0dd   Thumb Code     0  init.o(.text)
    __ARM_common_switch8                     0x0003f101   Thumb Code    26  ble_dfu.o(i.__ARM_common_switch8)
    __scatterload_copy                       0x0003f11b   Thumb Code    14  handlers.o(i.__scatterload_copy)
    __scatterload_null                       0x0003f129   Thumb Code     2  handlers.o(i.__scatterload_null)
    __scatterload_zeroinit                   0x0003f12b   Thumb Code    14  handlers.o(i.__scatterload_zeroinit)
    Region$$Table$$Base                      0x0003f1c4   Number         0  anon$$obj.o(Region$$Table)
    Region$$Table$$Limit                     0x0003f1e4   Number         0  anon$$obj.o(Region$$Table)
    m_boot_settings                          0x0003fc00   Data        1024  bootloader_settings.o(.ARM.__AT_0x0003FC00)
    m_uicr_bootloader_start_address          0x10001014   Data           4  bootloader_settings.o(.ARM.__AT_0x10001014)
    SystemCoreClock                          0x200020c8   Data           4  system_nrf51.o(.data)
    __initial_sp                             0x20002fe0   Data           0  arm_startup_nrf51.o(STACK)
    bootModeFlag                             0x20003ffc   Data           4  main.o(.ARM.__AT_0x20003FFC)



==============================================================================

Memory Map of the image

  Image Entry point : 0x0003c0c1

  Load Region LR_IROM1 (Base: 0x0003c000, Size: 0x000032b0, Max: 0x00003c00, ABSOLUTE)

    Execution Region ER_IROM1 (Base: 0x0003c000, Size: 0x000031e4, Max: 0x00003c00, ABSOLUTE)

    Base Addr    Size         Type   Attr      Idx    E Section Name        Object

    0x0003c000   0x000000c0   Data   RO          838    RESET               arm_startup_nrf51.o
    0x0003c0c0   0x00000000   Code   RO          875  * .ARM.Collect$$$$00000000  mc_p.l(entry.o)
    0x0003c0c0   0x00000004   Code   RO          892    .ARM.Collect$$$$00000001  mc_p.l(entry2.o)
    0x0003c0c4   0x00000004   Code   RO          895    .ARM.Collect$$$$00000004  mc_p.l(entry5.o)
    0x0003c0c8   0x00000000   Code   RO          897    .ARM.Collect$$$$00000008  mc_p.l(entry7b.o)
    0x0003c0c8   0x00000000   Code   RO          899    .ARM.Collect$$$$0000000A  mc_p.l(entry8b.o)
    0x0003c0c8   0x00000008   Code   RO          900    .ARM.Collect$$$$0000000B  mc_p.l(entry9a.o)
    0x0003c0d0   0x00000000   Code   RO          902    .ARM.Collect$$$$0000000D  mc_p.l(entry10a.o)
    0x0003c0d0   0x00000000   Code   RO          904    .ARM.Collect$$$$0000000F  mc_p.l(entry11a.o)
    0x0003c0d0   0x00000004   Code   RO          893    .ARM.Collect$$$$00002712  mc_p.l(entry2.o)
    0x0003c0d4   0x00000024   Code   RO            3    .emb_text           dfu_ble_svc.o
    0x0003c0f8   0x0000001e   Code   RO          343    .emb_text           nrf_delay.o
    0x0003c116   0x00000002   PAD
    0x0003c118   0x0000001e   Code   RO          463    .emb_text           app_timer.o
    0x0003c136   0x00000002   PAD
    0x0003c138   0x00000034   Code   RO          587    .emb_text           bootloader_util.o
    0x0003c16c   0x00000094   Code   RO            4    .text               dfu_ble_svc.o
    0x0003c200   0x00000260   Code   RO          102    .text               main.o
    0x0003c460   0x00000630   Code   RO          223    .text               ble_advdata.o
    0x0003ca90   0x000001b4   Code   RO          247    .text               ble_conn_params.o
    0x0003cc44   0x000004cc   Code   RO          283    .text               ble_dfu.o
    0x0003d110   0x0000001c   Code   RO          344    .text               nrf_delay.o
    0x0003d12c   0x00000224   Code   RO          374    .text               pstorage_raw.o
    0x0003d350   0x0000001c   Code   RO          412    .text               app_error.o
    0x0003d36c   0x00000184   Code   RO          432    .text               app_scheduler.o
    0x0003d4f0   0x00000634   Code   RO          464    .text               app_timer.o
    0x0003db24   0x00000030   Code   RO          511    .text               app_timer_appsh.o
    0x0003db54   0x00000328   Code   RO          526    .text               bootloader.o
    0x0003de7c   0x0000000c   Code   RO          565    .text               bootloader_settings.o
    0x0003de88   0x00000008   Code   RO          588    .text               bootloader_util.o
    0x0003de90   0x0000003c   Code   RO          603    .text               crc16.o
    0x0003decc   0x000000a4   Code   RO          617    .text               dfu_init_template.o
    0x0003df70   0x000007d0   Code   RO          644    .text               dfu_transport_ble.o
    0x0003e740   0x0000013c   Code   RO          706    .text               hci_mem_pool.o
    0x0003e87c   0x000005ca   Code   RO          750    .text               dfu_single_bank.o
    0x0003ee46   0x00000002   PAD
    0x0003ee48   0x000000f8   Code   RO          784    .text               softdevice_handler.o
    0x0003ef40   0x00000028   Code   RO          818    .text               softdevice_handler_appsh.o
    0x0003ef68   0x00000038   Code   RO          839    .text               arm_startup_nrf51.o
    0x0003efa0   0x00000098   Code   RO          846    .text               system_nrf51.o
    0x0003f038   0x0000002c   Code   RO          878    .text               mc_p.l(uidiv.o)
    0x0003f064   0x00000024   Code   RO          880    .text               mc_p.l(memcpya.o)
    0x0003f088   0x00000024   Code   RO          882    .text               mc_p.l(memseta.o)
    0x0003f0ac   0x0000001a   Code   RO          886    .text               mc_p.l(memcmp.o)
    0x0003f0c6   0x00000014   Code   RO          890    .text               mc_p.l(uread4.o)
    0x0003f0da   0x00000002   PAD
    0x0003f0dc   0x00000024   Code   RO          906    .text               mc_p.l(init.o)
    0x0003f100   0x0000001a   Code   RO          295    i.__ARM_common_switch8  ble_dfu.o
    0x0003f11a   0x0000000e   Code   RO          910    i.__scatterload_copy  mc_p.l(handlers.o)
    0x0003f128   0x00000002   Code   RO          911    i.__scatterload_null  mc_p.l(handlers.o)
    0x0003f12a   0x0000000e   Code   RO          912    i.__scatterload_zeroinit  mc_p.l(handlers.o)
    0x0003f138   0x00000014   Data   RO          106    .constdata          main.o
    0x0003f14c   0x00000004   Data   RO          251    .constdata          ble_conn_params.o
    0x0003f150   0x00000010   Data   RO          284    .constdata          ble_dfu.o
    0x0003f160   0x00000020   Data   RO          528    .constdata          bootloader.o
    0x0003f180   0x00000020   Data   RO          646    .constdata          dfu_transport_ble.o
    0x0003f1a0   0x00000024   Data   RO          754    .constdata          dfu_single_bank.o
    0x0003f1c4   0x00000020   Data   RO          908    Region$$Table       anon$$obj.o


    Execution Region RW_IRAM1 (Base: 0x20002000, Size: 0x00000fe0, Max: 0x00001e00, ABSOLUTE)

    Base Addr    Size         Type   Attr      Idx    E Section Name        Object

    0x20002000   0x00000014   Data   RW          252    .data               ble_conn_params.o
    0x20002014   0x00000008   Data   RW          285    .data               ble_dfu.o
    0x2000201c   0x00000010   Data   RW          377    .data               pstorage_raw.o
    0x2000202c   0x00000010   Data   RW          433    .data               app_scheduler.o
    0x2000203c   0x00000020   Data   RW          468    .data               app_timer.o
    0x2000205c   0x0000000c   Data   RW          529    .data               bootloader.o
    0x20002068   0x00000001   Data   RW          619    .data               dfu_init_template.o
    0x20002069   0x00000003   PAD
    0x2000206c   0x00000021   Data   RW          647    .data               dfu_transport_ble.o
    0x2000208d   0x00000005   Data   RW          711    .data               hci_mem_pool.o
    0x20002092   0x00000002   PAD
    0x20002094   0x00000020   Data   RW          755    .data               dfu_single_bank.o
    0x200020b4   0x00000014   Data   RW          787    .data               softdevice_handler.o
    0x200020c8   0x00000004   Data   RW          847    .data               system_nrf51.o
    0x200020cc   0x00000020   Zero   RW          104    .bss                main.o
    0x200020ec   0x00000360   Zero   RW          105    .bss                main.o
    0x2000244c   0x00000020   Zero   RW          249    .bss                ble_conn_params.o
    0x2000246c   0x0000001c   Zero   RW          250    .bss                ble_conn_params.o
    0x20002488   0x000000f4   Zero   RW          376    .bss                pstorage_raw.o
    0x2000257c   0x0000001c   Zero   RW          527    .bss                bootloader.o
    0x20002598   0x0000000a   Zero   RW          618    .bss                dfu_init_template.o
    0x200025a2   0x00000002   PAD
    0x200025a4   0x00000084   Zero   RW          645    .bss                dfu_transport_ble.o
    0x20002628   0x0000013c   Zero   RW          710    .bss                hci_mem_pool.o
    0x20002764   0x00000020   Zero   RW          752    .bss                dfu_single_bank.o
    0x20002784   0x0000005c   Zero   RW          753    .bss                dfu_single_bank.o
    0x200027e0   0x00000800   Zero   RW          836    STACK               arm_startup_nrf51.o


    Execution Region RW_IRAM2 (Base: 0x20003e00, Size: 0x00000200, Max: 0x00000200, ABSOLUTE, UNINIT)

    Base Addr    Size         Type   Attr      Idx    E Section Name        Object

    0x20003e00   0x0000003e   Zero   RW            5    NoInit              dfu_ble_svc.o
    0x20003e3e   0x000001be   PAD
    0x20003ffc   0x00000004   Zero   RW          103    .ARM.__AT_0x20003FFC  main.o



  Load Region LR_IROM2 (Base: 0x0003fc00, Size: 0x00000400, Max: 0x00000400, ABSOLUTE)

    Execution Region ER_IROM2 (Base: 0x0003fc00, Size: 0x00000400, Max: 0x00000400, ABSOLUTE)

    Base Addr    Size         Type   Attr      Idx    E Section Name        Object

    0x0003fc00   0x00000400   Data   RO          566    .ARM.__AT_0x0003FC00  bootloader_settings.o



  Load Region LR$$.ARM.__AT_0x10001014 (Base: 0x10001014, Size: 0x00000004, Max: 0x00000004, ABSOLUTE)

    Execution Region ER$$.ARM.__AT_0x10001014 (Base: 0x10001014, Size: 0x00000004, Max: 0x00000004, ABSOLUTE, UNINIT)

    Base Addr    Size         Type   Attr      Idx    E Section Name        Object

    0x10001014   0x00000004   Data   RO          567    .ARM.__AT_0x10001014  bootloader_settings.o


==============================================================================

Image component sizes


      Code (inc. data)   RO Data    RW Data    ZI Data      Debug   Object Name

        28         10          0          0          0       1296   app_error.o
       388         16          0         16          0      12595   app_scheduler.o
      1618         68          0         32          0      19793   app_timer.o
        48          4          0          0          0       1573   app_timer_appsh.o
        56         18        192          0       2048        712   arm_startup_nrf51.o
      1584          6          0          0          0      21102   ble_advdata.o
       436         20          4         20         60      11455   ble_conn_params.o
      1254         34         16          8          0      11719   ble_dfu.o
       808         22         32         12         28      16556   bootloader.o
        12          6       1028          0          0       1737   bootloader_settings.o
        60          2          0          0          0       1256   bootloader_util.o
        60          6          0          0          0       1276   crc16.o
       184         16          0          0         62      39162   dfu_ble_svc.o
       164         16          0          1         10       3613   dfu_init_template.o
      1482         36         36         32        124      11396   dfu_single_bank.o
      2000         80         32         33        132      24093   dfu_transport_ble.o
       316         14          0          5        316       4214   hci_mem_pool.o
       608         68         20          0        900      41882   main.o
        58          4          0          0          0       1779   nrf_delay.o
       548          8          0         16        244       8195   pstorage_raw.o
       248          8          0         20          0       4202   softdevice_handler.o
        40          4          0          0          0       1621   softdevice_handler_appsh.o
       152         22          0          4          0       1803   system_nrf51.o

    ----------------------------------------------------------------------
     12158        488       1392        204       4372     243030   Object Totals
         0          0         32          0          0          0   (incl. Generated)
         6          0          0          5        448          0   (incl. Padding)

    ----------------------------------------------------------------------

      Code (inc. data)   RO Data    RW Data    ZI Data      Debug   Library Member Name

         0          0          0          0          0          0   entry.o
         0          0          0          0          0          0   entry10a.o
         0          0          0          0          0          0   entry11a.o
         8          4          0          0          0          0   entry2.o
         4          0          0          0          0          0   entry5.o
         0          0          0          0          0          0   entry7b.o
         0          0          0          0          0          0   entry8b.o
         8          4          0          0          0          0   entry9a.o
        30          0          0          0          0          0   handlers.o
        36          8          0          0          0         68   init.o
        26          0          0          0          0         72   memcmp.o
        36          0          0          0          0         60   memcpya.o
        36          0          0          0          0        100   memseta.o
        44          0          0          0          0         72   uidiv.o
        20          0          0          0          0         60   uread4.o

    ----------------------------------------------------------------------
       250         16          0          0          0        432   Library Totals
         2          0          0          0          0          0   (incl. Padding)

    ----------------------------------------------------------------------

      Code (inc. data)   RO Data    RW Data    ZI Data      Debug   Library Name

       248         16          0          0          0        432   mc_p.l

    ----------------------------------------------------------------------
       250         16          0          0          0        432   Library Totals

    ----------------------------------------------------------------------

==============================================================================


      Code (inc. data)   RO Data    RW Data    ZI Data      Debug   

     12408        504       1392        204       4372     242086   Grand Totals
     12408        504       1392        204       4372     242086   ELF Image Totals
     12408        504       1392        204          0          0   ROM Totals

==============================================================================

    Total RO  Size (Code + RO Data)                13800 (  13.48kB)
    Total RW  Size (RW Data + ZI Data)              4576 (   4.47kB)
    Total ROM Size (Code + RO Data + RW Data)      14004 (  13.68kB)

==============================================================================

