Component: ARM Compiler 5.06 update 1 (build 61) Tool: armlink [4d35a8]

==============================================================================

Section Cross References

    main.o(i.advertising_init) refers to memseta.o(.text) for __aeabi_memclr4
    main.o(i.advertising_init) refers to ble_advertising.o(i.ble_advertising_init) for ble_advertising_init
    main.o(i.advertising_init) refers to app_error.o(i.app_error_handler) for app_error_handler
    main.o(i.advertising_init) refers to main.o(.data) for .data
    main.o(i.advertising_init) refers to main.o(i.on_adv_evt) for on_adv_evt
    main.o(i.application_timers_start) refers to app_timer.o(i.app_timer_start) for app_timer_start
    main.o(i.application_timers_start) refers to app_error.o(i.app_error_handler) for app_error_handler
    main.o(i.application_timers_start) refers to main.o(.constdata) for .constdata
    main.o(i.assert_nrf_callback) refers to app_error.o(i.app_error_handler) for app_error_handler
    main.o(i.ble_evt_dispatch) refers to ble_conn_params.o(i.ble_conn_params_on_ble_evt) for ble_conn_params_on_ble_evt
    main.o(i.ble_evt_dispatch) refers to ble_nus.o(i.ble_nus_on_ble_evt) for ble_nus_on_ble_evt
    main.o(i.ble_evt_dispatch) refers to main.o(i.on_ble_evt) for on_ble_evt
    main.o(i.ble_evt_dispatch) refers to ble_advertising.o(i.ble_advertising_on_ble_evt) for ble_advertising_on_ble_evt
    main.o(i.ble_evt_dispatch) refers to rbc_mesh.o(i.rbc_mesh_ble_evt_handler) for rbc_mesh_ble_evt_handler
    main.o(i.ble_evt_dispatch) refers to main.o(.bss) for .bss
    main.o(i.ble_nus_send_task) refers to sys_tick.o(i.CheckTimeout) for CheckTimeout
    main.o(i.ble_nus_send_task) refers to ringbuf.o(i.RINGBUF_Get) for RINGBUF_Get
    main.o(i.ble_nus_send_task) refers to ble_nus.o(i.ble_nus_string_send) for ble_nus_string_send
    main.o(i.ble_nus_send_task) refers to sys_tick.o(i.InitTimeout) for InitTimeout
    main.o(i.ble_nus_send_task) refers to main.o(.data) for .data
    main.o(i.ble_nus_send_task) refers to main.o(.bss) for .bss
    main.o(i.ble_nus_send_task) refers to iky_ble_app.o(.bss) for IKYBLE_TxRingBuf
    main.o(i.ble_stack_init) refers to softdevice_handler.o(i.softdevice_handler_init) for softdevice_handler_init
    main.o(i.ble_stack_init) refers to app_error.o(i.app_error_handler) for app_error_handler
    main.o(i.ble_stack_init) refers to softdevice_handler.o(i.softdevice_ble_evt_handler_set) for softdevice_ble_evt_handler_set
    main.o(i.ble_stack_init) refers to softdevice_handler.o(i.softdevice_sys_evt_handler_set) for softdevice_sys_evt_handler_set
    main.o(i.ble_stack_init) refers to main.o(.bss) for .bss
    main.o(i.ble_stack_init) refers to main.o(i.ble_evt_dispatch) for ble_evt_dispatch
    main.o(i.ble_stack_init) refers to main.o(i.sys_evt_dispatch) for sys_evt_dispatch
    main.o(i.boards_init) refers to main.o(i.nrf_gpio_cfg_output) for nrf_gpio_cfg_output
    main.o(i.boards_init) refers to memcpya.o(.text) for __aeabi_memcpy4
    main.o(i.boards_init) refers to app_pwm.o(i.app_pwm_init) for app_pwm_init
    main.o(i.boards_init) refers to app_error.o(i.app_error_handler) for app_error_handler
    main.o(i.boards_init) refers to app_pwm.o(i.app_pwm_enable) for app_pwm_enable
    main.o(i.boards_init) refers to main.o(.constdata) for .constdata
    main.o(i.boards_init) refers to main.o(i.pwm_ready_callback) for pwm_ready_callback
    main.o(i.button_1_update_event_handler) refers to io_control.o(i.IO_ToggleSetStatus) for IO_ToggleSetStatus
    main.o(i.button_1_update_event_handler) refers to io_control.o(i.IO_ToggleStatusOnRAM) for IO_ToggleStatusOnRAM
    main.o(i.button_1_update_event_handler) refers to app_timer.o(i.app_timer_stop) for app_timer_stop
    main.o(i.button_1_update_event_handler) refers to app_error.o(i.app_error_handler) for app_error_handler
    main.o(i.button_1_update_event_handler) refers to app_timer.o(i.app_timer_start) for app_timer_start
    main.o(i.button_1_update_event_handler) refers to io_control.o(.bss) for io_led_red_1
    main.o(i.button_1_update_event_handler) refers to iky_ble_app.o(.data) for reportFlag
    main.o(i.button_1_update_event_handler) refers to io_control.o(.bss) for io_buzzer
    main.o(i.button_1_update_event_handler) refers to main.o(.ARM.__AT_0x20003F00) for .ARM.__AT_0x20003F00
    main.o(i.button_1_update_event_handler) refers to main.o(.constdata) for .constdata
    main.o(i.button_2_update_event_handler) refers to io_control.o(i.IO_ToggleSetStatus) for IO_ToggleSetStatus
    main.o(i.button_2_update_event_handler) refers to io_control.o(i.IO_ToggleStatusOnRAM) for IO_ToggleStatusOnRAM
    main.o(i.button_2_update_event_handler) refers to app_timer.o(i.app_timer_stop) for app_timer_stop
    main.o(i.button_2_update_event_handler) refers to app_error.o(i.app_error_handler) for app_error_handler
    main.o(i.button_2_update_event_handler) refers to app_timer.o(i.app_timer_start) for app_timer_start
[...]
    CCM_AAR_IRQHandler                       0x00018139   Thumb Code     0  arm_startup_nrf51.o(.text)
    ECB_IRQHandler                           0x00018139   Thumb Code     0  arm_startup_nrf51.o(.text)
    LPCOMP_IRQHandler                        0x00018139   Thumb Code     0  arm_startup_nrf51.o(.text)
    POWER_CLOCK_IRQHandler                   0x00018139   Thumb Code     0  arm_startup_nrf51.o(.text)
    RADIO_IRQHandler                         0x00018139   Thumb Code     0  arm_startup_nrf51.o(.text)
    RNG_IRQHandler                           0x00018139   Thumb Code     0  arm_startup_nrf51.o(.text)
    RTC0_IRQHandler                          0x00018139   Thumb Code     0  arm_startup_nrf51.o(.text)
    SPI0_TWI0_IRQHandler                     0x00018139   Thumb Code     0  arm_startup_nrf51.o(.text)
    SPI1_TWI1_IRQHandler                     0x00018139   Thumb Code     0  arm_startup_nrf51.o(.text)
    SWI1_IRQHandler                          0x00018139   Thumb Code     0  arm_startup_nrf51.o(.text)
    SWI3_IRQHandler                          0x00018139   Thumb Code     0  arm_startup_nrf51.o(.text)
    SWI4_IRQHandler                          0x00018139   Thumb Code     0  arm_startup_nrf51.o(.text)
    SWI5_IRQHandler                          0x00018139   Thumb Code     0  arm_startup_nrf51.o(.text)
    TEMP_IRQHandler                          0x00018139   Thumb Code     0  arm_startup_nrf51.o(.text)
    TIMER2_IRQHandler                        0x00018139   Thumb Code     0  arm_startup_nrf51.o(.text)
    UART0_IRQHandler                         0x00018139   Thumb Code     0  arm_startup_nrf51.o(.text)
    WDT_IRQHandler                           0x00018139   Thumb Code     0  arm_startup_nrf51.o(.text)
    __aeabi_uidiv                            0x0001814d   Thumb Code     0  uidiv.o(.text)
    __aeabi_uidivmod                         0x0001814d   Thumb Code    44  uidiv.o(.text)
    __aeabi_idiv                             0x00018179   Thumb Code     0  idiv.o(.text)
    __aeabi_idivmod                          0x00018179   Thumb Code    40  idiv.o(.text)
    __aeabi_lmul                             0x000181a1   Thumb Code   122  llmul.o(.text)
    _ll_mul                                  0x000181a1   Thumb Code     0  llmul.o(.text)
    __aeabi_memcpy                           0x0001821b   Thumb Code    36  memcpya.o(.text)
    __aeabi_memcpy4                          0x0001821b   Thumb Code     0  memcpya.o(.text)
    __aeabi_memcpy8                          0x0001821b   Thumb Code     0  memcpya.o(.text)
    __aeabi_memset                           0x0001823f   Thumb Code    14  memseta.o(.text)
    __aeabi_memset4                          0x0001823f   Thumb Code     0  memseta.o(.text)
    __aeabi_memset8                          0x0001823f   Thumb Code     0  memseta.o(.text)
    __aeabi_memclr                           0x0001824d   Thumb Code     4  memseta.o(.text)
    __aeabi_memclr4                          0x0001824d   Thumb Code     0  memseta.o(.text)
    __aeabi_memclr8                          0x0001824d   Thumb Code     0  memseta.o(.text)
    _memset$wrapper                          0x00018251   Thumb Code    18  memseta.o(.text)
    strlen                                   0x00018263   Thumb Code    14  strlen.o(.text)
    memcmp                                   0x00018271   Thumb Code    26  memcmp.o(.text)
    __aeabi_uread4                           0x0001828b   Thumb Code    20  uread4.o(.text)
    __rt_uread4                              0x0001828b   Thumb Code     0  uread4.o(.text)
    _uread4                                  0x0001828b   Thumb Code     0  uread4.o(.text)
    __aeabi_uwrite4                          0x0001829f   Thumb Code    18  uwrite4.o(.text)
    __rt_uwrite4                             0x0001829f   Thumb Code     0  uwrite4.o(.text)
    _uwrite4                                 0x0001829f   Thumb Code     0  uwrite4.o(.text)
    __aeabi_llsl                             0x000182b1   Thumb Code    32  llshl.o(.text)
    _ll_shift_l                              0x000182b1   Thumb Code     0  llshl.o(.text)
    __scatterload                            0x000182d1   Thumb Code    28  init.o(.text)
    __scatterload_rt2                        0x000182d1   Thumb Code     0  init.o(.text)
    __decompress                             0x000182f5   Thumb Code     0  __dczerorl2.o(.text)
    __decompress1                            0x000182f5   Thumb Code    86  __dczerorl2.o(.text)
    CFG_Load                                 0x0001834d   Thumb Code   136  system_config.o(i.CFG_Load)
    CFG_Save_Task                            0x000183fd   Thumb Code    60  system_config.o(i.CFG_Save_Task)
    CY8CMBR3xxx_Configure                    0x00018441   Thumb Code   180  cy8cmbr3xxx_apis.o(i.CY8CMBR3xxx_Configure)
    CY8CMBR3xxx_ReadSensorStatus             0x000184f5   Thumb Code   112  cy8cmbr3xxx_apis.o(i.CY8CMBR3xxx_ReadSensorStatus)
    CY8CMBR3xxx_SendCommand                  0x00018569   Thumb Code    36  cy8cmbr3xxx_apis.o(i.CY8CMBR3xxx_SendCommand)
    CY8CMBR3xxx_VerifyDeviceOnBus            0x0001858d   Thumb Code    94  cy8cmbr3xxx_apis.o(i.CY8CMBR3xxx_VerifyDeviceOnBus)
    CY8CMRB3xxx_CheckCommandStatus           0x000185f5   Thumb Code    90  cy8cmbr3xxx_apis.o(i.CY8CMRB3xxx_CheckCommandStatus)
    CheckTimeout                             0x00018651   Thumb Code    44  sys_tick.o(i.CheckTimeout)
    GPIOTE_IRQHandler                        0x00018681   Thumb Code   234  nrf_drv_gpiote.o(i.GPIOTE_IRQHandler)
    HashMD5                                  0x00018789   Thumb Code    38  iky_encrypt.o(i.HashMD5)
    Host_LowLevelDelay                       0x000187af   Thumb Code     8  cy8cmbr3xxx_hostfunctions.o(i.Host_LowLevelDelay)
    Host_LowLevelRead                        0x000187b7   Thumb Code    18  cy8cmbr3xxx_hostfunctions.o(i.Host_LowLevelRead)
    Host_LowLevelWrite                       0x000187c9   Thumb Code    18  cy8cmbr3xxx_hostfunctions.o(i.Host_LowLevelWrite)
    I2CMasterRead                            0x000187dd   Thumb Code   118  i2c_driver.o(i.I2CMasterRead)
    I2C___BlockRead                          0x00018859   Thumb Code    58  i2c_driver.o(i.I2C___BlockRead)
    I2C___BlockWrite                         0x00018893   Thumb Code    62  i2c_driver.o(i.I2C___BlockWrite)
    I2C_init                                 0x000188d1   Thumb Code    10  i2c_driver.o(i.I2C_init)
    I2C_nack                                 0x000188db   Thumb Code    46  i2c_driver.o(i.I2C_nack)
    I2C_read                                 0x00018909   Thumb Code    36  i2c_driver.o(i.I2C_read)
    I2C_start                                0x0001892d   Thumb Code    46  i2c_driver.o(i.I2C_start)
    I2C_stop                                 0x0001895b   Thumb Code    34  i2c_driver.o(i.I2C_stop)
    I2C_write                                0x0001897d   Thumb Code    98  i2c_driver.o(i.I2C_write)
    IKY_BLE_ParserPacket                     0x000189e5   Thumb Code   128  iky_ble_app.o(i.IKY_BLE_ParserPacket)
    IKY_BLE_ProcessData                      0x00018a65   Thumb Code   522  iky_ble_app.o(i.IKY_BLE_ProcessData)
    IKY_BLE_PutData                          0x00018ca5   Thumb Code    82  iky_ble_app.o(i.IKY_BLE_PutData)
    IKY_BLE_PutReport                        0x00018cf9   Thumb Code   102  iky_ble_app.o(i.IKY_BLE_PutReport)
    IKY_BLE_Rx_Callback                      0x00018d65   Thumb Code    34  iky_ble_app.o(i.IKY_BLE_Rx_Callback)
    IKY_BLE_Task                             0x00018d8d   Thumb Code   222  iky_ble_app.o(i.IKY_BLE_Task)
    IKY_BLE_TaskInit                         0x00018e95   Thumb Code    92  iky_ble_app.o(i.IKY_BLE_TaskInit)
    IKY_CalcCheckSum                         0x00018ef9   Thumb Code    24  iky_encrypt.o(i.IKY_CalcCheckSum)
    IKY_CalcPINBlock                         0x00018f11   Thumb Code   118  iky_encrypt.o(i.IKY_CalcPINBlock)
    IKY_Decrypt                              0x00018f87   Thumb Code   104  iky_encrypt.o(i.IKY_Decrypt)
    IOFilter_Init                            0x00018fef   Thumb Code    24  io_control.o(i.IOFilter_Init)
    IOFilter_Update                          0x00019007   Thumb Code    98  io_control.o(i.IOFilter_Update)
    IO_GetStatusOnRAM                        0x00019069   Thumb Code    14  io_control.o(i.IO_GetStatusOnRAM)
    IO_ReadStatusOnRAM                       0x0001907d   Thumb Code    30  io_control.o(i.IO_ReadStatusOnRAM)
    IO_ToggleProcess                         0x000190a1   Thumb Code    66  io_control.o(i.IO_ToggleProcess)
    IO_ToggleSetStatus                       0x000190e3   Thumb Code    18  io_control.o(i.IO_ToggleSetStatus)
    IO_ToggleStatusOnRAM                     0x000190f5   Thumb Code    22  io_control.o(i.IO_ToggleStatusOnRAM)
    IO_UpdateStatusOnRAM                     0x00019111   Thumb Code    42  io_control.o(i.IO_UpdateStatusOnRAM)
    InitTimeout                              0x00019145   Thumb Code    14  sys_tick.o(i.InitTimeout)
    QDEC_IRQHandler                          0x000191b9   Thumb Code    34  event_handler.o(i.QDEC_IRQHandler)
    RINGBUF_Get                              0x000191e1   Thumb Code    44  ringbuf.o(i.RINGBUF_Get)
    RINGBUF_Init                             0x0001920d   Thumb Code    32  ringbuf.o(i.RINGBUF_Init)
    RINGBUF_Put                              0x0001922d   Thumb Code    38  ringbuf.o(i.RINGBUF_Put)
    RTC1_IRQHandler                          0x00019255   Thumb Code    28  app_timer.o(i.RTC1_IRQHandler)
    ResetMcuSet                              0x00019275   Thumb Code    18  system_config.o(i.ResetMcuSet)
    ResetMcuTask                             0x00019291   Thumb Code    70  system_config.o(i.ResetMcuTask)
    SWI0_IRQHandler                          0x000192ed   Thumb Code     8  app_timer.o(i.SWI0_IRQHandler)
    SWI2_IRQHandler                          0x000192f5   Thumb Code    32  softdevice_handler.o(i.SWI2_IRQHandler)
    SysTick___Task                           0x00019319   Thumb Code    10  sys_tick.o(i.SysTick___Task)
    SystemInit                               0x00019329   Thumb Code   130  system_nrf51.o(i.SystemInit)
    TDES_encrypt                             0x000193c9   Thumb Code   112  d3des.o(i.TDES_encrypt)
    TDES_keyschedule_dec                     0x00019441   Thumb Code    40  d3des.o(i.TDES_keyschedule_dec)
    TIMER0_IRQHandler                        0x00019471   Thumb Code    12  nrf_drv_timer.o(i.TIMER0_IRQHandler)
    TIMER1_IRQHandler                        0x00019481   Thumb Code    12  nrf_drv_timer.o(i.TIMER1_IRQHandler)
    __0sprintf$3                             0x00019491   Thumb Code    36  printf3.o(i.__0sprintf$3)
    __1sprintf$3                             0x00019491   Thumb Code     0  printf3.o(i.__0sprintf$3)
    __2sprintf                               0x00019491   Thumb Code     0  printf3.o(i.__0sprintf$3)
    __ARM_common_switch8                     0x000194b9   Thumb Code    26  system_config.o(i.__ARM_common_switch8)
    __scatterload_copy                       0x000194d3   Thumb Code    14  handlers.o(i.__scatterload_copy)
    __scatterload_null                       0x000194e1   Thumb Code     2  handlers.o(i.__scatterload_null)
    __scatterload_zeroinit                   0x000194e3   Thumb Code    14  handlers.o(i.__scatterload_zeroinit)
    adv_data_encode                          0x00019705   Thumb Code   534  ble_advdata.o(i.adv_data_encode)
    app_error_handler                        0x00019989   Thumb Code    18  app_error.o(i.app_error_handler)
    app_gpiote_init                          0x000199a5   Thumb Code    60  app_gpiote.o(i.app_gpiote_init)
    app_pwm_busy_check                       0x00019a3d   Thumb Code    54  app_pwm.o(i.app_pwm_busy_check)
    app_pwm_channel_duty_set                 0x00019a79   Thumb Code    32  app_pwm.o(i.app_pwm_channel_duty_set)
    app_pwm_channel_duty_ticks_set           0x00019a99   Thumb Code   184  app_pwm.o(i.app_pwm_channel_duty_ticks_set)
    app_pwm_enable                           0x00019c39   Thumb Code   116  app_pwm.o(i.app_pwm_enable)
    app_pwm_init                             0x00019cb1   Thumb Code   356  app_pwm.o(i.app_pwm_init)
    app_timer_create                         0x00019e25   Thumb Code    40  app_timer.o(i.app_timer_create)
    app_timer_init                           0x00019e51   Thumb Code   126  app_timer.o(i.app_timer_init)
    app_timer_start                          0x00019ee1   Thumb Code   114  app_timer.o(i.app_timer_start)
    app_timer_stop                           0x00019f5d   Thumb Code    78  app_timer.o(i.app_timer_stop)
    application_timers_start                 0x00019fb1   Thumb Code    52  main.o(i.application_timers_start)
    ble_advdata_set                          0x0001a10f   Thumb Code   104  ble_advdata.o(i.ble_advdata_set)
    ble_advertising_init                     0x0001a179   Thumb Code   284  ble_advertising.o(i.ble_advertising_init)
    ble_advertising_on_ble_evt               0x0001a29d   Thumb Code   112  ble_advertising.o(i.ble_advertising_on_ble_evt)
    ble_advertising_on_sys_evt               0x0001a311   Thumb Code    42  ble_advertising.o(i.ble_advertising_on_sys_evt)
    ble_advertising_start                    0x0001a351   Thumb Code   470  ble_advertising.o(i.ble_advertising_start)
    ble_conn_params_init                     0x0001a531   Thumb Code    68  ble_conn_params.o(i.ble_conn_params_init)
    ble_conn_params_on_ble_evt               0x0001a585   Thumb Code   132  ble_conn_params.o(i.ble_conn_params_on_ble_evt)
    ble_nus_init                             0x0001a69d   Thumb Code    98  ble_nus.o(i.ble_nus_init)
    ble_nus_on_ble_evt                       0x0001a705   Thumb Code    88  ble_nus.o(i.ble_nus_on_ble_evt)
    ble_nus_send_task                        0x0001a75d   Thumb Code   112  main.o(i.ble_nus_send_task)
    ble_nus_string_send                      0x0001a7d9   Thumb Code    78  ble_nus.o(i.ble_nus_string_send)
    boards_init                              0x0001a895   Thumb Code    60  main.o(i.boards_init)
    button_1_update_event_handler            0x0001a8d9   Thumb Code   114  main.o(i.button_1_update_event_handler)
    button_2_update_event_handler            0x0001a969   Thumb Code   112  main.o(i.button_2_update_event_handler)
    button_3_update_event_handler            0x0001a9f9   Thumb Code    68  main.o(i.button_3_update_event_handler)
    event_handler_critical_section_begin     0x0001b3e9   Thumb Code    36  event_handler.o(i.event_handler_critical_section_begin)
    event_handler_critical_section_end       0x0001b415   Thumb Code    36  event_handler.o(i.event_handler_critical_section_end)
    event_handler_init                       0x0001b441   Thumb Code    84  event_handler.o(i.event_handler_init)
    event_handler_on_ts_begin                0x0001b4a5   Thumb Code    34  event_handler.o(i.event_handler_on_ts_begin)
    event_handler_push                       0x0001b4d1   Thumb Code    62  event_handler.o(i.event_handler_push)
    fifo_get_len                             0x0001b519   Thumb Code     8  fifo.o(i.fifo_get_len)
    fifo_init                                0x0001b521   Thumb Code    28  fifo.o(i.fifo_init)
    fifo_is_empty                            0x0001b53d   Thumb Code    16  fifo.o(i.fifo_is_empty)
    fifo_peek                                0x0001b54d   Thumb Code    10  fifo.o(i.fifo_peek)
    fifo_peek_at                             0x0001b557   Thumb Code    78  fifo.o(i.fifo_peek_at)
    fifo_pop                                 0x0001b5a5   Thumb Code    84  fifo.o(i.fifo_pop)
    fifo_push                                0x0001b5f9   Thumb Code    88  fifo.o(i.fifo_push)
    handle_storage_flag_get                  0x0001b969   Thumb Code   104  handle_storage.o(i.handle_storage_flag_get)
    handle_storage_flag_set                  0x0001b9d9   Thumb Code   284  handle_storage.o(i.handle_storage_flag_set)
    handle_storage_flag_set_async            0x0001bafd   Thumb Code    26  handle_storage.o(i.handle_storage_flag_set_async)
    handle_storage_info_get                  0x0001bb19   Thumb Code   110  handle_storage.o(i.handle_storage_info_get)
    handle_storage_info_set                  0x0001bb91   Thumb Code   132  handle_storage.o(i.handle_storage_info_set)
    handle_storage_init                      0x0001bc1d   Thumb Code   128  handle_storage.o(i.handle_storage_init)
    handle_storage_local_packet_push         0x0001bca9   Thumb Code    52  handle_storage.o(i.handle_storage_local_packet_push)
    handle_storage_min_interval_set          0x0001bce1   Thumb Code    30  handle_storage.o(i.handle_storage_min_interval_set)
    handle_storage_next_timeout_get          0x0001bd09   Thumb Code    82  handle_storage.o(i.handle_storage_next_timeout_get)
    handle_storage_rx_consistent             0x0001bd65   Thumb Code    62  handle_storage.o(i.handle_storage_rx_consistent)
    handle_storage_rx_inconsistent           0x0001bdad   Thumb Code    62  handle_storage.o(i.handle_storage_rx_inconsistent)
    handle_storage_transmitted               0x0001bdf5   Thumb Code    62  handle_storage.o(i.handle_storage_transmitted)
    handle_storage_tx_packets_get            0x0001be3d   Thumb Code   154  handle_storage.o(i.handle_storage_tx_packets_get)
    intern_softdevice_events_execute         0x0001bf5d   Thumb Code   124  softdevice_handler.o(i.intern_softdevice_events_execute)
    io_control_init                          0x0001bfdd   Thumb Code   150  main.o(i.io_control_init)
    led_proximity_set_state                  0x0001c1f5   Thumb Code   122  main.o(i.led_proximity_set_state)
    local_packet_push                        0x0001c419   Thumb Code   108  handle_storage.o(i.local_packet_push)
    main                                     0x0001c48d   Thumb Code   710  main.o(i.main)
    md5_append                               0x0001c855   Thumb Code   130  md5.o(i.md5_append)
    md5_finish                               0x0001c8d9   Thumb Code    88  md5.o(i.md5_finish)
    md5_init                                 0x0001c935   Thumb Code    28  md5.o(i.md5_init)
    mesh_comm_address_is_valid               0x0001d101   Thumb Code    20  mesh_comm.o(i.mesh_comm_address_is_valid)
    mesh_comm_parser_payload                 0x0001d119   Thumb Code   336  mesh_comm.o(i.mesh_comm_parser_payload)
    mesh_comm_update_tx_payload              0x0001d295   Thumb Code    22  mesh_comm.o(i.mesh_comm_update_tx_payload)
    mesh_gatt_init                           0x0001d365   Thumb Code    62  mesh_gatt.o(i.mesh_gatt_init)
    mesh_gatt_sd_ble_event_handle            0x0001d3b5   Thumb Code   384  mesh_gatt.o(i.mesh_gatt_sd_ble_event_handle)
    mesh_gatt_value_set                      0x0001d541   Thumb Code    56  mesh_gatt.o(i.mesh_gatt_value_set)
    mesh_packet_acquire                      0x0001d65d   Thumb Code    74  mesh_packet.o(i.mesh_packet_acquire)
    mesh_packet_adv_data_get                 0x0001d6b1   Thumb Code    72  mesh_packet.o(i.mesh_packet_adv_data_get)
    mesh_packet_adv_data_sanitize            0x0001d6fd   Thumb Code    58  mesh_packet.o(i.mesh_packet_adv_data_sanitize)
    mesh_packet_build                        0x0001d739   Thumb Code   108  mesh_packet.o(i.mesh_packet_build)
    mesh_packet_has_additional_data          0x0001d7a9   Thumb Code    56  mesh_packet.o(i.mesh_packet_has_additional_data)
    mesh_packet_init                         0x0001d7e5   Thumb Code    16  mesh_packet.o(i.mesh_packet_init)
    mesh_packet_ref_count_dec                0x0001d7f9   Thumb Code    78  mesh_packet.o(i.mesh_packet_ref_count_dec)
    mesh_packet_ref_count_inc                0x0001d851   Thumb Code    70  mesh_packet.o(i.mesh_packet_ref_count_inc)
    mesh_packet_set_local_addr               0x0001d8a1   Thumb Code    46  mesh_packet.o(i.mesh_packet_set_local_addr)
    mesh_packet_take_ownership               0x0001d8cf   Thumb Code    26  mesh_packet.o(i.mesh_packet_take_ownership)
    nrf_delay_ms                             0x0001da29   Thumb Code    24  nrf_delay.o(i.nrf_delay_ms)
    nrf_drv_common_irq_enable                0x0001da45   Thumb Code    78  nrf_drv_common.o(i.nrf_drv_common_irq_enable)
    nrf_drv_gpiote_init                      0x0001daa5   Thumb Code    76  nrf_drv_gpiote.o(i.nrf_drv_gpiote_init)
    nrf_drv_gpiote_is_init                   0x0001daf9   Thumb Code    12  nrf_drv_gpiote.o(i.nrf_drv_gpiote_is_init)
    nrf_drv_gpiote_out_init                  0x0001db09   Thumb Code   136  nrf_drv_gpiote.o(i.nrf_drv_gpiote_out_init)
    nrf_drv_gpiote_out_task_addr_get         0x0001dba1   Thumb Code    16  nrf_drv_gpiote.o(i.nrf_drv_gpiote_out_task_addr_get)
    nrf_drv_gpiote_out_task_enable           0x0001dbb5   Thumb Code    38  nrf_drv_gpiote.o(i.nrf_drv_gpiote_out_task_enable)
    nrf_drv_gpiote_out_task_force            0x0001dbe5   Thumb Code    36  nrf_drv_gpiote.o(i.nrf_drv_gpiote_out_task_force)
    nrf_drv_gpiote_out_uninit                0x0001dc11   Thumb Code    60  nrf_drv_gpiote.o(i.nrf_drv_gpiote_out_uninit)
    nrf_drv_ppi_channel_alloc                0x0001dc55   Thumb Code   134  nrf_drv_ppi.o(i.nrf_drv_ppi_channel_alloc)
    nrf_drv_ppi_channel_assign               0x0001dce5   Thumb Code    58  nrf_drv_ppi.o(i.nrf_drv_ppi_channel_assign)
    nrf_drv_ppi_channel_disable              0x0001dd25   Thumb Code    52  nrf_drv_ppi.o(i.nrf_drv_ppi_channel_disable)
    nrf_drv_ppi_channel_enable               0x0001dd5d   Thumb Code    52  nrf_drv_ppi.o(i.nrf_drv_ppi_channel_enable)
    nrf_drv_ppi_channel_free                 0x0001dd95   Thumb Code   104  nrf_drv_ppi.o(i.nrf_drv_ppi_channel_free)
    nrf_drv_ppi_channels_include_in_group    0x0001de05   Thumb Code   128  nrf_drv_ppi.o(i.nrf_drv_ppi_channels_include_in_group)
    nrf_drv_ppi_channels_remove_from_group   0x0001de89   Thumb Code   128  nrf_drv_ppi.o(i.nrf_drv_ppi_channels_remove_from_group)
    nrf_drv_ppi_group_alloc                  0x0001df0d   Thumb Code   136  nrf_drv_ppi.o(i.nrf_drv_ppi_group_alloc)
    nrf_drv_ppi_group_enable                 0x0001df99   Thumb Code    44  nrf_drv_ppi.o(i.nrf_drv_ppi_group_enable)
    nrf_drv_ppi_group_free                   0x0001dfc9   Thumb Code   122  nrf_drv_ppi.o(i.nrf_drv_ppi_group_free)
    nrf_drv_ppi_init                         0x0001e04d   Thumb Code    20  nrf_drv_ppi.o(i.nrf_drv_ppi_init)
    nrf_drv_timer_capture_get                0x0001e065   Thumb Code    14  nrf_drv_timer.o(i.nrf_drv_timer_capture_get)
    nrf_drv_timer_capture_task_address_get   0x0001e073   Thumb Code    12  nrf_drv_timer.o(i.nrf_drv_timer_capture_task_address_get)
    nrf_drv_timer_clear                      0x0001e07f   Thumb Code     8  nrf_drv_timer.o(i.nrf_drv_timer_clear)
    nrf_drv_timer_compare                    0x0001e087   Thumb Code    42  nrf_drv_timer.o(i.nrf_drv_timer_compare)
    nrf_drv_timer_compare_event_address_get  0x0001e0b1   Thumb Code    14  nrf_drv_timer.o(i.nrf_drv_timer_compare_event_address_get)
    nrf_drv_timer_compare_int_disable        0x0001e0bf   Thumb Code    18  nrf_drv_timer.o(i.nrf_drv_timer_compare_int_disable)
    nrf_drv_timer_compare_int_enable         0x0001e0d1   Thumb Code    34  nrf_drv_timer.o(i.nrf_drv_timer_compare_int_enable)
    nrf_drv_timer_disable                    0x0001e0f5   Thumb Code    14  nrf_drv_timer.o(i.nrf_drv_timer_disable)
    nrf_drv_timer_enable                     0x0001e109   Thumb Code    16  nrf_drv_timer.o(i.nrf_drv_timer_enable)
    nrf_drv_timer_extended_compare           0x0001e11d   Thumb Code    46  nrf_drv_timer.o(i.nrf_drv_timer_extended_compare)
    nrf_drv_timer_init                       0x0001e14d   Thumb Code   154  nrf_drv_timer.o(i.nrf_drv_timer_init)
    nrf_drv_timer_uninit                     0x0001e23d   Thumb Code    86  nrf_drv_timer.o(i.nrf_drv_timer_uninit)
    nrf_drv_timer_us_to_ticks                0x0001e2a1   Thumb Code    22  nrf_drv_timer.o(i.nrf_drv_timer_us_to_ticks)
    proximity_1_update_event_handler         0x0001e5bd   Thumb Code     2  main.o(i.proximity_1_update_event_handler)
    pstorage_access_status_get               0x0001e5c1   Thumb Code    30  pstorage.o(i.pstorage_access_status_get)
    pstorage_block_identifier_get            0x0001e5e9   Thumb Code    74  pstorage.o(i.pstorage_block_identifier_get)
    pstorage_clear                           0x0001e641   Thumb Code   156  pstorage.o(i.pstorage_clear)
    pstorage_init                            0x0001e715   Thumb Code    74  pstorage.o(i.pstorage_init)
    pstorage_load                            0x0001e769   Thumb Code   158  pstorage.o(i.pstorage_load)
    pstorage_register                        0x0001e811   Thumb Code   180  pstorage.o(i.pstorage_register)
    pstorage_store                           0x0001e8cd   Thumb Code   134  pstorage.o(i.pstorage_store)
    pstorage_sys_event_handler               0x0001e95d   Thumb Code    72  pstorage.o(i.pstorage_sys_event_handler)
    pwm_ready_callback                       0x0001ea55   Thumb Code     8  main.o(i.pwm_ready_callback)
    pwm_ready_tick                           0x0001ea61   Thumb Code    82  app_pwm.o(i.pwm_ready_tick)
    radio_alt_aa_set                         0x0001ee19   Thumb Code     6  radio_control.o(i.radio_alt_aa_set)
    radio_disable                            0x0001ee25   Thumb Code    26  radio_control.o(i.radio_disable)
    radio_event_handler                      0x0001ee51   Thumb Code   216  radio_control.o(i.radio_event_handler)
    radio_init                               0x0001ef51   Thumb Code   174  radio_control.o(i.radio_init)
    radio_order                              0x0001f031   Thumb Code    78  radio_control.o(i.radio_order)
    rand_hw_rng_get                          0x0001f1c1   Thumb Code    66  rand.o(i.rand_hw_rng_get)
    rand_prng_get                            0x0001f203   Thumb Code    44  rand.o(i.rand_prng_get)
    rand_prng_seed                           0x0001f231   Thumb Code    50  rand.o(i.rand_prng_seed)
    rbc_mesh_ble_evt_handler                 0x0001f269   Thumb Code    16  rbc_mesh.o(i.rbc_mesh_ble_evt_handler)
    rbc_mesh_event_get                       0x0001f27d   Thumb Code    30  rbc_mesh.o(i.rbc_mesh_event_get)
    rbc_mesh_event_push                      0x0001f2a5   Thumb Code    70  rbc_mesh.o(i.rbc_mesh_event_push)
    rbc_mesh_event_release                   0x0001f2f5   Thumb Code    32  rbc_mesh.o(i.rbc_mesh_event_release)
    rbc_mesh_init                            0x0001f315   Thumb Code   176  rbc_mesh.o(i.rbc_mesh_init)
    rbc_mesh_sd_evt_handler                  0x0001f3d1   Thumb Code     8  rbc_mesh.o(i.rbc_mesh_sd_evt_handler)
    rbc_mesh_tx_event_set                    0x0001f3d9   Thumb Code    30  rbc_mesh.o(i.rbc_mesh_tx_event_set)
    rbc_mesh_value_enable                    0x0001f401   Thumb Code    18  rbc_mesh.o(i.rbc_mesh_value_enable)
    rbc_mesh_value_set                       0x0001f419   Thumb Code    50  rbc_mesh.o(i.rbc_mesh_value_set)
    softdevice_assertion_handler             0x0001f7dd   Thumb Code    12  softdevice_handler.o(i.softdevice_assertion_handler)
    softdevice_ble_evt_handler_set           0x0001f7e9   Thumb Code    16  softdevice_handler.o(i.softdevice_ble_evt_handler_set)
    softdevice_handler_init                  0x0001f7fd   Thumb Code    40  softdevice_handler.o(i.softdevice_handler_init)
    softdevice_sys_evt_handler_set           0x0001f82d   Thumb Code    16  softdevice_handler.o(i.softdevice_sys_evt_handler_set)
    start_time_update                        0x0001f841   Thumb Code    78  timeslot.o(i.start_time_update)
    system_config_calc_checksum              0x0001fa93   Thumb Code     4  system_config.o(i.system_config_calc_checksum)
    tc_init                                  0x0001fb21   Thumb Code    14  transport_control.o(i.tc_init)
    tc_on_ts_begin                           0x0001fb35   Thumb Code    14  transport_control.o(i.tc_on_ts_begin)
    tc_packet_handler                        0x0001fb51   Thumb Code   188  transport_control.o(i.tc_packet_handler)
    tc_radio_params_set                      0x0001fc15   Thumb Code    22  transport_control.o(i.tc_radio_params_set)
    tc_tx                                    0x0001fc31   Thumb Code   106  transport_control.o(i.tc_tx)
    timer_abort                              0x0001fc9d   Thumb Code    86  timer.o(i.timer_abort)
    timer_btn_1_event_handler                0x0001fd05   Thumb Code    38  main.o(i.timer_btn_1_event_handler)
    timer_btn_2_event_handler                0x0001fd3d   Thumb Code    38  main.o(i.timer_btn_2_event_handler)
    timer_event_handler                      0x0001fd85   Thumb Code   106  timer.o(i.timer_event_handler)
    timer_now                                0x0001fef9   Thumb Code    46  timer.o(i.timer_now)
    timer_on_ts_begin                        0x0001ff39   Thumb Code   178  timer.o(i.timer_on_ts_begin)
    timer_on_ts_end                          0x00020005   Thumb Code    44  timer.o(i.timer_on_ts_end)
    timer_order_cb                           0x00020039   Thumb Code    88  timer.o(i.timer_order_cb)
    timer_sch_init                           0x0002009d   Thumb Code     8  timer_scheduler.o(i.timer_sch_init)
    timer_sch_reschedule                     0x000200a9   Thumb Code    68  timer_scheduler.o(i.timer_sch_reschedule)
    timer_systick_event_handler              0x00020135   Thumb Code     8  main.o(i.timer_systick_event_handler)
    timer_touch_event_handler                0x000201c1   Thumb Code   184  main.o(i.timer_touch_event_handler)
    timers_init                              0x000202a1   Thumb Code   122  main.o(i.timers_init)
    timeslot_end_time_get                    0x00020355   Thumb Code    20  timeslot.o(i.timeslot_end_time_get)
    timeslot_init                            0x0002036d   Thumb Code    84  timeslot.o(i.timeslot_init)
    timeslot_is_in_ts                        0x000203c9   Thumb Code     6  timeslot.o(i.timeslot_is_in_ts)
    timeslot_restart                         0x000203d5   Thumb Code    34  timeslot.o(i.timeslot_restart)
    timeslot_resume                          0x00020401   Thumb Code    44  timeslot.o(i.timeslot_resume)
    timeslot_sd_event_handler                0x00020439   Thumb Code    48  timeslot.o(i.timeslot_sd_event_handler)
    trickle_disable                          0x000204e9   Thumb Code     6  trickle.o(i.trickle_disable)
    trickle_enable                           0x000204ef   Thumb Code    18  trickle.o(i.trickle_enable)
    trickle_is_enabled                       0x00020501   Thumb Code    14  trickle.o(i.trickle_is_enabled)
    trickle_rx_consistent                    0x0002050f   Thumb Code    30  trickle.o(i.trickle_rx_consistent)
    trickle_rx_inconsistent                  0x0002052d   Thumb Code    30  trickle.o(i.trickle_rx_inconsistent)
    trickle_setup                            0x00020551   Thumb Code    18  trickle.o(i.trickle_setup)
    trickle_timer_reset                      0x0002056d   Thumb Code    74  trickle.o(i.trickle_timer_reset)
    trickle_tx_register                      0x000205bd   Thumb Code    38  trickle.o(i.trickle_tx_register)
    trickle_tx_timeout                       0x000205e9   Thumb Code    64  trickle.o(i.trickle_tx_timeout)
    update_mesh_comm_address                 0x00020739   Thumb Code    26  mesh_comm.o(i.update_mesh_comm_address)
    version_delta                            0x0002091d   Thumb Code    68  version_handler.o(i.version_delta)
    vh_init                                  0x00020965   Thumb Code    62  version_handler.o(i.vh_init)
    vh_local_update                          0x000209b5   Thumb Code    86  version_handler.o(i.vh_local_update)
    vh_min_interval_set                      0x00020a11   Thumb Code     8  version_handler.o(i.vh_min_interval_set)
    vh_order_update                          0x00020a19   Thumb Code    30  version_handler.o(i.vh_order_update)
    vh_rx                                    0x00020a3d   Thumb Code   342  version_handler.o(i.vh_rx)
    vh_tx_event_flag_get                     0x00020b95   Thumb Code    52  version_handler.o(i.vh_tx_event_flag_get)
    vh_tx_event_set                          0x00020bd1   Thumb Code    52  version_handler.o(i.vh_tx_event_set)
    vh_value_disable                         0x00020c0d   Thumb Code    50  version_handler.o(i.vh_value_disable)
    vh_value_enable                          0x00020c49   Thumb Code    34  version_handler.o(i.vh_value_enable)
    vh_value_is_enabled                      0x00020c75   Thumb Code    66  version_handler.o(i.vh_value_is_enabled)
    vh_value_persistence_get                 0x00020cc1   Thumb Code    52  version_handler.o(i.vh_value_persistence_get)
    vh_value_persistence_set                 0x00020cfd   Thumb Code    34  version_handler.o(i.vh_value_persistence_set)
    PWM1                                     0x00020d48   Data           8  main.o(.constdata)
    CY8CMBR3108_LQXI_configuration           0x00020d50   Data         128  main.o(.constdata)
    m_pwm_PWM1_timer                         0x00020de4   Data           8  main.o(.constdata)
    bytebit                                  0x00020e44   Data          16  d3des.o(.constdata)
    bigbyte                                  0x00020e54   Data          96  d3des.o(.constdata)
    pc1                                      0x00020eb4   Data          56  d3des.o(.constdata)
    totrot                                   0x00020eec   Data          16  d3des.o(.constdata)
    pc2                                      0x00020efc   Data          48  d3des.o(.constdata)
    SP1                                      0x00020f2c   Data         256  d3des.o(.constdata)
    SP2                                      0x0002102c   Data         256  d3des.o(.constdata)
    SP3                                      0x0002112c   Data         256  d3des.o(.constdata)
    SP4                                      0x0002122c   Data         256  d3des.o(.constdata)
    SP5                                      0x0002132c   Data         256  d3des.o(.constdata)
    SP6                                      0x0002142c   Data         256  d3des.o(.constdata)
    SP7                                      0x0002152c   Data         256  d3des.o(.constdata)
    SP8                                      0x0002162c   Data         256  d3des.o(.constdata)
    Region$$Table$$Base                      0x000217a0   Number         0  anon$$obj.o(Region$$Table)
    Region$$Table$$Limit                     0x000217c0   Number         0  anon$$obj.o(Region$$Table)
    CY8CMBR3xxx_isOK                         0x20002000   Data           1  main.o(.data)
    buzzer_status                            0x20002001   Data           1  main.o(.data)
    m_nus_xfer_done                          0x20002002   Data           1  main.o(.data)
    ledProximityState                        0x20002003   Data           1  main.o(.data)
    my_addr                                  0x2000200c   Data           7  main.o(.data)
    sysResetMcuFlag                          0x20002014   Data           1  system_config.o(.data)
    system_config_change                     0x20002015   Data           1  system_config.o(.data)
    m_pwm_ready_counter                      0x2000208a   Data           4  app_pwm.o(.data)
    rsPINState                               0x200020fc   Data           1  iky_ble_app.o(.data)
    reportFlag                               0x20002100   Data           4  iky_ble_app.o(.data)
    IKYBLE__ParserPacket                     0x20002104   Data           6  iky_ble_app.o(.data)
    IKYBLE__ProtoSend                        0x2000210a   Data           8  iky_ble_app.o(.data)
    IKYBLE__ProtoRecv                        0x20002112   Data           8  iky_ble_app.o(.data)
    IKYBLE__ProtoReport                      0x2000211a   Data           8  iky_ble_app.o(.data)
    sysTickTimeSec                           0x20002128   Data           4  sys_tick.o(.data)
    sysTickCounter32                         0x2000212c   Data           4  sys_tick.o(.data)
    sysTickCounter64                         0x20002130   Data           8  sys_tick.o(.data)
    SystemCoreClock                          0x200021fc   Data           4  system_nrf51.o(.data)
    sensorStatus                             0x200024e8   Data          10  main.o(.bss)
    tTouchReinitTimeout                      0x200024f4   Data          12  main.o(.bss)
    tStopCheckProximityTimeout               0x20002500   Data          12  main.o(.bss)
    tButtonTouchTimeout                      0x2000250c   Data          12  main.o(.bss)
    m_pwm_PWM1_cb                            0x20002518   Data          36  main.o(.bss)
    io_led_red_1                             0x2000253c   Data          24  io_control.o(.bss)
    io_buzzer                                0x20002554   Data          24  io_control.o(.bss)
    io_btn_1                                 0x2000256c   Data          12  io_control.o(.bss)
    io_btn_2                                 0x20002578   Data          12  io_control.o(.bss)
    io_btn_3                                 0x20002584   Data          12  io_control.o(.bss)
    io_proximity_1                           0x20002590   Data          12  io_control.o(.bss)
    sysCfg                                   0x200025a8   Data          32  system_config.o(.bss)
    mesh_comm_tx_payload                     0x200025c8   Data           9  mesh_comm.o(.bss)
    IKYBLE__ProtoSend_Buff                   0x200029b4   Data          32  iky_ble_app.o(.bss)
    IKYBLE__ProtoRecv_Buff                   0x200029d4   Data          32  iky_ble_app.o(.bss)
    IKYBLE__ProtoReport_Buff                 0x200029f4   Data          32  iky_ble_app.o(.bss)
    IKYBLE_TxRingBuf                         0x20002a14   Data          16  iky_ble_app.o(.bss)
    IKYBLE__TxBuf                            0x20002a24   Data          64  iky_ble_app.o(.bss)
    __initial_sp                             0x20003dc8   Data           0  arm_startup_nrf51.o(STACK)
    ioRelay_1_Status                         0x20003f00   Data           4  main.o(.ARM.__AT_0x20003F00)
    ioRelay_2_Status                         0x20003f04   Data           4  main.o(.ARM.__AT_0x20003F04)
    ioRelay_3_Status                         0x20003f08   Data           4  main.o(.ARM.__AT_0x20003F08)
    ioRelay_4_Status                         0x20003f0c   Data           4  main.o(.ARM.__AT_0x20003F0C)
    bootModeFlag                             0x20003ffc   Data           4  main.o(.ARM.__AT_0x20003FFC)



==============================================================================

Memory Map of the image

  Image Entry point : 0x000180c1

  Load Region LR_IROM1 (Base: 0x00018000, Size: 0x000099c0, Max: 0x00021000, ABSOLUTE, COMPRESSED[0x000097ec])

    Execution Region ER_IROM1 (Base: 0x00018000, Size: 0x000097c0, Max: 0x00021000, ABSOLUTE)

    Base Addr    Size         Type   Attr      Idx    E Section Name        Object

    0x00018000   0x000000c0   Data   RO         4636    RESET               arm_startup_nrf51.o
    0x000180c0   0x00000000   Code   RO         4678  * .ARM.Collect$$$$00000000  mc_p.l(entry.o)
    0x000180c0   0x00000004   Code   RO         4971    .ARM.Collect$$$$00000001  mc_p.l(entry2.o)
    0x000180c4   0x00000004   Code   RO         4974    .ARM.Collect$$$$00000004  mc_p.l(entry5.o)
    0x000180c8   0x00000000   Code   RO         4976    .ARM.Collect$$$$00000008  mc_p.l(entry7b.o)
    0x000180c8   0x00000000   Code   RO         4978    .ARM.Collect$$$$0000000A  mc_p.l(entry8b.o)
    0x000180c8   0x00000008   Code   RO         4979    .ARM.Collect$$$$0000000B  mc_p.l(entry9a.o)
    0x000180d0   0x00000000   Code   RO         4981    .ARM.Collect$$$$0000000D  mc_p.l(entry10a.o)
    0x000180d0   0x00000000   Code   RO         4983    .ARM.Collect$$$$0000000F  mc_p.l(entry11a.o)
    0x000180d0   0x00000004   Code   RO         4972    .ARM.Collect$$$$00002712  mc_p.l(entry2.o)
    0x000180d4   0x0000001e   Code   RO         1055    .emb_text           nrf_delay.o
    0x000180f2   0x00000002   PAD
    0x000180f4   0x0000001e   Code   RO         2443    .emb_text           app_timer.o
    0x00018112   0x00000002   PAD
    0x00018114   0x00000038   Code   RO         4637    .text               arm_startup_nrf51.o
    0x0001814c   0x0000002c   Code   RO         4686    .text               mc_p.l(uidiv.o)
    0x00018178   0x00000028   Code   RO         4688    .text               mc_p.l(idiv.o)
    0x000181a0   0x0000007a   Code   RO         4690    .text               mc_p.l(llmul.o)
    0x0001821a   0x00000024   Code   RO         4692    .text               mc_p.l(memcpya.o)
    0x0001823e   0x00000024   Code   RO         4694    .text               mc_p.l(memseta.o)
    0x00018262   0x0000000e   Code   RO         4696    .text               mc_p.l(strlen.o)
    0x00018270   0x0000001a   Code   RO         4700    .text               mc_p.l(memcmp.o)
    0x0001828a   0x00000014   Code   RO         4967    .text               mc_p.l(uread4.o)
    0x0001829e   0x00000012   Code   RO         4969    .text               mc_p.l(uwrite4.o)
    0x000182b0   0x00000020   Code   RO         4988    .text               mc_p.l(llshl.o)
    0x000182d0   0x00000024   Code   RO         5002    .text               mc_p.l(init.o)
    0x000182f4   0x00000056   Code   RO         5020    .text               mc_p.l(__dczerorl2.o)
    0x0001834a   0x00000002   PAD
    0x0001834c   0x000000b0   Code   RO          570    i.CFG_Load          system_config.o
    0x000183fc   0x00000044   Code   RO          572    i.CFG_Save_Task     system_config.o
    0x00018440   0x000000b4   Code   RO         2653    i.CY8CMBR3xxx_Configure  cy8cmbr3xxx_apis.o
    0x000184f4   0x00000074   Code   RO         2658    i.CY8CMBR3xxx_ReadSensorStatus  cy8cmbr3xxx_apis.o
    0x00018568   0x00000024   Code   RO         2659    i.CY8CMBR3xxx_SendCommand  cy8cmbr3xxx_apis.o
    0x0001858c   0x00000068   Code   RO         2661    i.CY8CMBR3xxx_VerifyDeviceOnBus  cy8cmbr3xxx_apis.o
    0x000185f4   0x0000005a   Code   RO         2664    i.CY8CMRB3xxx_CheckCommandStatus  cy8cmbr3xxx_apis.o
    0x0001864e   0x00000002   PAD
    0x00018650   0x00000030   Code   RO         3201    i.CheckTimeout      sys_tick.o
    0x00018680   0x00000108   Code   RO         1105    i.GPIOTE_IRQHandler  nrf_drv_gpiote.o
    0x00018788   0x00000026   Code   RO         3009    i.HashMD5           iky_encrypt.o
    0x000187ae   0x00000008   Code   RO         2763    i.Host_LowLevelDelay  cy8cmbr3xxx_hostfunctions.o
    0x000187b6   0x00000012   Code   RO         2764    i.Host_LowLevelRead  cy8cmbr3xxx_hostfunctions.o
    0x000187c8   0x00000012   Code   RO         2765    i.Host_LowLevelWrite  cy8cmbr3xxx_hostfunctions.o
    0x000187da   0x00000002   PAD
    0x000187dc   0x0000007c   Code   RO         2822    i.I2CMasterRead     i2c_driver.o
    0x00018858   0x0000003a   Code   RO         2825    i.I2C___BlockRead   i2c_driver.o
    0x00018892   0x0000003e   Code   RO         2826    i.I2C___BlockWrite  i2c_driver.o
    0x000188d0   0x0000000a   Code   RO         2829    i.I2C_init          i2c_driver.o
    0x000188da   0x0000002e   Code   RO         2830    i.I2C_nack          i2c_driver.o
    0x00018908   0x00000024   Code   RO         2831    i.I2C_read          i2c_driver.o
    0x0001892c   0x0000002e   Code   RO         2833    i.I2C_start         i2c_driver.o
    0x0001895a   0x00000022   Code   RO         2834    i.I2C_stop          i2c_driver.o
    0x0001897c   0x00000068   Code   RO         2835    i.I2C_write         i2c_driver.o
    0x000189e4   0x00000080   Code   RO         3089    i.IKY_BLE_ParserPacket  iky_ble_app.o
    0x00018a64   0x00000240   Code   RO         3090    i.IKY_BLE_ProcessData  iky_ble_app.o
    0x00018ca4   0x00000052   Code   RO         3091    i.IKY_BLE_PutData   iky_ble_app.o
    0x00018cf6   0x00000002   PAD
    0x00018cf8   0x0000006c   Code   RO         3092    i.IKY_BLE_PutReport  iky_ble_app.o
    0x00018d64   0x00000028   Code   RO         3093    i.IKY_BLE_Rx_Callback  iky_ble_app.o
    0x00018d8c   0x00000108   Code   RO         3094    i.IKY_BLE_Task      iky_ble_app.o
    0x00018e94   0x00000064   Code   RO         3095    i.IKY_BLE_TaskInit  iky_ble_app.o
    0x00018ef8   0x00000018   Code   RO         3010    i.IKY_CalcCheckSum  iky_encrypt.o
    0x00018f10   0x00000076   Code   RO         3011    i.IKY_CalcPINBlock  iky_encrypt.o
    0x00018f86   0x00000068   Code   RO         3013    i.IKY_Decrypt       iky_encrypt.o
    0x00018fee   0x00000018   Code   RO          476    i.IOFilter_Init     io_control.o
    0x00019006   0x00000062   Code   RO          477    i.IOFilter_Update   io_control.o
    0x00019068   0x00000014   Code   RO          478    i.IO_GetStatusOnRAM  io_control.o
    0x0001907c   0x00000024   Code   RO          479    i.IO_ReadStatusOnRAM  io_control.o
    0x000190a0   0x00000042   Code   RO          480    i.IO_ToggleProcess  io_control.o
    0x000190e2   0x00000012   Code   RO          481    i.IO_ToggleSetStatus  io_control.o
    0x000190f4   0x0000001c   Code   RO          482    i.IO_ToggleStatusOnRAM  io_control.o
    0x00019110   0x00000034   Code   RO          483    i.IO_UpdateStatusOnRAM  io_control.o
    0x00019144   0x00000014   Code   RO         3202    i.InitTimeout       sys_tick.o
    0x00019158   0x00000044   Code   RO         2444    i.NVIC_SetPriority  app_timer.o
    0x0001919c   0x0000001c   Code   RO          573    i.NVIC_SystemReset  system_config.o
    0x000191b8   0x00000028   Code   RO         3275    i.QDEC_IRQHandler   event_handler.o
    0x000191e0   0x0000002c   Code   RO         3167    i.RINGBUF_Get       ringbuf.o
    0x0001920c   0x00000020   Code   RO         3169    i.RINGBUF_Init      ringbuf.o
    0x0001922c   0x00000026   Code   RO         3170    i.RINGBUF_Put       ringbuf.o
    0x00019252   0x00000002   PAD
    0x00019254   0x00000020   Code   RO         2445    i.RTC1_IRQHandler   app_timer.o
    0x00019274   0x0000001c   Code   RO          574    i.ResetMcuSet       system_config.o
    0x00019290   0x0000005c   Code   RO          575    i.ResetMcuTask      system_config.o
    0x000192ec   0x00000008   Code   RO         2446    i.SWI0_IRQHandler   app_timer.o
    0x000192f4   0x00000024   Code   RO         2583    i.SWI2_IRQHandler   softdevice_handler.o
    0x00019318   0x00000010   Code   RO         3209    i.SysTick___Task    sys_tick.o
    0x00019328   0x000000a0   Code   RO         4644    i.SystemInit        system_nrf51.o
    0x000193c8   0x00000078   Code   RO         2953    i.TDES_encrypt      d3des.o
    0x00019440   0x00000030   Code   RO         2954    i.TDES_keyschedule_dec  d3des.o
    0x00019470   0x00000010   Code   RO         1583    i.TIMER0_IRQHandler  nrf_drv_timer.o
    0x00019480   0x00000010   Code   RO         1584    i.TIMER1_IRQHandler  nrf_drv_timer.o
    0x00019490   0x00000028   Code   RO         4797    i.__0sprintf$3      mc_p.l(printf3.o)
    0x000194b8   0x0000001a   Code   RO          644    i.__ARM_common_switch8  system_config.o
    0x000194d2   0x0000000e   Code   RO         5014    i.__scatterload_copy  mc_p.l(handlers.o)
    0x000194e0   0x00000002   Code   RO         5015    i.__scatterload_null  mc_p.l(handlers.o)
    0x000194e2   0x0000000e   Code   RO         5016    i.__scatterload_zeroinit  mc_p.l(handlers.o)
    0x000194f0   0x000001cc   Code   RO         4802    i._printf_core      mc_p.l(printf3.o)
    0x000196bc   0x0000000a   Code   RO         4804    i._sputc            mc_p.l(printf3.o)
    0x000196c6   0x00000002   PAD
    0x000196c8   0x0000003c   Code   RO         4141    i.add_evt           timer_scheduler.o
    0x00019704   0x00000216   Code   RO          755    i.adv_data_encode   ble_advdata.o
    0x0001991a   0x00000002   PAD
    0x0001991c   0x0000006c   Code   RO            4    i.advertising_init  main.o
    0x00019988   0x0000001c   Code   RO         1898    i.app_error_handler  app_error.o
    0x000199a4   0x00000040   Code   RO         1952    i.app_gpiote_init   app_gpiote.o
    0x000199e4   0x00000038   Code   RO         2184    i.app_notify        pstorage.o
    0x00019a1c   0x00000020   Code   RO         2185    i.app_notify_error_state_transit  pstorage.o
    0x00019a3c   0x0000003c   Code   RO         2035    i.app_pwm_busy_check  app_pwm.o
    0x00019a78   0x00000020   Code   RO         2037    i.app_pwm_channel_duty_set  app_pwm.o
    0x00019a98   0x000000bc   Code   RO         2039    i.app_pwm_channel_duty_ticks_set  app_pwm.o
    0x00019b54   0x000000e4   Code   RO         2040    i.app_pwm_channel_init  app_pwm.o
    0x00019c38   0x00000078   Code   RO         2043    i.app_pwm_enable    app_pwm.o
    0x00019cb0   0x00000174   Code   RO         2044    i.app_pwm_init      app_pwm.o
    0x00019e24   0x0000002c   Code   RO         2449    i.app_timer_create  app_timer.o
    0x00019e50   0x00000090   Code   RO         2450    i.app_timer_init    app_timer.o
    0x00019ee0   0x0000007c   Code   RO         2451    i.app_timer_start   app_timer.o
    0x00019f5c   0x00000054   Code   RO         2452    i.app_timer_stop    app_timer.o
    0x00019fb0   0x0000003c   Code   RO            5    i.application_timers_start  main.o
    0x00019fec   0x0000000c   Code   RO         1748    i.are_app_channels  nrf_drv_ppi.o
    0x00019ff8   0x00000070   Code   RO         3276    i.async_event_execute  event_handler.o
    0x0001a068   0x00000040   Code   RO         4143    i.async_reschedule  timer_scheduler.o
    0x0001a0a8   0x00000066   Code   RO         4333    i.async_tx_cb       transport_control.o
    0x0001a10e   0x00000068   Code   RO          756    i.ble_advdata_set   ble_advdata.o
    0x0001a176   0x00000002   PAD
    0x0001a178   0x00000124   Code   RO          829    i.ble_advertising_init  ble_advertising.o
    0x0001a29c   0x00000074   Code   RO          830    i.ble_advertising_on_ble_evt  ble_advertising.o
    0x0001a310   0x00000030   Code   RO          831    i.ble_advertising_on_sys_evt  ble_advertising.o
    0x0001a340   0x00000010   Code   RO          833    i.ble_advertising_peer_address_clear  ble_advertising.o
    0x0001a350   0x000001e0   Code   RO          835    i.ble_advertising_start  ble_advertising.o
    0x0001a530   0x00000054   Code   RO          915    i.ble_conn_params_init  ble_conn_params.o
    0x0001a584   0x00000090   Code   RO          916    i.ble_conn_params_on_ble_evt  ble_conn_params.o
    0x0001a614   0x0000005e   Code   RO          757    i.ble_device_addr_encode  ble_advdata.o
    0x0001a672   0x00000002   PAD
    0x0001a674   0x00000028   Code   RO            7    i.ble_evt_dispatch  main.o
    0x0001a69c   0x00000068   Code   RO          980    i.ble_nus_init      ble_nus.o
    0x0001a704   0x00000058   Code   RO          981    i.ble_nus_on_ble_evt  ble_nus.o
    0x0001a75c   0x0000007c   Code   RO            8    i.ble_nus_send_task  main.o
    0x0001a7d8   0x00000054   Code   RO          982    i.ble_nus_string_send  ble_nus.o
    0x0001a82c   0x00000068   Code   RO            9    i.ble_stack_init    main.o
    0x0001a894   0x00000044   Code   RO           10    i.boards_init       main.o
    0x0001a8d8   0x00000090   Code   RO           11    i.button_1_update_event_handler  main.o
    0x0001a968   0x00000090   Code   RO           12    i.button_2_update_event_handler  main.o
    0x0001a9f8   0x00000060   Code   RO           13    i.button_3_update_event_handler  main.o
    0x0001aa58   0x0000001c   Code   RO         1106    i.channel_free      nrf_drv_gpiote.o
    0x0001aa74   0x00000048   Code   RO         1107    i.channel_port_alloc  nrf_drv_gpiote.o
    0x0001aabc   0x00000010   Code   RO         1108    i.channel_port_get  nrf_drv_gpiote.o
    0x0001aacc   0x00000060   Code   RO         4426    i.check_interval    trickle.o
    0x0001ab2c   0x00000104   Code   RO         2186    i.clear_operation_execute  pstorage.o
    0x0001ac30   0x00000024   Code   RO         2187    i.clear_post_processing_run  pstorage.o
    0x0001ac54   0x00000038   Code   RO         2188    i.cmd_process       pstorage.o
    0x0001ac8c   0x00000020   Code   RO         2189    i.cmd_queue_element_init  pstorage.o
    0x0001acac   0x0000004c   Code   RO         2190    i.cmd_queue_enqueue  pstorage.o
    0x0001acf8   0x0000003c   Code   RO         2191    i.command_end_procedure_run  pstorage.o
    0x0001ad34   0x000000a8   Code   RO         2454    i.compare_reg_update  app_timer.o
    0x0001addc   0x00000088   Code   RO          758    i.conn_int_encode   ble_advdata.o
    0x0001ae64   0x0000000c   Code   RO           14    i.conn_params_error_handler  main.o
    0x0001ae70   0x00000068   Code   RO          918    i.conn_params_negotiation  ble_conn_params.o
    0x0001aed8   0x00000044   Code   RO         1749    i.current_int_priority_get  nrf_drv_ppi.o
    0x0001af1c   0x0000008c   Code   RO         3457    i.data_entry_allocate  handle_storage.o
    0x0001afa8   0x0000001c   Code   RO         3458    i.data_entry_free   handle_storage.o
    0x0001afc4   0x00000054   Code   RO         2192    i.data_page_erase_state_run  pstorage.o
    0x0001b018   0x00000028   Code   RO         2193    i.data_to_swap_write_state_run  pstorage.o
    0x0001b040   0x000001d0   Code   RO         2956    i.desfunc           d3des.o
    0x0001b210   0x0000014c   Code   RO         2957    i.deskey            d3des.o
    0x0001b35c   0x00000040   Code   RO         2455    i.elapsed_ticks_acquire  app_timer.o
    0x0001b39c   0x0000000c   Code   RO         4225    i.end_timer_handler  timeslot.o
    0x0001b3a8   0x00000020   Code   RO         4226    i.end_timer_margin  timeslot.o
    0x0001b3c8   0x0000001e   Code   RO         3277    i.event_fifo_pop    event_handler.o
    0x0001b3e6   0x00000002   PAD
    0x0001b3e8   0x0000002c   Code   RO         3278    i.event_handler_critical_section_begin  event_handler.o
    0x0001b414   0x0000002c   Code   RO         3279    i.event_handler_critical_section_end  event_handler.o
    0x0001b440   0x00000064   Code   RO         3280    i.event_handler_init  event_handler.o
    0x0001b4a4   0x0000002c   Code   RO         3281    i.event_handler_on_ts_begin  event_handler.o
    0x0001b4d0   0x00000048   Code   RO         3283    i.event_handler_push  event_handler.o
    0x0001b518   0x00000008   Code   RO         3387    i.fifo_get_len      fifo.o
    0x0001b520   0x0000001c   Code   RO         3388    i.fifo_init         fifo.o
    0x0001b53c   0x00000010   Code   RO         3389    i.fifo_is_empty     fifo.o
    0x0001b54c   0x0000000a   Code   RO         3390    i.fifo_peek         fifo.o
    0x0001b556   0x0000004e   Code   RO         3391    i.fifo_peek_at      fifo.o
    0x0001b5a4   0x00000054   Code   RO         3392    i.fifo_pop          fifo.o
    0x0001b5f8   0x00000058   Code   RO         3393    i.fifo_push         fifo.o
    0x0001b650   0x0000006c   Code   RO         4145    i.fire_timers       timer_scheduler.o
    0x0001b6bc   0x00000020   Code   RO         2194    i.flash_api_err_code_process  pstorage.o
    0x0001b6dc   0x00000080   Code   RO         2195    i.flash_operation_success_run  pstorage.o
    0x0001b75c   0x0000000a   Code   RO         2196    i.flash_page_erase  pstorage.o
    0x0001b766   0x0000000a   Code   RO         2197    i.flash_write       pstorage.o
    0x0001b770   0x00000054   Code   RO           15    i.gap_params_init   main.o
    0x0001b7c4   0x00000070   Code   RO         3459    i.handle_entry_get  handle_storage.o
    0x0001b834   0x00000134   Code   RO         3460    i.handle_entry_to_head  handle_storage.o
    0x0001b968   0x00000070   Code   RO         3461    i.handle_storage_flag_get  handle_storage.o
    0x0001b9d8   0x00000124   Code   RO         3462    i.handle_storage_flag_set  handle_storage.o
    0x0001bafc   0x0000001a   Code   RO         3463    i.handle_storage_flag_set_async  handle_storage.o
    0x0001bb16   0x00000002   PAD
    0x0001bb18   0x00000078   Code   RO         3464    i.handle_storage_info_get  handle_storage.o
    0x0001bb90   0x0000008c   Code   RO         3465    i.handle_storage_info_set  handle_storage.o
    0x0001bc1c   0x0000008c   Code   RO         3466    i.handle_storage_init  handle_storage.o
    0x0001bca8   0x00000038   Code   RO         3467    i.handle_storage_local_packet_push  handle_storage.o
    0x0001bce0   0x00000028   Code   RO         3468    i.handle_storage_min_interval_set  handle_storage.o
    0x0001bd08   0x0000005c   Code   RO         3469    i.handle_storage_next_timeout_get  handle_storage.o
    0x0001bd64   0x00000048   Code   RO         3470    i.handle_storage_rx_consistent  handle_storage.o
    0x0001bdac   0x00000048   Code   RO         3471    i.handle_storage_rx_inconsistent  handle_storage.o
    0x0001bdf4   0x00000048   Code   RO         3472    i.handle_storage_transmitted  handle_storage.o
    0x0001be3c   0x000000a8   Code   RO         3473    i.handle_storage_tx_packets_get  handle_storage.o
    0x0001bee4   0x00000078   Code   RO         2198    i.head_restore_state_run  pstorage.o
    0x0001bf5c   0x00000080   Code   RO         2584    i.intern_softdevice_events_execute  softdevice_handler.o
    0x0001bfdc   0x000000b8   Code   RO           16    i.io_control_init   main.o
    0x0001c094   0x00000018   Code   RO         1750    i.is_allocated_channel  nrf_drv_ppi.o
    0x0001c0ac   0x00000018   Code   RO         1751    i.is_allocated_group  nrf_drv_ppi.o
    0x0001c0c4   0x0000000e   Code   RO         1752    i.is_app_channel    nrf_drv_ppi.o
    0x0001c0d2   0x0000000c   Code   RO         1753    i.is_app_group      nrf_drv_ppi.o
    0x0001c0de   0x00000002   PAD
    0x0001c0e0   0x0000001c   Code   RO          919    i.is_conn_params_ok  ble_conn_params.o
    0x0001c0fc   0x00000048   Code   RO         4645    i.is_manual_peripheral_setup_needed  system_nrf51.o
    0x0001c144   0x00000044   Code   RO         2199    i.is_page_erase_required  pstorage.o
    0x0001c188   0x0000000c   Code   RO         1754    i.is_programmable_app_channel  nrf_drv_ppi.o
    0x0001c194   0x0000000c   Code   RO         2200    i.is_word_aligned   pstorage.o
    0x0001c1a0   0x00000054   Code   RO          759    i.le_role_encode    ble_advdata.o
    0x0001c1f4   0x00000094   Code   RO           17    i.led_proximity_set_state  main.o
    0x0001c288   0x000000bc   Code   RO         2456    i.list_deletions_handler  app_timer.o
    0x0001c344   0x000000d4   Code   RO         2457    i.list_insertions_handler  app_timer.o
    0x0001c418   0x00000074   Code   RO         3474    i.local_packet_push  handle_storage.o
    0x0001c48c   0x00000348   Code   RO           18    i.main              main.o
    0x0001c7d4   0x00000018   Code   RO         2201    i.main_state_err_busy_process  pstorage.o
    0x0001c7ec   0x00000068   Code   RO          760    i.manuf_specific_data_encode  ble_advdata.o
    0x0001c854   0x00000082   Code   RO         3057    i.md5_append        md5.o
    0x0001c8d6   0x00000002   PAD
    0x0001c8d8   0x0000005c   Code   RO         3058    i.md5_finish        md5.o
    0x0001c934   0x00000024   Code   RO         3059    i.md5_init          md5.o
    0x0001c958   0x000007a8   Code   RO         3060    i.md5_process       md5.o
    0x0001d100   0x00000018   Code   RO          677    i.mesh_comm_address_is_valid  mesh_comm.o
    0x0001d118   0x0000017c   Code   RO          678    i.mesh_comm_parser_payload  mesh_comm.o
    0x0001d294   0x0000001c   Code   RO          679    i.mesh_comm_update_tx_payload  mesh_comm.o
    0x0001d2b0   0x00000018   Code   RO         3602    i.mesh_gatt_cmd_rsp_push  mesh_gatt.o
    0x0001d2c8   0x0000009c   Code   RO         3603    i.mesh_gatt_evt_push  mesh_gatt.o
    0x0001d364   0x00000050   Code   RO         3604    i.mesh_gatt_init    mesh_gatt.o
    0x0001d3b4   0x0000018c   Code   RO         3605    i.mesh_gatt_sd_ble_event_handle  mesh_gatt.o
    0x0001d540   0x00000044   Code   RO         3606    i.mesh_gatt_value_set  mesh_gatt.o
    0x0001d584   0x000000d8   Code   RO         3607    i.mesh_md_char_add  mesh_gatt.o
    0x0001d65c   0x00000054   Code   RO         3676    i.mesh_packet_acquire  mesh_packet.o
    0x0001d6b0   0x0000004c   Code   RO         3677    i.mesh_packet_adv_data_get  mesh_packet.o
    0x0001d6fc   0x0000003a   Code   RO         3678    i.mesh_packet_adv_data_sanitize  mesh_packet.o
    0x0001d736   0x00000002   PAD
    0x0001d738   0x00000070   Code   RO         3679    i.mesh_packet_build  mesh_packet.o
    0x0001d7a8   0x0000003c   Code   RO         3683    i.mesh_packet_has_additional_data  mesh_packet.o
    0x0001d7e4   0x00000014   Code   RO         3684    i.mesh_packet_init  mesh_packet.o
    0x0001d7f8   0x00000058   Code   RO         3685    i.mesh_packet_ref_count_dec  mesh_packet.o
    0x0001d850   0x00000050   Code   RO         3687    i.mesh_packet_ref_count_inc  mesh_packet.o
    0x0001d8a0   0x0000002e   Code   RO         3688    i.mesh_packet_set_local_addr  mesh_packet.o
    0x0001d8ce   0x0000001a   Code   RO         3689    i.mesh_packet_take_ownership  mesh_packet.o
    0x0001d8e8   0x000000a0   Code   RO         3608    i.mesh_value_char_add  mesh_gatt.o
    0x0001d988   0x0000009e   Code   RO          761    i.name_encode       ble_advdata.o
    0x0001da26   0x00000002   PAD
    0x0001da28   0x0000001c   Code   RO         1056    i.nrf_delay_ms      nrf_delay.o
    0x0001da44   0x00000060   Code   RO         1079    i.nrf_drv_common_irq_enable  nrf_drv_common.o
    0x0001daa4   0x00000054   Code   RO         1115    i.nrf_drv_gpiote_init  nrf_drv_gpiote.o
    0x0001daf8   0x00000010   Code   RO         1116    i.nrf_drv_gpiote_is_init  nrf_drv_gpiote.o
    0x0001db08   0x00000098   Code   RO         1118    i.nrf_drv_gpiote_out_init  nrf_drv_gpiote.o
    0x0001dba0   0x00000014   Code   RO         1120    i.nrf_drv_gpiote_out_task_addr_get  nrf_drv_gpiote.o
    0x0001dbb4   0x00000030   Code   RO         1122    i.nrf_drv_gpiote_out_task_enable  nrf_drv_gpiote.o
    0x0001dbe4   0x0000002c   Code   RO         1123    i.nrf_drv_gpiote_out_task_force  nrf_drv_gpiote.o
    0x0001dc10   0x00000044   Code   RO         1126    i.nrf_drv_gpiote_out_uninit  nrf_drv_gpiote.o
    0x0001dc54   0x00000090   Code   RO         1755    i.nrf_drv_ppi_channel_alloc  nrf_drv_ppi.o
    0x0001dce4   0x00000040   Code   RO         1756    i.nrf_drv_ppi_channel_assign  nrf_drv_ppi.o
    0x0001dd24   0x00000038   Code   RO         1757    i.nrf_drv_ppi_channel_disable  nrf_drv_ppi.o
    0x0001dd5c   0x00000038   Code   RO         1758    i.nrf_drv_ppi_channel_enable  nrf_drv_ppi.o
    0x0001dd94   0x00000070   Code   RO         1759    i.nrf_drv_ppi_channel_free  nrf_drv_ppi.o
    0x0001de04   0x00000084   Code   RO         1760    i.nrf_drv_ppi_channels_include_in_group  nrf_drv_ppi.o
    0x0001de88   0x00000084   Code   RO         1761    i.nrf_drv_ppi_channels_remove_from_group  nrf_drv_ppi.o
    0x0001df0c   0x0000008c   Code   RO         1762    i.nrf_drv_ppi_group_alloc  nrf_drv_ppi.o
    0x0001df98   0x00000030   Code   RO         1764    i.nrf_drv_ppi_group_enable  nrf_drv_ppi.o
    0x0001dfc8   0x00000084   Code   RO         1765    i.nrf_drv_ppi_group_free  nrf_drv_ppi.o
    0x0001e04c   0x00000018   Code   RO         1766    i.nrf_drv_ppi_init  nrf_drv_ppi.o
    0x0001e064   0x0000000e   Code   RO         1586    i.nrf_drv_timer_capture_get  nrf_drv_timer.o
    0x0001e072   0x0000000c   Code   RO         1587    i.nrf_drv_timer_capture_task_address_get  nrf_drv_timer.o
    0x0001e07e   0x00000008   Code   RO         1588    i.nrf_drv_timer_clear  nrf_drv_timer.o
    0x0001e086   0x0000002a   Code   RO         1589    i.nrf_drv_timer_compare  nrf_drv_timer.o
    0x0001e0b0   0x0000000e   Code   RO         1590    i.nrf_drv_timer_compare_event_address_get  nrf_drv_timer.o
    0x0001e0be   0x00000012   Code   RO         1591    i.nrf_drv_timer_compare_int_disable  nrf_drv_timer.o
    0x0001e0d0   0x00000022   Code   RO         1592    i.nrf_drv_timer_compare_int_enable  nrf_drv_timer.o
    0x0001e0f2   0x00000002   PAD
    0x0001e0f4   0x00000014   Code   RO         1593    i.nrf_drv_timer_disable  nrf_drv_timer.o
    0x0001e108   0x00000014   Code   RO         1594    i.nrf_drv_timer_enable  nrf_drv_timer.o
    0x0001e11c   0x0000002e   Code   RO         1596    i.nrf_drv_timer_extended_compare  nrf_drv_timer.o
    0x0001e14a   0x00000002   PAD
    0x0001e14c   0x000000a8   Code   RO         1598    i.nrf_drv_timer_init  nrf_drv_timer.o
    0x0001e1f4   0x00000048   Code   RO         1599    i.nrf_drv_timer_interrupt_handle  nrf_drv_timer.o
    0x0001e23c   0x00000064   Code   RO         1604    i.nrf_drv_timer_uninit  nrf_drv_timer.o
    0x0001e2a0   0x00000016   Code   RO         1605    i.nrf_drv_timer_us_to_ticks  nrf_drv_timer.o
    0x0001e2b6   0x00000002   PAD
    0x0001e2b8   0x00000024   Code   RO         1128    i.nrf_gpio_cfg      nrf_drv_gpiote.o
    0x0001e2dc   0x00000024   Code   RO         2836    i.nrf_gpio_cfg      i2c_driver.o
    0x0001e300   0x00000012   Code   RO         1129    i.nrf_gpio_cfg_default  nrf_drv_gpiote.o
    0x0001e312   0x00000012   Code   RO         2837    i.nrf_gpio_cfg_input  i2c_driver.o
    0x0001e324   0x00000010   Code   RO           19    i.nrf_gpio_cfg_output  main.o
    0x0001e334   0x00000014   Code   RO         2838    i.nrf_gpio_cfg_output  i2c_driver.o
    0x0001e348   0x00000020   Code   RO         1130    i.nrf_gpio_cfg_sense_set  nrf_drv_gpiote.o
    0x0001e368   0x00000010   Code   RO         2839    i.nrf_gpio_pin_clear  i2c_driver.o
    0x0001e378   0x00000010   Code   RO         2840    i.nrf_gpio_pin_set  i2c_driver.o
    0x0001e388   0x00000014   Code   RO         1131    i.nrf_gpiote_event_is_set  nrf_drv_gpiote.o
    0x0001e39c   0x000000a4   Code   RO           20    i.nus_data_handler  main.o
    0x0001e440   0x0000001a   Code   RO           21    i.on_adv_evt        main.o
    0x0001e45a   0x00000002   PAD
    0x0001e45c   0x0000006c   Code   RO           22    i.on_ble_evt        main.o
    0x0001e4c8   0x00000024   Code   RO           23    i.on_conn_params_evt  main.o
    0x0001e4ec   0x00000038   Code   RO         4507    i.order_next_transmission  version_handler.o
    0x0001e524   0x00000030   Code   RO         4334    i.order_search      transport_control.o
    0x0001e554   0x00000038   Code   RO         2046    i.pan73_workaround  app_pwm.o
    0x0001e58c   0x00000016   Code   RO          837    i.peer_address_exists  ble_advertising.o
    0x0001e5a2   0x00000002   PAD
    0x0001e5a4   0x00000018   Code   RO         1133    i.pin_in_use_by_te  nrf_drv_gpiote.o
    0x0001e5bc   0x00000002   Code   RO           25    i.proximity_1_update_event_handler  main.o
    0x0001e5be   0x00000002   PAD
    0x0001e5c0   0x00000028   Code   RO         2202    i.pstorage_access_status_get  pstorage.o
    0x0001e5e8   0x00000054   Code   RO         2203    i.pstorage_block_identifier_get  pstorage.o
    0x0001e63c   0x00000002   Code   RO          576    i.pstorage_callback_handler  system_config.o
    0x0001e63e   0x00000002   PAD
    0x0001e640   0x000000a4   Code   RO         2204    i.pstorage_clear    pstorage.o
    0x0001e6e4   0x00000024   Code   RO         2205    i.pstorage_flash_page_end  pstorage.o
    0x0001e708   0x0000000a   Code   RO         2206    i.pstorage_flash_page_size  pstorage.o
    0x0001e712   0x00000002   PAD
    0x0001e714   0x00000054   Code   RO         2207    i.pstorage_init     pstorage.o
    0x0001e768   0x000000a8   Code   RO         2208    i.pstorage_load     pstorage.o
    0x0001e810   0x000000bc   Code   RO         2212    i.pstorage_register  pstorage.o
    0x0001e8cc   0x00000090   Code   RO         2213    i.pstorage_store    pstorage.o
    0x0001e95c   0x0000004c   Code   RO         2214    i.pstorage_sys_event_handler  pstorage.o
    0x0001e9a8   0x00000018   Code   RO         2047    i.pwm_channel_ppi_disable  app_pwm.o
    0x0001e9c0   0x00000080   Code   RO         2048    i.pwm_dealloc       app_pwm.o
    0x0001ea40   0x00000014   Code   RO         2049    i.pwm_ppi_disable   app_pwm.o
    0x0001ea54   0x0000000c   Code   RO           26    i.pwm_ready_callback  main.o
    0x0001ea60   0x00000058   Code   RO         2050    i.pwm_ready_tick    app_pwm.o
    0x0001eab8   0x00000074   Code   RO         2051    i.pwm_transition_0or100_to_0or100  app_pwm.o
    0x0001eb2c   0x00000110   Code   RO         2052    i.pwm_transition_0or100_to_n  app_pwm.o
    0x0001ec3c   0x00000108   Code   RO         2053    i.pwm_transition_n_to_0or100  app_pwm.o
    0x0001ed44   0x000000d4   Code   RO         2054    i.pwm_transition_n_to_m  app_pwm.o
    0x0001ee18   0x0000000c   Code   RO         3776    i.radio_alt_aa_set  radio_control.o
    0x0001ee24   0x0000002c   Code   RO         3777    i.radio_disable     radio_control.o
    0x0001ee50   0x000000ec   Code   RO         3778    i.radio_event_handler  radio_control.o
    0x0001ef3c   0x00000014   Code   RO         4335    i.radio_idle_callback  transport_control.o
    0x0001ef50   0x000000e0   Code   RO         3779    i.radio_init        radio_control.o
    0x0001f030   0x00000058   Code   RO         3780    i.radio_order       radio_control.o
    0x0001f088   0x00000138   Code   RO         4227    i.radio_signal_callback  timeslot.o
    0x0001f1c0   0x00000042   Code   RO         3835    i.rand_hw_rng_get   rand.o
    0x0001f202   0x0000002c   Code   RO         3836    i.rand_prng_get     rand.o
    0x0001f22e   0x00000002   PAD
    0x0001f230   0x00000038   Code   RO         3837    i.rand_prng_seed    rand.o
    0x0001f268   0x00000014   Code   RO         3871    i.rbc_mesh_ble_evt_handler  rbc_mesh.o
    0x0001f27c   0x00000028   Code   RO         3873    i.rbc_mesh_event_get  rbc_mesh.o
    0x0001f2a4   0x00000050   Code   RO         3875    i.rbc_mesh_event_push  rbc_mesh.o
    0x0001f2f4   0x00000020   Code   RO         3876    i.rbc_mesh_event_release  rbc_mesh.o
    0x0001f314   0x000000bc   Code   RO         3877    i.rbc_mesh_init     rbc_mesh.o
    0x0001f3d0   0x00000008   Code   RO         3882    i.rbc_mesh_sd_evt_handler  rbc_mesh.o
    0x0001f3d8   0x00000028   Code   RO         3887    i.rbc_mesh_tx_event_set  rbc_mesh.o
    0x0001f400   0x00000018   Code   RO         3890    i.rbc_mesh_value_enable  rbc_mesh.o
    0x0001f418   0x0000003c   Code   RO         3892    i.rbc_mesh_value_set  rbc_mesh.o
    0x0001f454   0x00000050   Code   RO         4427    i.refresh_t         trickle.o
    0x0001f4a4   0x00000048   Code   RO         4146    i.remove_evt        timer_scheduler.o
    0x0001f4ec   0x00000044   Code   RO         2458    i.rtc1_stop         app_timer.o
    0x0001f530   0x00000050   Code   RO         4336    i.rx_cb             transport_control.o
    0x0001f580   0x0000009e   Code   RO          983    i.rx_char_add       ble_nus.o
    0x0001f61e   0x0000008e   Code   RO          762    i.service_data_encode  ble_advdata.o
    0x0001f6ac   0x000000b0   Code   RO         3781    i.setup_event       radio_control.o
    0x0001f75c   0x00000038   Code   RO         4147    i.setup_timeout     timer_scheduler.o
    0x0001f794   0x00000048   Code   RO         2216    i.sm_state_change   pstorage.o
    0x0001f7dc   0x0000000c   Code   RO         2585    i.softdevice_assertion_handler  softdevice_handler.o
    0x0001f7e8   0x00000014   Code   RO         2586    i.softdevice_ble_evt_handler_set  softdevice_handler.o
    0x0001f7fc   0x00000030   Code   RO         2587    i.softdevice_handler_init  softdevice_handler.o
    0x0001f82c   0x00000014   Code   RO         2590    i.softdevice_sys_evt_handler_set  softdevice_handler.o
    0x0001f840   0x00000060   Code   RO         4228    i.start_time_update  timeslot.o
    0x0001f8a0   0x00000064   Code   RO         2217    i.state_data_erase_swap_entry_run  pstorage.o
    0x0001f904   0x00000010   Code   RO         2218    i.state_erase_data_page_entry_run  pstorage.o
    0x0001f914   0x00000028   Code   RO         2219    i.state_restore_head_entry_run  pstorage.o
    0x0001f93c   0x0000004c   Code   RO         2220    i.state_restore_tail_entry_run  pstorage.o
    0x0001f988   0x00000020   Code   RO         2221    i.state_swap_erase_entry_run  pstorage.o
    0x0001f9a8   0x00000030   Code   RO         2222    i.state_write_data_swap_entry_run  pstorage.o
    0x0001f9d8   0x0000005c   Code   RO         2223    i.store_cmd_flash_write_execute  pstorage.o
    0x0001fa34   0x0000001c   Code   RO         2224    i.swap_erase_state_run  pstorage.o
    0x0001fa50   0x00000018   Code   RO         2225    i.swap_sub_state_err_busy_process  pstorage.o
    0x0001fa68   0x00000014   Code   RO         2226    i.swap_sub_state_state_change  pstorage.o
    0x0001fa7c   0x00000016   Code   RO           27    i.sys_evt_dispatch  main.o
    0x0001fa92   0x00000004   Code   RO          577    i.system_config_calc_checksum  system_config.o
    0x0001fa96   0x00000002   PAD
    0x0001fa98   0x00000020   Code   RO          579    i.system_config_load  system_config.o
    0x0001fab8   0x0000004c   Code   RO          580    i.system_config_save  system_config.o
    0x0001fb04   0x0000001c   Code   RO         2227    i.tail_restore_state_run  pstorage.o
    0x0001fb20   0x00000014   Code   RO         4337    i.tc_init           transport_control.o
    0x0001fb34   0x0000001c   Code   RO         4338    i.tc_on_ts_begin    transport_control.o
    0x0001fb50   0x000000c4   Code   RO         4339    i.tc_packet_handler  transport_control.o
    0x0001fc14   0x0000001c   Code   RO         4341    i.tc_radio_params_set  transport_control.o
    0x0001fc30   0x0000006a   Code   RO         4342    i.tc_tx             transport_control.o
    0x0001fc9a   0x00000002   PAD
    0x0001fc9c   0x00000068   Code   RO         4058    i.timer_abort       timer.o
    0x0001fd04   0x00000038   Code   RO           28    i.timer_btn_1_event_handler  main.o
    0x0001fd3c   0x00000038   Code   RO           29    i.timer_btn_2_event_handler  main.o
    0x0001fd74   0x00000010   Code   RO         4148    i.timer_cb          timer_scheduler.o
    0x0001fd84   0x0000007c   Code   RO         4059    i.timer_event_handler  timer.o
    0x0001fe00   0x00000084   Code   RO         2459    i.timer_list_handler  app_timer.o
    0x0001fe84   0x00000010   Code   RO         2460    i.timer_list_handler_sched  app_timer.o
    0x0001fe94   0x00000040   Code   RO         2461    i.timer_list_insert  app_timer.o
    0x0001fed4   0x00000014   Code   RO         4060    i.timer_mut_lock    timer.o
    0x0001fee8   0x00000010   Code   RO         4061    i.timer_mut_unlock  timer.o
    0x0001fef8   0x00000040   Code   RO         4062    i.timer_now         timer.o
    0x0001ff38   0x000000cc   Code   RO         4063    i.timer_on_ts_begin  timer.o
    0x00020004   0x00000034   Code   RO         4064    i.timer_on_ts_end   timer.o
    0x00020038   0x00000064   Code   RO         4065    i.timer_order_cb    timer.o
    0x0002009c   0x0000000c   Code   RO         4150    i.timer_sch_init    timer_scheduler.o
    0x000200a8   0x0000004c   Code   RO         4151    i.timer_sch_reschedule  timer_scheduler.o
    0x000200f4   0x00000040   Code   RO         4068    i.timer_set         timer.o
    0x00020134   0x00000008   Code   RO           30    i.timer_systick_event_handler  main.o
    0x0002013c   0x00000084   Code   RO         2462    i.timer_timeouts_check  app_timer.o
    0x000201c0   0x000000e0   Code   RO           31    i.timer_touch_event_handler  main.o
    0x000202a0   0x00000094   Code   RO           32    i.timers_init       main.o
    0x00020334   0x00000020   Code   RO         4229    i.timeslot_end      timeslot.o
    0x00020354   0x00000018   Code   RO         4230    i.timeslot_end_time_get  timeslot.o
    0x0002036c   0x0000005c   Code   RO         4231    i.timeslot_init     timeslot.o
    0x000203c8   0x0000000c   Code   RO         4232    i.timeslot_is_in_ts  timeslot.o
    0x000203d4   0x0000002c   Code   RO         4234    i.timeslot_restart  timeslot.o
    0x00020400   0x00000038   Code   RO         4235    i.timeslot_resume   timeslot.o
    0x00020438   0x0000003c   Code   RO         4236    i.timeslot_sd_event_handler  timeslot.o
    0x00020474   0x00000074   Code   RO         4508    i.transmit_all_instances  version_handler.o
    0x000204e8   0x00000006   Code   RO         4428    i.trickle_disable   trickle.o
    0x000204ee   0x00000012   Code   RO         4429    i.trickle_enable    trickle.o
    0x00020500   0x0000000e   Code   RO         4430    i.trickle_is_enabled  trickle.o
    0x0002050e   0x0000001e   Code   RO         4431    i.trickle_rx_consistent  trickle.o
    0x0002052c   0x00000024   Code   RO         4432    i.trickle_rx_inconsistent  trickle.o
    0x00020550   0x0000001c   Code   RO         4433    i.trickle_setup     trickle.o
    0x0002056c   0x00000050   Code   RO         4434    i.trickle_timer_reset  trickle.o
    0x000205bc   0x0000002c   Code   RO         4435    i.trickle_tx_register  trickle.o
    0x000205e8   0x00000044   Code   RO         4436    i.trickle_tx_timeout  trickle.o
    0x0002062c   0x00000028   Code   RO         4239    i.ts_extend         timeslot.o
    0x00020654   0x0000002c   Code   RO         4240    i.ts_order_earliest  timeslot.o
    0x00020680   0x0000002c   Code   RO         4343    i.tx_cb             transport_control.o
    0x000206ac   0x00000080   Code   RO          984    i.tx_char_add       ble_nus.o
    0x0002072c   0x0000000a   Code   RO          763    i.uint16_encode     ble_advdata.o
    0x00020736   0x00000002   PAD
    0x00020738   0x00000028   Code   RO          680    i.update_mesh_comm_address  mesh_comm.o
    0x00020760   0x00000064   Code   RO          920    i.update_timeout_handler  ble_conn_params.o
    0x000207c4   0x00000054   Code   RO         2463    i.user_id_get       app_timer.o
    0x00020818   0x00000026   Code   RO         2464    i.user_op_alloc     app_timer.o
    0x0002083e   0x00000030   Code   RO          764    i.uuid_list_encode  ble_advdata.o
    0x0002086e   0x000000ae   Code   RO          765    i.uuid_list_sized_encode  ble_advdata.o
    0x0002091c   0x00000048   Code   RO         4509    i.version_delta     version_handler.o
    0x00020964   0x00000050   Code   RO         4510    i.vh_init           version_handler.o
    0x000209b4   0x0000005c   Code   RO         4511    i.vh_local_update   version_handler.o
    0x00020a10   0x00000008   Code   RO         4512    i.vh_min_interval_set  version_handler.o
    0x00020a18   0x00000024   Code   RO         4514    i.vh_order_update   version_handler.o
    0x00020a3c   0x00000156   Code   RO         4515    i.vh_rx             version_handler.o
    0x00020b92   0x00000002   PAD
    0x00020b94   0x0000003c   Code   RO         4516    i.vh_tx_event_flag_get  version_handler.o
    0x00020bd0   0x0000003c   Code   RO         4517    i.vh_tx_event_set   version_handler.o
    0x00020c0c   0x0000003c   Code   RO         4519    i.vh_value_disable  version_handler.o
    0x00020c48   0x0000002c   Code   RO         4520    i.vh_value_enable   version_handler.o
    0x00020c74   0x0000004c   Code   RO         4522    i.vh_value_is_enabled  version_handler.o
    0x00020cc0   0x0000003c   Code   RO         4523    i.vh_value_persistence_get  version_handler.o
    0x00020cfc   0x0000002c   Code   RO         4524    i.vh_value_persistence_set  version_handler.o
    0x00020d28   0x00000010   Code   RO          838    i.whitelist_has_entries  ble_advertising.o
    0x00020d38   0x000000ac   Data   RO           46    .constdata          main.o
    0x00020de4   0x00000008   Data   RO           47    .constdata          main.o
    0x00020dec   0x00000004   Data   RO          923    .constdata          ble_conn_params.o
    0x00020df0   0x00000010   Data   RO          985    .constdata          ble_nus.o
    0x00020e00   0x00000010   Data   RO         1606    .constdata          nrf_drv_timer.o
    0x00020e10   0x0000000c   Data   RO         2055    .constdata          app_pwm.o
    0x00020e1c   0x00000028   Data   RO         2229    .constdata          pstorage.o
    0x00020e44   0x000008e8   Data   RO         2959    .constdata          d3des.o
    0x0002172c   0x00000044   Data   RO         3061    .constdata          md5.o
    0x00021770   0x00000010   Data   RO         3610    .constdata          mesh_gatt.o
    0x00021780   0x0000000c   Data   RO         3783    .constdata          radio_control.o
    0x0002178c   0x00000014   Data   RO         4344    .constdata          transport_control.o
    0x000217a0   0x00000020   Data   RO         5012    Region$$Table       anon$$obj.o


    Execution Region RW_IRAM1 (Base: 0x20002000, Size: 0x00001dc8, Max: 0x00001f00, ABSOLUTE, COMPRESSED[0x0000002c])

    Base Addr    Size         Type   Attr      Idx    E Section Name        Object

    0x20002000   0x00000013   Data   RW           48    .data               main.o
    0x20002013   0x00000001   PAD
    0x20002014   0x0000000c   Data   RW          582    .data               system_config.o
    0x20002020   0x00000006   Data   RW          683    .data               mesh_comm.o
    0x20002026   0x00000002   PAD
    0x20002028   0x0000001f   Data   RW          840    .data               ble_advertising.o
    0x20002047   0x00000001   PAD
    0x20002048   0x00000014   Data   RW          924    .data               ble_conn_params.o
    0x2000205c   0x00000014   Data   RW         1607    .data               nrf_drv_timer.o
    0x20002070   0x00000008   Data   RW         1768    .data               nrf_drv_ppi.o
    0x20002078   0x00000010   Data   RW         1962    .data               app_gpiote.o
    0x20002088   0x00000018   Data   RW         2056    .data               app_pwm.o
    0x200020a0   0x00000028   Data   RW         2230    .data               pstorage.o
    0x200020c8   0x00000020   Data   RW         2465    .data               app_timer.o
    0x200020e8   0x00000014   Data   RW         2591    .data               softdevice_handler.o
    0x200020fc   0x00000026   Data   RW         3097    .data               iky_ble_app.o
    0x20002122   0x00000006   PAD
    0x20002128   0x00000010   Data   RW         3211    .data               sys_tick.o
    0x20002138   0x00000008   Data   RW         3285    .data               event_handler.o
    0x20002140   0x00000010   Data   RW         3476    .data               handle_storage.o
    0x20002150   0x00000004   Data   RW         3611    .data               mesh_gatt.o
    0x20002154   0x00000014   Data   RW         3784    .data               radio_control.o
    0x20002168   0x0000000c   Data   RW         3894    .data               rbc_mesh.o
    0x20002174   0x00000010   Data   RW         4070    .data               timer.o
    0x20002184   0x00000008   Data   RW         4153    .data               timer_scheduler.o
    0x2000218c   0x00000004   PAD
    0x20002190   0x00000048   Data   RW         4241    .data               timeslot.o
    0x200021d8   0x0000000c   Data   RW         4345    .data               transport_control.o
    0x200021e4   0x00000010   Data   RW         4438    .data               trickle.o
    0x200021f4   0x00000005   Data   RW         4526    .data               version_handler.o
    0x200021f9   0x00000003   PAD
    0x200021fc   0x00000004   Data   RW         4646    .data               system_nrf51.o
    0x20002200   0x00000020   Zero   RW           40    .bss                main.o
    0x20002220   0x00000020   Zero   RW           41    .bss                main.o
    0x20002240   0x00000020   Zero   RW           42    .bss                main.o
    0x20002260   0x00000020   Zero   RW           43    .bss                main.o
    0x20002280   0x00000298   Zero   RW           44    .bss                main.o
    0x20002518   0x00000024   Zero   RW           45    .bss                main.o
    0x2000253c   0x00000018   Zero   RW          484    .bss                io_control.o
    0x20002554   0x00000018   Zero   RW          485    .bss                io_control.o
    0x2000256c   0x0000000c   Zero   RW          486    .bss                io_control.o
    0x20002578   0x0000000c   Zero   RW          487    .bss                io_control.o
    0x20002584   0x0000000c   Zero   RW          488    .bss                io_control.o
    0x20002590   0x0000000c   Zero   RW          489    .bss                io_control.o
    0x2000259c   0x0000002c   Zero   RW          581    .bss                system_config.o
    0x200025c8   0x00000009   Zero   RW          681    .bss                mesh_comm.o
    0x200025d1   0x00000003   PAD
    0x200025d4   0x00000103   Zero   RW          839    .bss                ble_advertising.o
    0x200026d7   0x00000001   PAD
    0x200026d8   0x00000020   Zero   RW          921    .bss                ble_conn_params.o
    0x200026f8   0x0000001c   Zero   RW          922    .bss                ble_conn_params.o
    0x20002714   0x00000048   Zero   RW         1134    .bss                nrf_drv_gpiote.o
    0x2000275c   0x000000d8   Zero   RW         2228    .bss                pstorage.o
    0x20002834   0x00000180   Zero   RW         2958    .bss                d3des.o
    0x200029b4   0x000000b0   Zero   RW         3096    .bss                iky_ble_app.o
    0x20002a64   0x00000170   Zero   RW         3284    .bss                event_handler.o
    0x20002bd4   0x000001b0   Zero   RW         3475    .bss                handle_storage.o
    0x20002d84   0x00000014   Zero   RW         3609    .bss                mesh_gatt.o
    0x20002d98   0x00000691   Zero   RW         3690    .bss                mesh_packet.o
    0x20003429   0x00000003   PAD
    0x2000342c   0x00000058   Zero   RW         3782    .bss                radio_control.o
    0x20003484   0x000000f8   Zero   RW         3893    .bss                rbc_mesh.o
    0x2000357c   0x00000024   Zero   RW         4069    .bss                timer.o
    0x200035a0   0x00000010   Zero   RW         4437    .bss                trickle.o
    0x200035b0   0x00000014   Zero   RW         4525    .bss                version_handler.o
    0x200035c4   0x00000004   PAD
    0x200035c8   0x00000800   Zero   RW         4634    STACK               arm_startup_nrf51.o


    Execution Region RW_IRAM2 (Base: 0x20003f00, Size: 0x00000100, Max: 0x00000100, ABSOLUTE, UNINIT)

    Base Addr    Size         Type   Attr      Idx    E Section Name        Object

    0x20003f00   0x00000004   Zero   RW           35    .ARM.__AT_0x20003F00  main.o
    0x20003f04   0x00000004   Zero   RW           36    .ARM.__AT_0x20003F04  main.o
    0x20003f08   0x00000004   Zero   RW           37    .ARM.__AT_0x20003F08  main.o
    0x20003f0c   0x00000004   Zero   RW           38    .ARM.__AT_0x20003F0C  main.o
    0x20003f10   0x000000ec   PAD
    0x20003ffc   0x00000004   Zero   RW           39    .ARM.__AT_0x20003FFC  main.o


==============================================================================

Image component sizes


      Code (inc. data)   RO Data    RW Data    ZI Data      Debug   Object Name

        28         10          0          0          0       1296   app_error.o
        64          4          0         16          0      11842   app_gpiote.o
      2180        110         12         24          0      32281   app_pwm.o
      1700        152          0         32          0      29071   app_timer.o
        56         18        192          0       2048        712   arm_startup_nrf51.o
      1588          6          0          0          0      18984   ble_advdata.o
       990         32          0         31        259      13273   ble_advertising.o
       460         58          4         20         60      14908   ble_conn_params.o
       562         12         16          0          0       6714   ble_nus.o
       526         14          0          0          0       8579   cy8cmbr3xxx_apis.o
        44          0          0          0          0       3142   cy8cmbr3xxx_hostfunctions.o
       964         72       2280          0        384       5315   d3des.o
       486         80          0          8        368      29412   event_handler.o
       312          0          0          0          0       6153   fifo.o
      2106        146          0         16        432      21706   handle_storage.o
       626         28          0          0          0      13202   i2c_driver.o
      1298        124          0         38        176       9145   iky_ble_app.o
       284          0          0          0          0       3938   iky_encrypt.o
       342         28          0          0         96      25327   io_control.o
      3034        480        180         19        848     133045   main.o
      2218        274         68          0          0       6297   md5.o
       472         68          0          6          9      33233   mesh_comm.o
      1100         80         16          4         20      12567   mesh_gatt.o
       650         46          0          0       1681       8904   mesh_packet.o
        58          4          0          0          0       1783   nrf_delay.o
        96         18          0          0          0       7312   nrf_drv_common.o
       942        126          0          0         72      24429   nrf_drv_gpiote.o
      1206         78          0          8          0      28677   nrf_drv_ppi.o
       622         52         16         20          0      27802   nrf_drv_timer.o
      2706        252         40         40        216      35184   pstorage.o
       780        138         12         20         88      13836   radio_control.o
       166          6          0          0          0       3175   rand.o
       492         62          0         12        248      10874   rbc_mesh.o
       114          0          0          0          0       2926   ringbuf.o
       264         24          0         20          0       8804   softdevice_handler.o
        84         16          0         16          0       3339   sys_tick.o
       532        110          0         12         44       8608   system_config.o
       232         36          0          4          0       2367   system_nrf51.o
       748        120          0         16         36      13879   timer.o
       464         60          0          8          0       6236   timer_scheduler.o
       856        148          0         72          0      16493   timeslot.o
       672         54         20         12          0      10101   transport_control.o
       500         54          0         16         16       8175   trickle.o
      1206        108          0          5         20      15910   version_handler.o

    ----------------------------------------------------------------------
     34886       3308       2888        512       7368     698956   Object Totals
         0          0         32          0          0          0   (incl. Generated)
        56          0          0         17        247          0   (incl. Padding)

    ----------------------------------------------------------------------

      Code (inc. data)   RO Data    RW Data    ZI Data      Debug   Library Member Name

        86          0          0          0          0          0   __dczerorl2.o
         0          0          0          0          0          0   entry.o
         0          0          0          0          0          0   entry10a.o
         0          0          0          0          0          0   entry11a.o
         8          4          0          0          0          0   entry2.o
         4          0          0          0          0          0   entry5.o
         0          0          0          0          0          0   entry7b.o
         0          0          0          0          0          0   entry8b.o
         8          4          0          0          0          0   entry9a.o
        30          0          0          0          0          0   handlers.o
        40          0          0          0          0         72   idiv.o
        36          8          0          0          0         68   init.o
       122          0          0          0          0         84   llmul.o
        32          0          0          0          0         68   llshl.o
        26          0          0          0          0         72   memcmp.o
        36          0          0          0          0         60   memcpya.o
        36          0          0          0          0        100   memseta.o
       510          8          0          0          0        228   printf3.o
        14          0          0          0          0         60   strlen.o
        44          0          0          0          0         72   uidiv.o
        20          0          0          0          0         60   uread4.o
        18          0          0          0          0         60   uwrite4.o

    ----------------------------------------------------------------------
      1074         24          0          0          0       1004   Library Totals
         4          0          0          0          0          0   (incl. Padding)

    ----------------------------------------------------------------------

      Code (inc. data)   RO Data    RW Data    ZI Data      Debug   Library Name

      1070         24          0          0          0       1004   mc_p.l

    ----------------------------------------------------------------------
      1074         24          0          0          0       1004   Library Totals

    ----------------------------------------------------------------------

==============================================================================


      Code (inc. data)   RO Data    RW Data    ZI Data      Debug   

     35960       3332       2888        512       7368     682436   Grand Totals
     35960       3332       2888         44       7368     682436   ELF Image Totals (compressed)
     35960       3332       2888         44          0          0   ROM Totals

==============================================================================

    Total RO  Size (Code + RO Data)                38848 (  37.94kB)
    Total RW  Size (RW Data + ZI Data)              7880 (   7.70kB)
    Total ROM Size (Code + RO Data + RW Data)      38892 (  37.98kB)

==============================================================================

