<!doctype html public "-//w3c//dtd html 4.0 transitional//en">
<html><head>
<title>Static Call Graph - [.\_build\IKY_SSWITCH_3TOUCH_1_0_7_Mesh.axf]</title></head>
<body><HR>
<H1>Static Call Graph for image .\_build\IKY_SSWITCH_3TOUCH_1_0_7_Mesh.axf</H1><HR>
<BR><P>#&#060CALLGRAPH&#062# ARM Linker, 5060061: Last Updated: Wed May 16 14:43:40 2018
<BR><P>
<H3>Maximum Stack Usage =        544 bytes + Unknown(Cycles, Untraceable Function Pointers)</H3><H3>
Call chain for Maximum Stack Depth:</H3>
main &rArr; IKY_BLE_Task &rArr; IKY_BLE_PutReport &rArr; IKY_CalcPINBlock &rArr; HashMD5 &rArr; md5_finish &rArr; md5_append &rArr; md5_process
<P>
<H3>
Mutually Recursive functions
</H3> <LI><a href="#[2]">NMI_Handler</a>&nbsp;&nbsp;&nbsp;&rArr;&nbsp;&nbsp;&nbsp;<a href="#[2]">NMI_Handler</a><BR>
 <LI><a href="#[3]">HardFault_Handler</a>&nbsp;&nbsp;&nbsp;&rArr;&nbsp;&nbsp;&nbsp;<a href="#[3]">HardFault_Handler</a><BR>
 <LI><a href="#[4]">SVC_Handler</a>&nbsp;&nbsp;&nbsp;&rArr;&nbsp;&nbsp;&nbsp;<a href="#[4]">SVC_Handler</a><BR>
 <LI><a href="#[5]">PendSV_Handler</a>&nbsp;&nbsp;&nbsp;&rArr;&nbsp;&nbsp;&nbsp;<a href="#[5]">PendSV_Handler</a><BR>
 <LI><a href="#[6]">SysTick_Handler</a>&nbsp;&nbsp;&nbsp;&rArr;&nbsp;&nbsp;&nbsp;<a href="#[6]">SysTick_Handler</a><BR>
 <LI><a href="#[d]">ADC_IRQHandler</a>&nbsp;&nbsp;&nbsp;&rArr;&nbsp;&nbsp;&nbsp;<a href="#[d]">ADC_IRQHandler</a><BR>
 <LI><a href="#[4e]">__asm___11_app_timer_c_cd27f9c3__nrf_delay_us</a>&nbsp;&nbsp;&nbsp;&rArr;&nbsp;&nbsp;&nbsp;<a href="#[4e]">__asm___11_app_timer_c_cd27f9c3__nrf_delay_us</a><BR>
 <LI><a href="#[4d]">__asm___11_nrf_delay_c_532987f3__nrf_delay_us</a>&nbsp;&nbsp;&nbsp;&rArr;&nbsp;&nbsp;&nbsp;<a href="#[4d]">__asm___11_nrf_delay_c_532987f3__nrf_delay_us</a><BR>
 <LI><a href="#[b3]">app_notify_error_state_transit</a>&nbsp;&nbsp;&nbsp;&rArr;&nbsp;&nbsp;&nbsp;<a href="#[b5]">sm_state_change</a><BR>
 <LI><a href="#[b5]">sm_state_change</a>&nbsp;&nbsp;&nbsp;&rArr;&nbsp;&nbsp;&nbsp;<a href="#[10b]">cmd_process</a><BR>
</UL>
<P>
<H3>
Function Pointers
</H3><UL>
 <LI><a href="#[d]">ADC_IRQHandler</a> from arm_startup_nrf51.o(.text) referenced from arm_startup_nrf51.o(RESET)
 <LI><a href="#[15]">CCM_AAR_IRQHandler</a> from arm_startup_nrf51.o(.text) referenced from arm_startup_nrf51.o(RESET)
 <LI><a href="#[14]">ECB_IRQHandler</a> from arm_startup_nrf51.o(.text) referenced from arm_startup_nrf51.o(RESET)
 <LI><a href="#[c]">GPIOTE_IRQHandler</a> from nrf_drv_gpiote.o(i.GPIOTE_IRQHandler) referenced from arm_startup_nrf51.o(RESET)
 <LI><a href="#[3]">HardFault_Handler</a> from arm_startup_nrf51.o(.text) referenced from arm_startup_nrf51.o(RESET)
 <LI><a href="#[19]">LPCOMP_IRQHandler</a> from arm_startup_nrf51.o(.text) referenced from arm_startup_nrf51.o(RESET)
 <LI><a href="#[2]">NMI_Handler</a> from arm_startup_nrf51.o(.text) referenced from arm_startup_nrf51.o(RESET)
 <LI><a href="#[7]">POWER_CLOCK_IRQHandler</a> from arm_startup_nrf51.o(.text) referenced from arm_startup_nrf51.o(RESET)
 <LI><a href="#[5]">PendSV_Handler</a> from arm_startup_nrf51.o(.text) referenced from arm_startup_nrf51.o(RESET)
 <LI><a href="#[18]">QDEC_IRQHandler</a> from event_handler.o(i.QDEC_IRQHandler) referenced from arm_startup_nrf51.o(RESET)
 <LI><a href="#[8]">RADIO_IRQHandler</a> from arm_startup_nrf51.o(.text) referenced from arm_startup_nrf51.o(RESET)
 <LI><a href="#[13]">RNG_IRQHandler</a> from arm_startup_nrf51.o(.text) referenced from arm_startup_nrf51.o(RESET)
 <LI><a href="#[11]">RTC0_IRQHandler</a> from arm_startup_nrf51.o(.text) referenced from arm_startup_nrf51.o(RESET)
 <LI><a href="#[17]">RTC1_IRQHandler</a> from app_timer.o(i.RTC1_IRQHandler) referenced from arm_startup_nrf51.o(RESET)
 <LI><a href="#[1]">Reset_Handler</a> from arm_startup_nrf51.o(.text) referenced from arm_startup_nrf51.o(RESET)
 <LI><a href="#[a]">SPI0_TWI0_IRQHandler</a> from arm_startup_nrf51.o(.text) referenced from arm_startup_nrf51.o(RESET)
 <LI><a href="#[b]">SPI1_TWI1_IRQHandler</a> from arm_startup_nrf51.o(.text) referenced from arm_startup_nrf51.o(RESET)
 <LI><a href="#[4]">SVC_Handler</a> from arm_startup_nrf51.o(.text) referenced from arm_startup_nrf51.o(RESET)
 <LI><a href="#[1a]">SWI0_IRQHandler</a> from app_timer.o(i.SWI0_IRQHandler) referenced from arm_startup_nrf51.o(RESET)
 <LI><a href="#[1b]">SWI1_IRQHandler</a> from arm_startup_nrf51.o(.text) referenced from arm_startup_nrf51.o(RESET)
 <LI><a href="#[1c]">SWI2_IRQHandler</a> from softdevice_handler.o(i.SWI2_IRQHandler) referenced from arm_startup_nrf51.o(RESET)
 <LI><a href="#[1d]">SWI3_IRQHandler</a> from arm_startup_nrf51.o(.text) referenced from arm_startup_nrf51.o(RESET)
 <LI><a href="#[1e]">SWI4_IRQHandler</a> from arm_startup_nrf51.o(.text) referenced from arm_startup_nrf51.o(RESET)
 <LI><a href="#[1f]">SWI5_IRQHandler</a> from arm_startup_nrf51.o(.text) referenced from arm_startup_nrf51.o(RESET)
 <LI><a href="#[6]">SysTick_Handler</a> from arm_startup_nrf51.o(.text) referenced from arm_startup_nrf51.o(RESET)
 <LI><a href="#[21]">SystemInit</a> from system_nrf51.o(i.SystemInit) referenced from arm_startup_nrf51.o(.text)
 <LI><a href="#[12]">TEMP_IRQHandler</a> from arm_startup_nrf51.o(.text) referenced from arm_startup_nrf51.o(RESET)
 <LI><a href="#[e]">TIMER0_IRQHandler</a> from nrf_drv_timer.o(i.TIMER0_IRQHandler) referenced from arm_startup_nrf51.o(RESET)
 <LI><a href="#[f]">TIMER1_IRQHandler</a> from nrf_drv_timer.o(i.TIMER1_IRQHandler) referenced from arm_startup_nrf51.o(RESET)
 <LI><a href="#[10]">TIMER2_IRQHandler</a> from arm_startup_nrf51.o(.text) referenced from arm_startup_nrf51.o(RESET)
 <LI><a href="#[9]">UART0_IRQHandler</a> from arm_startup_nrf51.o(.text) referenced from arm_startup_nrf51.o(RESET)
 <LI><a href="#[16]">WDT_IRQHandler</a> from arm_startup_nrf51.o(.text) referenced from arm_startup_nrf51.o(RESET)
 <LI><a href="#[22]">__main</a> from entry.o(.ARM.Collect$$$$00000000) referenced from arm_startup_nrf51.o(.text)
 <LI><a href="#[24]">_sputc</a> from printf3.o(i._sputc) referenced from printf3.o(i.__0sprintf$3)
 <LI><a href="#[39]">async_reschedule</a> from timer_scheduler.o(i.async_reschedule) referenced from timer_scheduler.o(i.timer_sch_reschedule)
 <LI><a href="#[4a]">async_tx_cb</a> from transport_control.o(i.async_tx_cb) referenced from transport_control.o(.constdata)
 <LI><a href="#[28]">ble_evt_dispatch</a> from main.o(i.ble_evt_dispatch) referenced from main.o(i.ble_stack_init)
 <LI><a href="#[2f]">button_1_update_event_handler</a> from main.o(i.button_1_update_event_handler) referenced from main.o(i.main)
 <LI><a href="#[30]">button_2_update_event_handler</a> from main.o(i.button_2_update_event_handler) referenced from main.o(i.main)
 <LI><a href="#[31]">button_3_update_event_handler</a> from main.o(i.button_3_update_event_handler) referenced from main.o(i.main)
 <LI><a href="#[2e]">conn_params_error_handler</a> from main.o(i.conn_params_error_handler) referenced from main.o(i.main)
 <LI><a href="#[47]">data_page_erase_state_run</a> from pstorage.o(i.data_page_erase_state_run) referenced from pstorage.o(.constdata)
 <LI><a href="#[46]">data_to_swap_write_state_run</a> from pstorage.o(i.data_to_swap_write_state_run) referenced from pstorage.o(.constdata)
 <LI><a href="#[33]">end_timer_handler</a> from timeslot.o(i.end_timer_handler) referenced from timeslot.o(i.radio_signal_callback)
 <LI><a href="#[49]">head_restore_state_run</a> from pstorage.o(i.head_restore_state_run) referenced from pstorage.o(.constdata)
 <LI><a href="#[2b]">local_packet_push</a> from handle_storage.o(i.local_packet_push) referenced from handle_storage.o(i.handle_storage_local_packet_push)
 <LI><a href="#[20]">main</a> from main.o(i.main) referenced from entry9a.o(.ARM.Collect$$$$0000000B)
 <LI><a href="#[2c]">nus_data_handler</a> from main.o(i.nus_data_handler) referenced from main.o(i.main)
 <LI><a href="#[25]">on_adv_evt</a> from main.o(i.on_adv_evt) referenced from main.o(i.advertising_init)
 <LI><a href="#[2d]">on_conn_params_evt</a> from main.o(i.on_conn_params_evt) referenced from main.o(i.main)
 <LI><a href="#[32]">proximity_1_update_event_handler</a> from main.o(i.proximity_1_update_event_handler) referenced from main.o(i.main)
 <LI><a href="#[23]">pstorage_callback_handler</a> from system_config.o(i.pstorage_callback_handler) referenced from system_config.o(i.CFG_Load)
 <LI><a href="#[2a]">pwm_ready_callback</a> from main.o(i.pwm_ready_callback) referenced from main.o(i.boards_init)
 <LI><a href="#[26]">pwm_ready_tick</a> from app_pwm.o(i.pwm_ready_tick) referenced from app_pwm.o(i.app_pwm_init)
 <LI><a href="#[38]">radio_idle_callback</a> from transport_control.o(i.radio_idle_callback) referenced from transport_control.o(i.tc_on_ts_begin)
 <LI><a href="#[3e]">radio_signal_callback</a> from timeslot.o(i.radio_signal_callback) referenced from timeslot.o(i.timeslot_resume)
 <LI><a href="#[37]">rx_cb</a> from transport_control.o(i.rx_cb) referenced from transport_control.o(i.tc_on_ts_begin)
 <LI><a href="#[35]">softdevice_assertion_handler</a> from softdevice_handler.o(i.softdevice_assertion_handler) referenced from softdevice_handler.o(i.softdevice_handler_init)
 <LI><a href="#[42]">state_erase_data_page_entry_run</a> from pstorage.o(i.state_erase_data_page_entry_run) referenced from pstorage.o(.constdata)
 <LI><a href="#[44]">state_restore_head_entry_run</a> from pstorage.o(i.state_restore_head_entry_run) referenced from pstorage.o(.constdata)
 <LI><a href="#[43]">state_restore_tail_entry_run</a> from pstorage.o(i.state_restore_tail_entry_run) referenced from pstorage.o(.constdata)
 <LI><a href="#[40]">state_swap_erase_entry_run</a> from pstorage.o(i.state_swap_erase_entry_run) referenced from pstorage.o(.constdata)
 <LI><a href="#[41]">state_write_data_swap_entry_run</a> from pstorage.o(i.state_write_data_swap_entry_run) referenced from pstorage.o(.constdata)
 <LI><a href="#[45]">swap_erase_state_run</a> from pstorage.o(i.swap_erase_state_run) referenced from pstorage.o(.constdata)
 <LI><a href="#[29]">sys_evt_dispatch</a> from main.o(i.sys_evt_dispatch) referenced from main.o(i.ble_stack_init)
 <LI><a href="#[48]">tail_restore_state_run</a> from pstorage.o(i.tail_restore_state_run) referenced from pstorage.o(.constdata)
 <LI><a href="#[3b]">timer_btn_1_event_handler</a> from main.o(i.timer_btn_1_event_handler) referenced from main.o(i.timers_init)
 <LI><a href="#[3c]">timer_btn_2_event_handler</a> from main.o(i.timer_btn_2_event_handler) referenced from main.o(i.timers_init)
 <LI><a href="#[34]">timer_cb</a> from timer_scheduler.o(i.timer_cb) referenced from timer_scheduler.o(i.setup_timeout)
 <LI><a href="#[3d]">timer_systick_event_handler</a> from main.o(i.timer_systick_event_handler) referenced from main.o(i.timers_init)
 <LI><a href="#[3a]">timer_touch_event_handler</a> from main.o(i.timer_touch_event_handler) referenced from main.o(i.timers_init)
 <LI><a href="#[3f]">transmit_all_instances</a> from version_handler.o(i.transmit_all_instances) referenced from version_handler.o(i.vh_init)
 <LI><a href="#[3f]">transmit_all_instances</a> from version_handler.o(i.transmit_all_instances) referenced from version_handler.o(i.vh_order_update)
 <LI><a href="#[36]">tx_cb</a> from transport_control.o(i.tx_cb) referenced from transport_control.o(i.tc_on_ts_begin)
 <LI><a href="#[27]">update_timeout_handler</a> from ble_conn_params.o(i.update_timeout_handler) referenced from ble_conn_params.o(i.ble_conn_params_init)
</UL>
<P>
<H3>
Global Symbols
</H3>
<P><STRONG><a name="[22]"></a>__main</STRONG> (Thumb, 0 bytes, Stack size unknown bytes, entry.o(.ARM.Collect$$$$00000000))
<BR>[Address Reference Count : 1]<UL><LI> arm_startup_nrf51.o(.text)
</UL>
<P><STRONG><a name="[1ba]"></a>_main_stk</STRONG> (Thumb, 0 bytes, Stack size unknown bytes, entry2.o(.ARM.Collect$$$$00000001))

<P><STRONG><a name="[4b]"></a>_main_scatterload</STRONG> (Thumb, 0 bytes, Stack size unknown bytes, entry5.o(.ARM.Collect$$$$00000004))
<BR><BR>[Calls]<UL><LI><a href="#[4c]">&gt;&gt;</a>&nbsp;&nbsp;&nbsp;__scatterload
</UL>

<P><STRONG><a name="[56]"></a>__main_after_scatterload</STRONG> (Thumb, 0 bytes, Stack size unknown bytes, entry5.o(.ARM.Collect$$$$00000004))
<BR><BR>[Called By]<UL><LI><a href="#[4c]">&gt;&gt;</a>&nbsp;&nbsp;&nbsp;__scatterload
</UL>

<P><STRONG><a name="[1bb]"></a>_main_clock</STRONG> (Thumb, 0 bytes, Stack size unknown bytes, entry7b.o(.ARM.Collect$$$$00000008))

<P><STRONG><a name="[1bc]"></a>_main_cpp_init</STRONG> (Thumb, 0 bytes, Stack size unknown bytes, entry8b.o(.ARM.Collect$$$$0000000A))

<P><STRONG><a name="[1bd]"></a>_main_init</STRONG> (Thumb, 0 bytes, Stack size unknown bytes, entry9a.o(.ARM.Collect$$$$0000000B))

<P><STRONG><a name="[1be]"></a>__rt_final_cpp</STRONG> (Thumb, 0 bytes, Stack size unknown bytes, entry10a.o(.ARM.Collect$$$$0000000D))

<P><STRONG><a name="[1bf]"></a>__rt_final_exit</STRONG> (Thumb, 0 bytes, Stack size unknown bytes, entry11a.o(.ARM.Collect$$$$0000000F))

<P><STRONG><a name="[4d]"></a>__asm___11_nrf_delay_c_532987f3__nrf_delay_us</STRONG> (Thumb, 30 bytes, Stack size 0 bytes, nrf_delay.o(.emb_text))
<BR><BR>[Calls]<UL><LI><a href="#[4d]">&gt;&gt;</a>&nbsp;&nbsp;&nbsp;__asm___11_nrf_delay_c_532987f3__nrf_delay_us
</UL>
<BR>[Called By]<UL><LI><a href="#[4d]">&gt;&gt;</a>&nbsp;&nbsp;&nbsp;__asm___11_nrf_delay_c_532987f3__nrf_delay_us
<LI><a href="#[72]">&gt;&gt;</a>&nbsp;&nbsp;&nbsp;nrf_delay_ms
</UL>

<P><STRONG><a name="[4e]"></a>__asm___11_app_timer_c_cd27f9c3__nrf_delay_us</STRONG> (Thumb, 30 bytes, Stack size 0 bytes, app_timer.o(.emb_text))
<BR><BR>[Calls]<UL><LI><a href="#[4e]">&gt;&gt;</a>&nbsp;&nbsp;&nbsp;__asm___11_app_timer_c_cd27f9c3__nrf_delay_us
</UL>
<BR>[Called By]<UL><LI><a href="#[4e]">&gt;&gt;</a>&nbsp;&nbsp;&nbsp;__asm___11_app_timer_c_cd27f9c3__nrf_delay_us
<LI><a href="#[d5]">&gt;&gt;</a>&nbsp;&nbsp;&nbsp;rtc1_stop
<LI><a href="#[10e]">&gt;&gt;</a>&nbsp;&nbsp;&nbsp;compare_reg_update
</UL>

<P><STRONG><a name="[1]"></a>Reset_Handler</STRONG> (Thumb, 26 bytes, Stack size 0 bytes, arm_startup_nrf51.o(.text))
<BR>[Address Reference Count : 1]<UL><LI> arm_startup_nrf51.o(RESET)
</UL>
<P><STRONG><a name="[2]"></a>NMI_Handler</STRONG> (Thumb, 2 bytes, Stack size 0 bytes, arm_startup_nrf51.o(.text))
<BR><BR>[Calls]<UL><LI><a href="#[2]">&gt;&gt;</a>&nbsp;&nbsp;&nbsp;NMI_Handler
</UL>
<BR>[Called By]<UL><LI><a href="#[2]">&gt;&gt;</a>&nbsp;&nbsp;&nbsp;NMI_Handler
</UL>
<BR>[Address Reference Count : 1]<UL><LI> arm_startup_nrf51.o(RESET)
</UL>
<P><STRONG><a name="[3]"></a>HardFault_Handler</STRONG> (Thumb, 2 bytes, Stack size 0 bytes, arm_startup_nrf51.o(.text))
<BR><BR>[Calls]<UL><LI><a href="#[3]">&gt;&gt;</a>&nbsp;&nbsp;&nbsp;HardFault_Handler
</UL>
<BR>[Called By]<UL><LI><a href="#[3]">&gt;&gt;</a>&nbsp;&nbsp;&nbsp;HardFault_Handler
</UL>
<BR>[Address Reference Count : 1]<UL><LI> arm_startup_nrf51.o(RESET)
</UL>
<P><STRONG><a name="[4]"></a>SVC_Handler</STRONG> (Thumb, 2 bytes, Stack size 0 bytes, arm_startup_nrf51.o(.text))
<BR><BR>[Calls]<UL><LI><a href="#[4]">&gt;&gt;</a>&nbsp;&nbsp;&nbsp;SVC_Handler
</UL>
<BR>[Called By]<UL><LI><a href="#[4]">&gt;&gt;</a>&nbsp;&nbsp;&nbsp;SVC_Handler
</UL>
<BR>[Address Reference Count : 1]<UL><LI> arm_startup_nrf51.o(RESET)
</UL>
<P><STRONG><a name="[5]"></a>PendSV_Handler</STRONG> (Thumb, 2 bytes, Stack size 0 bytes, arm_startup_nrf51.o(.text))
<BR><BR>[Calls]<UL><LI><a href="#[5]">&gt;&gt;</a>&nbsp;&nbsp;&nbsp;PendSV_Handler
</UL>
<BR>[Called By]<UL><LI><a href="#[5]">&gt;&gt;</a>&nbsp;&nbsp;&nbsp;PendSV_Handler
</UL>
<BR>[Address Reference Count : 1]<UL><LI> arm_startup_nrf51.o(RESET)
</UL>
<P><STRONG><a name="[6]"></a>SysTick_Handler</STRONG> (Thumb, 2 bytes, Stack size 0 bytes, arm_startup_nrf51.o(.text))
<BR><BR>[Calls]<UL><LI><a href="#[6]">&gt;&gt;</a>&nbsp;&nbsp;&nbsp;SysTick_Handler
</UL>
<BR>[Called By]<UL><LI><a href="#[6]">&gt;&gt;</a>&nbsp;&nbsp;&nbsp;SysTick_Handler
</UL>
<BR>[Address Reference Count : 1]<UL><LI> arm_startup_nrf51.o(RESET)
</UL>
<P><STRONG><a name="[d]"></a>ADC_IRQHandler</STRONG> (Thumb, 0 bytes, Stack size 0 bytes, arm_startup_nrf51.o(.text))
<BR><BR>[Calls]<UL><LI><a href="#[d]">&gt;&gt;</a>&nbsp;&nbsp;&nbsp;ADC_IRQHandler
</UL>
<BR>[Called By]<UL><LI><a href="#[d]">&gt;&gt;</a>&nbsp;&nbsp;&nbsp;ADC_IRQHandler
</UL>
<BR>[Address Reference Count : 1]<UL><LI> arm_startup_nrf51.o(RESET)
</UL>
<P><STRONG><a name="[15]"></a>CCM_AAR_IRQHandler</STRONG> (Thumb, 0 bytes, Stack size 0 bytes, arm_startup_nrf51.o(.text))
<BR>[Address Reference Count : 1]<UL><LI> arm_startup_nrf51.o(RESET)
</UL>
<P><STRONG><a name="[14]"></a>ECB_IRQHandler</STRONG> (Thumb, 0 bytes, Stack size 0 bytes, arm_startup_nrf51.o(.text))
<BR>[Address Reference Count : 1]<UL><LI> arm_startup_nrf51.o(RESET)
</UL>
<P><STRONG><a name="[19]"></a>LPCOMP_IRQHandler</STRONG> (Thumb, 0 bytes, Stack size 0 bytes, arm_startup_nrf51.o(.text))
<BR>[Address Reference Count : 1]<UL><LI> arm_startup_nrf51.o(RESET)
</UL>
<P><STRONG><a name="[7]"></a>POWER_CLOCK_IRQHandler</STRONG> (Thumb, 0 bytes, Stack size 0 bytes, arm_startup_nrf51.o(.text))
<BR>[Address Reference Count : 1]<UL><LI> arm_startup_nrf51.o(RESET)
</UL>
<P><STRONG><a name="[8]"></a>RADIO_IRQHandler</STRONG> (Thumb, 0 bytes, Stack size 0 bytes, arm_startup_nrf51.o(.text))
<BR>[Address Reference Count : 1]<UL><LI> arm_startup_nrf51.o(RESET)
</UL>
<P><STRONG><a name="[13]"></a>RNG_IRQHandler</STRONG> (Thumb, 0 bytes, Stack size 0 bytes, arm_startup_nrf51.o(.text))
<BR>[Address Reference Count : 1]<UL><LI> arm_startup_nrf51.o(RESET)
</UL>
<P><STRONG><a name="[11]"></a>RTC0_IRQHandler</STRONG> (Thumb, 0 bytes, Stack size 0 bytes, arm_startup_nrf51.o(.text))
<BR>[Address Reference Count : 1]<UL><LI> arm_startup_nrf51.o(RESET)
</UL>
<P><STRONG><a name="[a]"></a>SPI0_TWI0_IRQHandler</STRONG> (Thumb, 0 bytes, Stack size 0 bytes, arm_startup_nrf51.o(.text))
<BR>[Address Reference Count : 1]<UL><LI> arm_startup_nrf51.o(RESET)
</UL>
<P><STRONG><a name="[b]"></a>SPI1_TWI1_IRQHandler</STRONG> (Thumb, 0 bytes, Stack size 0 bytes, arm_startup_nrf51.o(.text))
<BR>[Address Reference Count : 1]<UL><LI> arm_startup_nrf51.o(RESET)
</UL>
<P><STRONG><a name="[1b]"></a>SWI1_IRQHandler</STRONG> (Thumb, 0 bytes, Stack size 0 bytes, arm_startup_nrf51.o(.text))
<BR>[Address Reference Count : 1]<UL><LI> arm_startup_nrf51.o(RESET)
</UL>
<P><STRONG><a name="[1d]"></a>SWI3_IRQHandler</STRONG> (Thumb, 0 bytes, Stack size 0 bytes, arm_startup_nrf51.o(.text))
<BR>[Address Reference Count : 1]<UL><LI> arm_startup_nrf51.o(RESET)
</UL>
<P><STRONG><a name="[1e]"></a>SWI4_IRQHandler</STRONG> (Thumb, 0 bytes, Stack size 0 bytes, arm_startup_nrf51.o(.text))
<BR>[Address Reference Count : 1]<UL><LI> arm_startup_nrf51.o(RESET)
</UL>
<P><STRONG><a name="[1f]"></a>SWI5_IRQHandler</STRONG> (Thumb, 0 bytes, Stack size 0 bytes, arm_startup_nrf51.o(.text))
<BR>[Address Reference Count : 1]<UL><LI> arm_startup_nrf51.o(RESET)
</UL>
<P><STRONG><a name="[12]"></a>TEMP_IRQHandler</STRONG> (Thumb, 0 bytes, Stack size 0 bytes, arm_startup_nrf51.o(.text))
<BR>[Address Reference Count : 1]<UL><LI> arm_startup_nrf51.o(RESET)
</UL>
<P><STRONG><a name="[10]"></a>TIMER2_IRQHandler</STRONG> (Thumb, 0 bytes, Stack size 0 bytes, arm_startup_nrf51.o(.text))
<BR>[Address Reference Count : 1]<UL><LI> arm_startup_nrf51.o(RESET)
</UL>
<P><STRONG><a name="[9]"></a>UART0_IRQHandler</STRONG> (Thumb, 0 bytes, Stack size 0 bytes, arm_startup_nrf51.o(.text))
<BR>[Address Reference Count : 1]<UL><LI> arm_startup_nrf51.o(RESET)
</UL>
<P><STRONG><a name="[16]"></a>WDT_IRQHandler</STRONG> (Thumb, 0 bytes, Stack size 0 bytes, arm_startup_nrf51.o(.text))
<BR>[Address Reference Count : 1]<UL><LI> arm_startup_nrf51.o(RESET)
</UL>
<P><STRONG><a name="[1c0]"></a>__aeabi_uidiv</STRONG> (Thumb, 0 bytes, Stack size 12 bytes, uidiv.o(.text), UNUSED)

<P><STRONG><a name="[50]"></a>__aeabi_uidivmod</STRONG> (Thumb, 44 bytes, Stack size 12 bytes, uidiv.o(.text))
<BR><BR>[Stack]<UL><LI>Max Depth = 12<LI>Call Chain = __aeabi_uidivmod
</UL>
<BR>[Called By]<UL><LI><a href="#[184]">&gt;&gt;</a>&nbsp;&nbsp;&nbsp;pstorage_clear
<LI><a href="#[b8]">&gt;&gt;</a>&nbsp;&nbsp;&nbsp;app_pwm_channel_duty_set
<LI><a href="#[40]">&gt;&gt;</a>&nbsp;&nbsp;&nbsp;state_swap_erase_entry_run
<LI><a href="#[43]">&gt;&gt;</a>&nbsp;&nbsp;&nbsp;state_restore_tail_entry_run
<LI><a href="#[1a8]">&gt;&gt;</a>&nbsp;&nbsp;&nbsp;state_data_erase_swap_entry_run
<LI><a href="#[186]">&gt;&gt;</a>&nbsp;&nbsp;&nbsp;pstorage_flash_page_end
<LI><a href="#[114]">&gt;&gt;</a>&nbsp;&nbsp;&nbsp;is_page_erase_required
<LI><a href="#[49]">&gt;&gt;</a>&nbsp;&nbsp;&nbsp;head_restore_state_run
<LI><a href="#[107]">&gt;&gt;</a>&nbsp;&nbsp;&nbsp;clear_operation_execute
<LI><a href="#[133]">&gt;&gt;</a>&nbsp;&nbsp;&nbsp;mesh_packet_ref_count_inc
<LI><a href="#[e8]">&gt;&gt;</a>&nbsp;&nbsp;&nbsp;mesh_packet_ref_count_dec
<LI><a href="#[1a7]">&gt;&gt;</a>&nbsp;&nbsp;&nbsp;refresh_t
<LI><a href="#[117]">&gt;&gt;</a>&nbsp;&nbsp;&nbsp;end_timer_margin
<LI><a href="#[a4]">&gt;&gt;</a>&nbsp;&nbsp;&nbsp;_printf_core
<LI><a href="#[4f]">&gt;&gt;</a>&nbsp;&nbsp;&nbsp;__aeabi_idivmod
</UL>

<P><STRONG><a name="[1c1]"></a>__aeabi_idiv</STRONG> (Thumb, 0 bytes, Stack size 16 bytes, idiv.o(.text), UNUSED)

<P><STRONG><a name="[4f]"></a>__aeabi_idivmod</STRONG> (Thumb, 40 bytes, Stack size 16 bytes, idiv.o(.text))
<BR><BR>[Stack]<UL><LI>Max Depth = 28<LI>Call Chain = __aeabi_idivmod &rArr; __aeabi_uidivmod
</UL>
<BR>[Calls]<UL><LI><a href="#[50]">&gt;&gt;</a>&nbsp;&nbsp;&nbsp;__aeabi_uidivmod
</UL>
<BR>[Called By]<UL><LI><a href="#[5a]">&gt;&gt;</a>&nbsp;&nbsp;&nbsp;pstorage_register
</UL>

<P><STRONG><a name="[51]"></a>__aeabi_lmul</STRONG> (Thumb, 122 bytes, Stack size 64 bytes, llmul.o(.text))
<BR><BR>[Stack]<UL><LI>Max Depth = 72<LI>Call Chain = __aeabi_lmul &rArr; __aeabi_llsl
</UL>
<BR>[Calls]<UL><LI><a href="#[52]">&gt;&gt;</a>&nbsp;&nbsp;&nbsp;__aeabi_llsl
</UL>
<BR>[Called By]<UL><LI><a href="#[194]">&gt;&gt;</a>&nbsp;&nbsp;&nbsp;start_time_update
</UL>

<P><STRONG><a name="[1c2]"></a>_ll_mul</STRONG> (Thumb, 0 bytes, Stack size 64 bytes, llmul.o(.text), UNUSED)

<P><STRONG><a name="[84]"></a>__aeabi_memcpy</STRONG> (Thumb, 36 bytes, Stack size 0 bytes, memcpya.o(.text))
<BR><BR>[Called By]<UL><LI><a href="#[ac]">&gt;&gt;</a>&nbsp;&nbsp;&nbsp;service_data_encode
<LI><a href="#[ab]">&gt;&gt;</a>&nbsp;&nbsp;&nbsp;manuf_specific_data_encode
<LI><a href="#[a7]">&gt;&gt;</a>&nbsp;&nbsp;&nbsp;ble_device_addr_encode
<LI><a href="#[187]">&gt;&gt;</a>&nbsp;&nbsp;&nbsp;pstorage_load
<LI><a href="#[14c]">&gt;&gt;</a>&nbsp;&nbsp;&nbsp;update_mesh_comm_address
<LI><a href="#[f3]">&gt;&gt;</a>&nbsp;&nbsp;&nbsp;ble_conn_params_on_ble_evt
<LI><a href="#[f1]">&gt;&gt;</a>&nbsp;&nbsp;&nbsp;ble_conn_params_init
<LI><a href="#[8f]">&gt;&gt;</a>&nbsp;&nbsp;&nbsp;IKY_BLE_Task
<LI><a href="#[20]">&gt;&gt;</a>&nbsp;&nbsp;&nbsp;main
<LI><a href="#[154]">&gt;&gt;</a>&nbsp;&nbsp;&nbsp;md5_process
<LI><a href="#[70]">&gt;&gt;</a>&nbsp;&nbsp;&nbsp;md5_append
<LI><a href="#[88]">&gt;&gt;</a>&nbsp;&nbsp;&nbsp;IKY_Decrypt
<LI><a href="#[166]">&gt;&gt;</a>&nbsp;&nbsp;&nbsp;mesh_packet_set_local_addr
<LI><a href="#[164]">&gt;&gt;</a>&nbsp;&nbsp;&nbsp;mesh_gatt_value_set
<LI><a href="#[130]">&gt;&gt;</a>&nbsp;&nbsp;&nbsp;mesh_packet_build
<LI><a href="#[120]">&gt;&gt;</a>&nbsp;&nbsp;&nbsp;fifo_peek_at
<LI><a href="#[de]">&gt;&gt;</a>&nbsp;&nbsp;&nbsp;tc_packet_handler
<LI><a href="#[11e]">&gt;&gt;</a>&nbsp;&nbsp;&nbsp;fifo_push
<LI><a href="#[118]">&gt;&gt;</a>&nbsp;&nbsp;&nbsp;fifo_pop
<LI><a href="#[8d]">&gt;&gt;</a>&nbsp;&nbsp;&nbsp;IKY_BLE_PutReport
<LI><a href="#[83]">&gt;&gt;</a>&nbsp;&nbsp;&nbsp;IKY_BLE_ProcessData
<LI><a href="#[1aa]">&gt;&gt;</a>&nbsp;&nbsp;&nbsp;vh_rx
</UL>

<P><STRONG><a name="[ea]"></a>__aeabi_memcpy4</STRONG> (Thumb, 0 bytes, Stack size 0 bytes, memcpya.o(.text))
<BR><BR>[Called By]<UL><LI><a href="#[f1]">&gt;&gt;</a>&nbsp;&nbsp;&nbsp;ble_conn_params_init
<LI><a href="#[af]">&gt;&gt;</a>&nbsp;&nbsp;&nbsp;ble_advertising_init
<LI><a href="#[102]">&gt;&gt;</a>&nbsp;&nbsp;&nbsp;boards_init
<LI><a href="#[36]">&gt;&gt;</a>&nbsp;&nbsp;&nbsp;tx_cb
</UL>

<P><STRONG><a name="[1c3]"></a>__aeabi_memcpy8</STRONG> (Thumb, 0 bytes, Stack size 0 bytes, memcpya.o(.text), UNUSED)

<P><STRONG><a name="[54]"></a>__aeabi_memset</STRONG> (Thumb, 14 bytes, Stack size 0 bytes, memseta.o(.text))
<BR><BR>[Called By]<UL><LI><a href="#[55]">&gt;&gt;</a>&nbsp;&nbsp;&nbsp;_memset$wrapper
<LI><a href="#[53]">&gt;&gt;</a>&nbsp;&nbsp;&nbsp;__aeabi_memclr
</UL>

<P><STRONG><a name="[1c4]"></a>__aeabi_memset4</STRONG> (Thumb, 0 bytes, Stack size 0 bytes, memseta.o(.text), UNUSED)

<P><STRONG><a name="[1c5]"></a>__aeabi_memset8</STRONG> (Thumb, 0 bytes, Stack size 0 bytes, memseta.o(.text), UNUSED)

<P><STRONG><a name="[53]"></a>__aeabi_memclr</STRONG> (Thumb, 4 bytes, Stack size 0 bytes, memseta.o(.text))
<BR><BR>[Calls]<UL><LI><a href="#[54]">&gt;&gt;</a>&nbsp;&nbsp;&nbsp;__aeabi_memset
</UL>
<BR>[Called By]<UL><LI><a href="#[92]">&gt;&gt;</a>&nbsp;&nbsp;&nbsp;IKY_BLE_TaskInit
<LI><a href="#[8f]">&gt;&gt;</a>&nbsp;&nbsp;&nbsp;IKY_BLE_Task
<LI><a href="#[83]">&gt;&gt;</a>&nbsp;&nbsp;&nbsp;IKY_BLE_ProcessData
</UL>

<P><STRONG><a name="[5d]"></a>__aeabi_memclr4</STRONG> (Thumb, 0 bytes, Stack size 0 bytes, memseta.o(.text))
<BR><BR>[Called By]<UL><LI><a href="#[fa]">&gt;&gt;</a>&nbsp;&nbsp;&nbsp;tx_char_add
<LI><a href="#[f9]">&gt;&gt;</a>&nbsp;&nbsp;&nbsp;rx_char_add
<LI><a href="#[eb]">&gt;&gt;</a>&nbsp;&nbsp;&nbsp;ble_advertising_peer_address_clear
<LI><a href="#[ed]">&gt;&gt;</a>&nbsp;&nbsp;&nbsp;ble_advertising_start
<LI><a href="#[af]">&gt;&gt;</a>&nbsp;&nbsp;&nbsp;ble_advertising_init
<LI><a href="#[b0]">&gt;&gt;</a>&nbsp;&nbsp;&nbsp;app_gpiote_init
<LI><a href="#[63]">&gt;&gt;</a>&nbsp;&nbsp;&nbsp;CY8CMBR3xxx_Configure
<LI><a href="#[57]">&gt;&gt;</a>&nbsp;&nbsp;&nbsp;CFG_Load
<LI><a href="#[20]">&gt;&gt;</a>&nbsp;&nbsp;&nbsp;main
<LI><a href="#[ae]">&gt;&gt;</a>&nbsp;&nbsp;&nbsp;advertising_init
<LI><a href="#[88]">&gt;&gt;</a>&nbsp;&nbsp;&nbsp;IKY_Decrypt
<LI><a href="#[85]">&gt;&gt;</a>&nbsp;&nbsp;&nbsp;IKY_CalcPINBlock
<LI><a href="#[15a]">&gt;&gt;</a>&nbsp;&nbsp;&nbsp;mesh_value_char_add
<LI><a href="#[159]">&gt;&gt;</a>&nbsp;&nbsp;&nbsp;mesh_md_char_add
</UL>

<P><STRONG><a name="[1c6]"></a>__aeabi_memclr8</STRONG> (Thumb, 0 bytes, Stack size 0 bytes, memseta.o(.text), UNUSED)

<P><STRONG><a name="[55]"></a>_memset$wrapper</STRONG> (Thumb, 18 bytes, Stack size 8 bytes, memseta.o(.text), UNUSED)
<BR><BR>[Calls]<UL><LI><a href="#[54]">&gt;&gt;</a>&nbsp;&nbsp;&nbsp;__aeabi_memset
</UL>

<P><STRONG><a name="[128]"></a>strlen</STRONG> (Thumb, 14 bytes, Stack size 0 bytes, strlen.o(.text))
<BR><BR>[Called By]<UL><LI><a href="#[127]">&gt;&gt;</a>&nbsp;&nbsp;&nbsp;gap_params_init
</UL>

<P><STRONG><a name="[155]"></a>memcmp</STRONG> (Thumb, 26 bytes, Stack size 12 bytes, memcmp.o(.text))
<BR><BR>[Stack]<UL><LI>Max Depth = 12<LI>Call Chain = memcmp
</UL>
<BR>[Called By]<UL><LI><a href="#[150]">&gt;&gt;</a>&nbsp;&nbsp;&nbsp;mesh_comm_address_is_valid
<LI><a href="#[1aa]">&gt;&gt;</a>&nbsp;&nbsp;&nbsp;vh_rx
</UL>

<P><STRONG><a name="[82]"></a>__aeabi_uread4</STRONG> (Thumb, 20 bytes, Stack size 0 bytes, uread4.o(.text))
<BR><BR>[Called By]<UL><LI><a href="#[95]">&gt;&gt;</a>&nbsp;&nbsp;&nbsp;TDES_encrypt
<LI><a href="#[13f]">&gt;&gt;</a>&nbsp;&nbsp;&nbsp;trickle_tx_register
<LI><a href="#[111]">&gt;&gt;</a>&nbsp;&nbsp;&nbsp;trickle_timer_reset
<LI><a href="#[13d]">&gt;&gt;</a>&nbsp;&nbsp;&nbsp;trickle_rx_inconsistent
<LI><a href="#[8d]">&gt;&gt;</a>&nbsp;&nbsp;&nbsp;IKY_BLE_PutReport
<LI><a href="#[8b]">&gt;&gt;</a>&nbsp;&nbsp;&nbsp;IKY_BLE_PutData
<LI><a href="#[83]">&gt;&gt;</a>&nbsp;&nbsp;&nbsp;IKY_BLE_ProcessData
<LI><a href="#[80]">&gt;&gt;</a>&nbsp;&nbsp;&nbsp;IKY_BLE_ParserPacket
<LI><a href="#[1a7]">&gt;&gt;</a>&nbsp;&nbsp;&nbsp;refresh_t
<LI><a href="#[105]">&gt;&gt;</a>&nbsp;&nbsp;&nbsp;check_interval
</UL>

<P><STRONG><a name="[1c7]"></a>__rt_uread4</STRONG> (Thumb, 0 bytes, Stack size 0 bytes, uread4.o(.text), UNUSED)

<P><STRONG><a name="[1c8]"></a>_uread4</STRONG> (Thumb, 0 bytes, Stack size 0 bytes, uread4.o(.text), UNUSED)

<P><STRONG><a name="[62]"></a>__aeabi_uwrite4</STRONG> (Thumb, 18 bytes, Stack size 0 bytes, uwrite4.o(.text))
<BR><BR>[Called By]<UL><LI><a href="#[92]">&gt;&gt;</a>&nbsp;&nbsp;&nbsp;IKY_BLE_TaskInit
<LI><a href="#[5f]">&gt;&gt;</a>&nbsp;&nbsp;&nbsp;CFG_Save_Task
<LI><a href="#[13f]">&gt;&gt;</a>&nbsp;&nbsp;&nbsp;trickle_tx_register
<LI><a href="#[111]">&gt;&gt;</a>&nbsp;&nbsp;&nbsp;trickle_timer_reset
<LI><a href="#[1a7]">&gt;&gt;</a>&nbsp;&nbsp;&nbsp;refresh_t
<LI><a href="#[105]">&gt;&gt;</a>&nbsp;&nbsp;&nbsp;check_interval
</UL>

<P><STRONG><a name="[1c9]"></a>__rt_uwrite4</STRONG> (Thumb, 0 bytes, Stack size 0 bytes, uwrite4.o(.text), UNUSED)

<P><STRONG><a name="[1ca]"></a>_uwrite4</STRONG> (Thumb, 0 bytes, Stack size 0 bytes, uwrite4.o(.text), UNUSED)

<P><STRONG><a name="[52]"></a>__aeabi_llsl</STRONG> (Thumb, 32 bytes, Stack size 8 bytes, llshl.o(.text))
<BR><BR>[Stack]<UL><LI>Max Depth = 8<LI>Call Chain = __aeabi_llsl
</UL>
<BR>[Called By]<UL><LI><a href="#[51]">&gt;&gt;</a>&nbsp;&nbsp;&nbsp;__aeabi_lmul
</UL>

<P><STRONG><a name="[1cb]"></a>_ll_shift_l</STRONG> (Thumb, 0 bytes, Stack size 8 bytes, llshl.o(.text), UNUSED)

<P><STRONG><a name="[4c]"></a>__scatterload</STRONG> (Thumb, 28 bytes, Stack size 0 bytes, init.o(.text))
<BR><BR>[Calls]<UL><LI><a href="#[56]">&gt;&gt;</a>&nbsp;&nbsp;&nbsp;__main_after_scatterload
</UL>
<BR>[Called By]<UL><LI><a href="#[4b]">&gt;&gt;</a>&nbsp;&nbsp;&nbsp;_main_scatterload
</UL>

<P><STRONG><a name="[1cc]"></a>__scatterload_rt2</STRONG> (Thumb, 0 bytes, Stack size 0 bytes, init.o(.text), UNUSED)

<P><STRONG><a name="[1cd]"></a>__decompress</STRONG> (Thumb, 0 bytes, Stack size unknown bytes, __dczerorl2.o(.text), UNUSED)

<P><STRONG><a name="[1ce]"></a>__decompress1</STRONG> (Thumb, 86 bytes, Stack size unknown bytes, __dczerorl2.o(.text), UNUSED)

<P><STRONG><a name="[57]"></a>CFG_Load</STRONG> (Thumb, 136 bytes, Stack size 24 bytes, system_config.o(i.CFG_Load))
<BR><BR>[Stack]<UL><LI>Max Depth = 200<LI>Call Chain = CFG_Load &rArr; system_config_save &rArr; pstorage_clear &rArr; cmd_queue_enqueue &rArr; cmd_process &rArr; clear_operation_execute &rArr; sm_state_change &rArr;  cmd_process (Cycle)
</UL>
<BR>[Calls]<UL><LI><a href="#[5a]">&gt;&gt;</a>&nbsp;&nbsp;&nbsp;pstorage_register
<LI><a href="#[58]">&gt;&gt;</a>&nbsp;&nbsp;&nbsp;pstorage_init
<LI><a href="#[5c]">&gt;&gt;</a>&nbsp;&nbsp;&nbsp;system_config_save
<LI><a href="#[5b]">&gt;&gt;</a>&nbsp;&nbsp;&nbsp;system_config_load
<LI><a href="#[59]">&gt;&gt;</a>&nbsp;&nbsp;&nbsp;app_error_handler
<LI><a href="#[5e]">&gt;&gt;</a>&nbsp;&nbsp;&nbsp;__2sprintf
<LI><a href="#[5d]">&gt;&gt;</a>&nbsp;&nbsp;&nbsp;__aeabi_memclr4
</UL>
<BR>[Called By]<UL><LI><a href="#[20]">&gt;&gt;</a>&nbsp;&nbsp;&nbsp;main
</UL>

<P><STRONG><a name="[5f]"></a>CFG_Save_Task</STRONG> (Thumb, 60 bytes, Stack size 16 bytes, system_config.o(i.CFG_Save_Task))
<BR><BR>[Stack]<UL><LI>Max Depth = 192<LI>Call Chain = CFG_Save_Task &rArr; system_config_save &rArr; pstorage_clear &rArr; cmd_queue_enqueue &rArr; cmd_process &rArr; clear_operation_execute &rArr; sm_state_change &rArr;  cmd_process (Cycle)
</UL>
<BR>[Calls]<UL><LI><a href="#[60]">&gt;&gt;</a>&nbsp;&nbsp;&nbsp;pstorage_access_status_get
<LI><a href="#[61]">&gt;&gt;</a>&nbsp;&nbsp;&nbsp;system_config_calc_checksum
<LI><a href="#[5c]">&gt;&gt;</a>&nbsp;&nbsp;&nbsp;system_config_save
<LI><a href="#[62]">&gt;&gt;</a>&nbsp;&nbsp;&nbsp;__aeabi_uwrite4
</UL>
<BR>[Called By]<UL><LI><a href="#[20]">&gt;&gt;</a>&nbsp;&nbsp;&nbsp;main
</UL>

<P><STRONG><a name="[63]"></a>CY8CMBR3xxx_Configure</STRONG> (Thumb, 180 bytes, Stack size 168 bytes, cy8cmbr3xxx_apis.o(i.CY8CMBR3xxx_Configure))
<BR><BR>[Stack]<UL><LI>Max Depth = 292<LI>Call Chain = CY8CMBR3xxx_Configure &rArr; CY8CMBR3xxx_VerifyDeviceOnBus &rArr; Host_LowLevelRead &rArr; I2C___BlockRead &rArr; I2C_read &rArr; I2CMasterRead &rArr; nrf_gpio_cfg_output &rArr; nrf_gpio_cfg
</UL>
<BR>[Calls]<UL><LI><a href="#[65]">&gt;&gt;</a>&nbsp;&nbsp;&nbsp;Host_LowLevelWrite
<LI><a href="#[66]">&gt;&gt;</a>&nbsp;&nbsp;&nbsp;Host_LowLevelRead
<LI><a href="#[68]">&gt;&gt;</a>&nbsp;&nbsp;&nbsp;Host_LowLevelDelay
<LI><a href="#[69]">&gt;&gt;</a>&nbsp;&nbsp;&nbsp;CY8CMRB3xxx_CheckCommandStatus
<LI><a href="#[64]">&gt;&gt;</a>&nbsp;&nbsp;&nbsp;CY8CMBR3xxx_VerifyDeviceOnBus
<LI><a href="#[67]">&gt;&gt;</a>&nbsp;&nbsp;&nbsp;CY8CMBR3xxx_SendCommand
<LI><a href="#[5d]">&gt;&gt;</a>&nbsp;&nbsp;&nbsp;__aeabi_memclr4
</UL>
<BR>[Called By]<UL><LI><a href="#[20]">&gt;&gt;</a>&nbsp;&nbsp;&nbsp;main
</UL>

<P><STRONG><a name="[6a]"></a>CY8CMBR3xxx_ReadSensorStatus</STRONG> (Thumb, 112 bytes, Stack size 32 bytes, cy8cmbr3xxx_apis.o(i.CY8CMBR3xxx_ReadSensorStatus))
<BR><BR>[Stack]<UL><LI>Max Depth = 124<LI>Call Chain = CY8CMBR3xxx_ReadSensorStatus &rArr; Host_LowLevelRead &rArr; I2C___BlockRead &rArr; I2C_read &rArr; I2CMasterRead &rArr; nrf_gpio_cfg_output &rArr; nrf_gpio_cfg
</UL>
<BR>[Calls]<UL><LI><a href="#[65]">&gt;&gt;</a>&nbsp;&nbsp;&nbsp;Host_LowLevelWrite
<LI><a href="#[66]">&gt;&gt;</a>&nbsp;&nbsp;&nbsp;Host_LowLevelRead
</UL>
<BR>[Called By]<UL><LI><a href="#[3a]">&gt;&gt;</a>&nbsp;&nbsp;&nbsp;timer_touch_event_handler
</UL>

<P><STRONG><a name="[67]"></a>CY8CMBR3xxx_SendCommand</STRONG> (Thumb, 36 bytes, Stack size 8 bytes, cy8cmbr3xxx_apis.o(i.CY8CMBR3xxx_SendCommand))
<BR><BR>[Stack]<UL><LI>Max Depth = 84<LI>Call Chain = CY8CMBR3xxx_SendCommand &rArr; Host_LowLevelWrite &rArr; I2C___BlockWrite &rArr; I2C_write &rArr; nrf_gpio_cfg_output &rArr; nrf_gpio_cfg
</UL>
<BR>[Calls]<UL><LI><a href="#[65]">&gt;&gt;</a>&nbsp;&nbsp;&nbsp;Host_LowLevelWrite
</UL>
<BR>[Called By]<UL><LI><a href="#[63]">&gt;&gt;</a>&nbsp;&nbsp;&nbsp;CY8CMBR3xxx_Configure
</UL>

<P><STRONG><a name="[64]"></a>CY8CMBR3xxx_VerifyDeviceOnBus</STRONG> (Thumb, 94 bytes, Stack size 32 bytes, cy8cmbr3xxx_apis.o(i.CY8CMBR3xxx_VerifyDeviceOnBus))
<BR><BR>[Stack]<UL><LI>Max Depth = 124<LI>Call Chain = CY8CMBR3xxx_VerifyDeviceOnBus &rArr; Host_LowLevelRead &rArr; I2C___BlockRead &rArr; I2C_read &rArr; I2CMasterRead &rArr; nrf_gpio_cfg_output &rArr; nrf_gpio_cfg
</UL>
<BR>[Calls]<UL><LI><a href="#[65]">&gt;&gt;</a>&nbsp;&nbsp;&nbsp;Host_LowLevelWrite
<LI><a href="#[66]">&gt;&gt;</a>&nbsp;&nbsp;&nbsp;Host_LowLevelRead
</UL>
<BR>[Called By]<UL><LI><a href="#[63]">&gt;&gt;</a>&nbsp;&nbsp;&nbsp;CY8CMBR3xxx_Configure
</UL>

<P><STRONG><a name="[69]"></a>CY8CMRB3xxx_CheckCommandStatus</STRONG> (Thumb, 90 bytes, Stack size 24 bytes, cy8cmbr3xxx_apis.o(i.CY8CMRB3xxx_CheckCommandStatus))
<BR><BR>[Stack]<UL><LI>Max Depth = 116<LI>Call Chain = CY8CMRB3xxx_CheckCommandStatus &rArr; Host_LowLevelRead &rArr; I2C___BlockRead &rArr; I2C_read &rArr; I2CMasterRead &rArr; nrf_gpio_cfg_output &rArr; nrf_gpio_cfg
</UL>
<BR>[Calls]<UL><LI><a href="#[65]">&gt;&gt;</a>&nbsp;&nbsp;&nbsp;Host_LowLevelWrite
<LI><a href="#[66]">&gt;&gt;</a>&nbsp;&nbsp;&nbsp;Host_LowLevelRead
</UL>
<BR>[Called By]<UL><LI><a href="#[63]">&gt;&gt;</a>&nbsp;&nbsp;&nbsp;CY8CMBR3xxx_Configure
</UL>

<P><STRONG><a name="[9b]"></a>CheckTimeout</STRONG> (Thumb, 44 bytes, Stack size 8 bytes, sys_tick.o(i.CheckTimeout))
<BR><BR>[Stack]<UL><LI>Max Depth = 8<LI>Call Chain = CheckTimeout
</UL>
<BR>[Called By]<UL><LI><a href="#[9a]">&gt;&gt;</a>&nbsp;&nbsp;&nbsp;ResetMcuTask
<LI><a href="#[3a]">&gt;&gt;</a>&nbsp;&nbsp;&nbsp;timer_touch_event_handler
<LI><a href="#[20]">&gt;&gt;</a>&nbsp;&nbsp;&nbsp;main
<LI><a href="#[fb]">&gt;&gt;</a>&nbsp;&nbsp;&nbsp;ble_nus_send_task
</UL>

<P><STRONG><a name="[c]"></a>GPIOTE_IRQHandler</STRONG> (Thumb, 234 bytes, Stack size 24 bytes, nrf_drv_gpiote.o(i.GPIOTE_IRQHandler))
<BR><BR>[Stack]<UL><LI>Max Depth = 24<LI>Call Chain = GPIOTE_IRQHandler
</UL>
<BR>[Calls]<UL><LI><a href="#[6b]">&gt;&gt;</a>&nbsp;&nbsp;&nbsp;nrf_gpiote_event_is_set
<LI><a href="#[6d]">&gt;&gt;</a>&nbsp;&nbsp;&nbsp;nrf_gpio_cfg_sense_set
<LI><a href="#[6c]">&gt;&gt;</a>&nbsp;&nbsp;&nbsp;channel_port_get
</UL>
<BR>[Address Reference Count : 1]<UL><LI> arm_startup_nrf51.o(RESET)
</UL>
<P><STRONG><a name="[6e]"></a>HashMD5</STRONG> (Thumb, 38 bytes, Stack size 104 bytes, iky_encrypt.o(i.HashMD5))
<BR><BR>[Stack]<UL><LI>Max Depth = 368<LI>Call Chain = HashMD5 &rArr; md5_finish &rArr; md5_append &rArr; md5_process
</UL>
<BR>[Calls]<UL><LI><a href="#[6f]">&gt;&gt;</a>&nbsp;&nbsp;&nbsp;md5_init
<LI><a href="#[71]">&gt;&gt;</a>&nbsp;&nbsp;&nbsp;md5_finish
<LI><a href="#[70]">&gt;&gt;</a>&nbsp;&nbsp;&nbsp;md5_append
</UL>
<BR>[Called By]<UL><LI><a href="#[85]">&gt;&gt;</a>&nbsp;&nbsp;&nbsp;IKY_CalcPINBlock
</UL>

<P><STRONG><a name="[68]"></a>Host_LowLevelDelay</STRONG> (Thumb, 8 bytes, Stack size 8 bytes, cy8cmbr3xxx_hostfunctions.o(i.Host_LowLevelDelay))
<BR><BR>[Stack]<UL><LI>Max Depth = 24<LI>Call Chain = Host_LowLevelDelay &rArr; nrf_delay_ms
</UL>
<BR>[Calls]<UL><LI><a href="#[72]">&gt;&gt;</a>&nbsp;&nbsp;&nbsp;nrf_delay_ms
</UL>
<BR>[Called By]<UL><LI><a href="#[63]">&gt;&gt;</a>&nbsp;&nbsp;&nbsp;CY8CMBR3xxx_Configure
</UL>

<P><STRONG><a name="[66]"></a>Host_LowLevelRead</STRONG> (Thumb, 18 bytes, Stack size 8 bytes, cy8cmbr3xxx_hostfunctions.o(i.Host_LowLevelRead))
<BR><BR>[Stack]<UL><LI>Max Depth = 92<LI>Call Chain = Host_LowLevelRead &rArr; I2C___BlockRead &rArr; I2C_read &rArr; I2CMasterRead &rArr; nrf_gpio_cfg_output &rArr; nrf_gpio_cfg
</UL>
<BR>[Calls]<UL><LI><a href="#[73]">&gt;&gt;</a>&nbsp;&nbsp;&nbsp;I2C___BlockRead
</UL>
<BR>[Called By]<UL><LI><a href="#[6a]">&gt;&gt;</a>&nbsp;&nbsp;&nbsp;CY8CMBR3xxx_ReadSensorStatus
<LI><a href="#[63]">&gt;&gt;</a>&nbsp;&nbsp;&nbsp;CY8CMBR3xxx_Configure
<LI><a href="#[69]">&gt;&gt;</a>&nbsp;&nbsp;&nbsp;CY8CMRB3xxx_CheckCommandStatus
<LI><a href="#[64]">&gt;&gt;</a>&nbsp;&nbsp;&nbsp;CY8CMBR3xxx_VerifyDeviceOnBus
</UL>

<P><STRONG><a name="[65]"></a>Host_LowLevelWrite</STRONG> (Thumb, 18 bytes, Stack size 8 bytes, cy8cmbr3xxx_hostfunctions.o(i.Host_LowLevelWrite))
<BR><BR>[Stack]<UL><LI>Max Depth = 76<LI>Call Chain = Host_LowLevelWrite &rArr; I2C___BlockWrite &rArr; I2C_write &rArr; nrf_gpio_cfg_output &rArr; nrf_gpio_cfg
</UL>
<BR>[Calls]<UL><LI><a href="#[74]">&gt;&gt;</a>&nbsp;&nbsp;&nbsp;I2C___BlockWrite
</UL>
<BR>[Called By]<UL><LI><a href="#[6a]">&gt;&gt;</a>&nbsp;&nbsp;&nbsp;CY8CMBR3xxx_ReadSensorStatus
<LI><a href="#[63]">&gt;&gt;</a>&nbsp;&nbsp;&nbsp;CY8CMBR3xxx_Configure
<LI><a href="#[69]">&gt;&gt;</a>&nbsp;&nbsp;&nbsp;CY8CMRB3xxx_CheckCommandStatus
<LI><a href="#[64]">&gt;&gt;</a>&nbsp;&nbsp;&nbsp;CY8CMBR3xxx_VerifyDeviceOnBus
<LI><a href="#[67]">&gt;&gt;</a>&nbsp;&nbsp;&nbsp;CY8CMBR3xxx_SendCommand
</UL>

<P><STRONG><a name="[75]"></a>I2CMasterRead</STRONG> (Thumb, 118 bytes, Stack size 24 bytes, i2c_driver.o(i.I2CMasterRead))
<BR><BR>[Stack]<UL><LI>Max Depth = 52<LI>Call Chain = I2CMasterRead &rArr; nrf_gpio_cfg_output &rArr; nrf_gpio_cfg
</UL>
<BR>[Calls]<UL><LI><a href="#[77]">&gt;&gt;</a>&nbsp;&nbsp;&nbsp;nrf_gpio_pin_set
<LI><a href="#[78]">&gt;&gt;</a>&nbsp;&nbsp;&nbsp;nrf_gpio_pin_clear
<LI><a href="#[79]">&gt;&gt;</a>&nbsp;&nbsp;&nbsp;nrf_gpio_cfg_output
<LI><a href="#[76]">&gt;&gt;</a>&nbsp;&nbsp;&nbsp;nrf_gpio_cfg_input
</UL>
<BR>[Called By]<UL><LI><a href="#[7c]">&gt;&gt;</a>&nbsp;&nbsp;&nbsp;I2C_read
</UL>

<P><STRONG><a name="[73]"></a>I2C___BlockRead</STRONG> (Thumb, 58 bytes, Stack size 16 bytes, i2c_driver.o(i.I2C___BlockRead))
<BR><BR>[Stack]<UL><LI>Max Depth = 84<LI>Call Chain = I2C___BlockRead &rArr; I2C_read &rArr; I2CMasterRead &rArr; nrf_gpio_cfg_output &rArr; nrf_gpio_cfg
</UL>
<BR>[Calls]<UL><LI><a href="#[7b]">&gt;&gt;</a>&nbsp;&nbsp;&nbsp;I2C_write
<LI><a href="#[7e]">&gt;&gt;</a>&nbsp;&nbsp;&nbsp;I2C_stop
<LI><a href="#[7a]">&gt;&gt;</a>&nbsp;&nbsp;&nbsp;I2C_start
<LI><a href="#[7c]">&gt;&gt;</a>&nbsp;&nbsp;&nbsp;I2C_read
<LI><a href="#[7d]">&gt;&gt;</a>&nbsp;&nbsp;&nbsp;I2C_nack
</UL>
<BR>[Called By]<UL><LI><a href="#[66]">&gt;&gt;</a>&nbsp;&nbsp;&nbsp;Host_LowLevelRead
</UL>

<P><STRONG><a name="[74]"></a>I2C___BlockWrite</STRONG> (Thumb, 62 bytes, Stack size 24 bytes, i2c_driver.o(i.I2C___BlockWrite))
<BR><BR>[Stack]<UL><LI>Max Depth = 68<LI>Call Chain = I2C___BlockWrite &rArr; I2C_write &rArr; nrf_gpio_cfg_output &rArr; nrf_gpio_cfg
</UL>
<BR>[Calls]<UL><LI><a href="#[7b]">&gt;&gt;</a>&nbsp;&nbsp;&nbsp;I2C_write
<LI><a href="#[7e]">&gt;&gt;</a>&nbsp;&nbsp;&nbsp;I2C_stop
<LI><a href="#[7a]">&gt;&gt;</a>&nbsp;&nbsp;&nbsp;I2C_start
</UL>
<BR>[Called By]<UL><LI><a href="#[65]">&gt;&gt;</a>&nbsp;&nbsp;&nbsp;Host_LowLevelWrite
</UL>

<P><STRONG><a name="[7f]"></a>I2C_init</STRONG> (Thumb, 10 bytes, Stack size 8 bytes, i2c_driver.o(i.I2C_init))
<BR><BR>[Stack]<UL><LI>Max Depth = 36<LI>Call Chain = I2C_init &rArr; nrf_gpio_cfg_output &rArr; nrf_gpio_cfg
</UL>
<BR>[Calls]<UL><LI><a href="#[79]">&gt;&gt;</a>&nbsp;&nbsp;&nbsp;nrf_gpio_cfg_output
</UL>
<BR>[Called By]<UL><LI><a href="#[20]">&gt;&gt;</a>&nbsp;&nbsp;&nbsp;main
</UL>

<P><STRONG><a name="[7d]"></a>I2C_nack</STRONG> (Thumb, 46 bytes, Stack size 8 bytes, i2c_driver.o(i.I2C_nack))
<BR><BR>[Stack]<UL><LI>Max Depth = 36<LI>Call Chain = I2C_nack &rArr; nrf_gpio_cfg_output &rArr; nrf_gpio_cfg
</UL>
<BR>[Calls]<UL><LI><a href="#[77]">&gt;&gt;</a>&nbsp;&nbsp;&nbsp;nrf_gpio_pin_set
<LI><a href="#[78]">&gt;&gt;</a>&nbsp;&nbsp;&nbsp;nrf_gpio_pin_clear
<LI><a href="#[79]">&gt;&gt;</a>&nbsp;&nbsp;&nbsp;nrf_gpio_cfg_output
</UL>
<BR>[Called By]<UL><LI><a href="#[73]">&gt;&gt;</a>&nbsp;&nbsp;&nbsp;I2C___BlockRead
</UL>

<P><STRONG><a name="[7c]"></a>I2C_read</STRONG> (Thumb, 36 bytes, Stack size 16 bytes, i2c_driver.o(i.I2C_read))
<BR><BR>[Stack]<UL><LI>Max Depth = 68<LI>Call Chain = I2C_read &rArr; I2CMasterRead &rArr; nrf_gpio_cfg_output &rArr; nrf_gpio_cfg
</UL>
<BR>[Calls]<UL><LI><a href="#[75]">&gt;&gt;</a>&nbsp;&nbsp;&nbsp;I2CMasterRead
</UL>
<BR>[Called By]<UL><LI><a href="#[73]">&gt;&gt;</a>&nbsp;&nbsp;&nbsp;I2C___BlockRead
</UL>

<P><STRONG><a name="[7a]"></a>I2C_start</STRONG> (Thumb, 46 bytes, Stack size 8 bytes, i2c_driver.o(i.I2C_start))
<BR><BR>[Stack]<UL><LI>Max Depth = 36<LI>Call Chain = I2C_start &rArr; nrf_gpio_cfg_output &rArr; nrf_gpio_cfg
</UL>
<BR>[Calls]<UL><LI><a href="#[77]">&gt;&gt;</a>&nbsp;&nbsp;&nbsp;nrf_gpio_pin_set
<LI><a href="#[78]">&gt;&gt;</a>&nbsp;&nbsp;&nbsp;nrf_gpio_pin_clear
<LI><a href="#[79]">&gt;&gt;</a>&nbsp;&nbsp;&nbsp;nrf_gpio_cfg_output
</UL>
<BR>[Called By]<UL><LI><a href="#[74]">&gt;&gt;</a>&nbsp;&nbsp;&nbsp;I2C___BlockWrite
<LI><a href="#[73]">&gt;&gt;</a>&nbsp;&nbsp;&nbsp;I2C___BlockRead
</UL>

<P><STRONG><a name="[7e]"></a>I2C_stop</STRONG> (Thumb, 34 bytes, Stack size 8 bytes, i2c_driver.o(i.I2C_stop))
<BR><BR>[Stack]<UL><LI>Max Depth = 36<LI>Call Chain = I2C_stop &rArr; nrf_gpio_cfg_output &rArr; nrf_gpio_cfg
</UL>
<BR>[Calls]<UL><LI><a href="#[77]">&gt;&gt;</a>&nbsp;&nbsp;&nbsp;nrf_gpio_pin_set
<LI><a href="#[78]">&gt;&gt;</a>&nbsp;&nbsp;&nbsp;nrf_gpio_pin_clear
<LI><a href="#[79]">&gt;&gt;</a>&nbsp;&nbsp;&nbsp;nrf_gpio_cfg_output
</UL>
<BR>[Called By]<UL><LI><a href="#[74]">&gt;&gt;</a>&nbsp;&nbsp;&nbsp;I2C___BlockWrite
<LI><a href="#[73]">&gt;&gt;</a>&nbsp;&nbsp;&nbsp;I2C___BlockRead
</UL>

<P><STRONG><a name="[7b]"></a>I2C_write</STRONG> (Thumb, 98 bytes, Stack size 16 bytes, i2c_driver.o(i.I2C_write))
<BR><BR>[Stack]<UL><LI>Max Depth = 44<LI>Call Chain = I2C_write &rArr; nrf_gpio_cfg_output &rArr; nrf_gpio_cfg
</UL>
<BR>[Calls]<UL><LI><a href="#[77]">&gt;&gt;</a>&nbsp;&nbsp;&nbsp;nrf_gpio_pin_set
<LI><a href="#[78]">&gt;&gt;</a>&nbsp;&nbsp;&nbsp;nrf_gpio_pin_clear
<LI><a href="#[79]">&gt;&gt;</a>&nbsp;&nbsp;&nbsp;nrf_gpio_cfg_output
<LI><a href="#[76]">&gt;&gt;</a>&nbsp;&nbsp;&nbsp;nrf_gpio_cfg_input
</UL>
<BR>[Called By]<UL><LI><a href="#[74]">&gt;&gt;</a>&nbsp;&nbsp;&nbsp;I2C___BlockWrite
<LI><a href="#[73]">&gt;&gt;</a>&nbsp;&nbsp;&nbsp;I2C___BlockRead
</UL>

<P><STRONG><a name="[80]"></a>IKY_BLE_ParserPacket</STRONG> (Thumb, 128 bytes, Stack size 16 bytes, iky_ble_app.o(i.IKY_BLE_ParserPacket))
<BR><BR>[Stack]<UL><LI>Max Depth = 24<LI>Call Chain = IKY_BLE_ParserPacket &rArr; __ARM_common_switch8
</UL>
<BR>[Calls]<UL><LI><a href="#[81]">&gt;&gt;</a>&nbsp;&nbsp;&nbsp;__ARM_common_switch8
<LI><a href="#[82]">&gt;&gt;</a>&nbsp;&nbsp;&nbsp;__aeabi_uread4
</UL>
<BR>[Called By]<UL><LI><a href="#[8e]">&gt;&gt;</a>&nbsp;&nbsp;&nbsp;IKY_BLE_Rx_Callback
</UL>

<P><STRONG><a name="[83]"></a>IKY_BLE_ProcessData</STRONG> (Thumb, 522 bytes, Stack size 56 bytes, iky_ble_app.o(i.IKY_BLE_ProcessData))
<BR><BR>[Stack]<UL><LI>Max Depth = 464<LI>Call Chain = IKY_BLE_ProcessData &rArr; IKY_CalcPINBlock &rArr; HashMD5 &rArr; md5_finish &rArr; md5_append &rArr; md5_process
</UL>
<BR>[Calls]<UL><LI><a href="#[87]">&gt;&gt;</a>&nbsp;&nbsp;&nbsp;ResetMcuSet
<LI><a href="#[8a]">&gt;&gt;</a>&nbsp;&nbsp;&nbsp;IO_UpdateStatusOnRAM
<LI><a href="#[86]">&gt;&gt;</a>&nbsp;&nbsp;&nbsp;IO_ToggleSetStatus
<LI><a href="#[88]">&gt;&gt;</a>&nbsp;&nbsp;&nbsp;IKY_Decrypt
<LI><a href="#[85]">&gt;&gt;</a>&nbsp;&nbsp;&nbsp;IKY_CalcPINBlock
<LI><a href="#[89]">&gt;&gt;</a>&nbsp;&nbsp;&nbsp;IKY_CalcCheckSum
<LI><a href="#[82]">&gt;&gt;</a>&nbsp;&nbsp;&nbsp;__aeabi_uread4
<LI><a href="#[53]">&gt;&gt;</a>&nbsp;&nbsp;&nbsp;__aeabi_memclr
<LI><a href="#[84]">&gt;&gt;</a>&nbsp;&nbsp;&nbsp;__aeabi_memcpy
</UL>
<BR>[Called By]<UL><LI><a href="#[8e]">&gt;&gt;</a>&nbsp;&nbsp;&nbsp;IKY_BLE_Rx_Callback
</UL>

<P><STRONG><a name="[8b]"></a>IKY_BLE_PutData</STRONG> (Thumb, 82 bytes, Stack size 24 bytes, iky_ble_app.o(i.IKY_BLE_PutData))
<BR><BR>[Stack]<UL><LI>Max Depth = 32<LI>Call Chain = IKY_BLE_PutData &rArr; RINGBUF_Put
</UL>
<BR>[Calls]<UL><LI><a href="#[8c]">&gt;&gt;</a>&nbsp;&nbsp;&nbsp;RINGBUF_Put
<LI><a href="#[82]">&gt;&gt;</a>&nbsp;&nbsp;&nbsp;__aeabi_uread4
</UL>
<BR>[Called By]<UL><LI><a href="#[8f]">&gt;&gt;</a>&nbsp;&nbsp;&nbsp;IKY_BLE_Task
</UL>

<P><STRONG><a name="[8d]"></a>IKY_BLE_PutReport</STRONG> (Thumb, 102 bytes, Stack size 40 bytes, iky_ble_app.o(i.IKY_BLE_PutReport))
<BR><BR>[Stack]<UL><LI>Max Depth = 448<LI>Call Chain = IKY_BLE_PutReport &rArr; IKY_CalcPINBlock &rArr; HashMD5 &rArr; md5_finish &rArr; md5_append &rArr; md5_process
</UL>
<BR>[Calls]<UL><LI><a href="#[85]">&gt;&gt;</a>&nbsp;&nbsp;&nbsp;IKY_CalcPINBlock
<LI><a href="#[89]">&gt;&gt;</a>&nbsp;&nbsp;&nbsp;IKY_CalcCheckSum
<LI><a href="#[82]">&gt;&gt;</a>&nbsp;&nbsp;&nbsp;__aeabi_uread4
<LI><a href="#[84]">&gt;&gt;</a>&nbsp;&nbsp;&nbsp;__aeabi_memcpy
</UL>
<BR>[Called By]<UL><LI><a href="#[8f]">&gt;&gt;</a>&nbsp;&nbsp;&nbsp;IKY_BLE_Task
</UL>

<P><STRONG><a name="[8e]"></a>IKY_BLE_Rx_Callback</STRONG> (Thumb, 34 bytes, Stack size 8 bytes, iky_ble_app.o(i.IKY_BLE_Rx_Callback))
<BR><BR>[Stack]<UL><LI>Max Depth = 472<LI>Call Chain = IKY_BLE_Rx_Callback &rArr; IKY_BLE_ProcessData &rArr; IKY_CalcPINBlock &rArr; HashMD5 &rArr; md5_finish &rArr; md5_append &rArr; md5_process
</UL>
<BR>[Calls]<UL><LI><a href="#[83]">&gt;&gt;</a>&nbsp;&nbsp;&nbsp;IKY_BLE_ProcessData
<LI><a href="#[80]">&gt;&gt;</a>&nbsp;&nbsp;&nbsp;IKY_BLE_ParserPacket
</UL>
<BR>[Called By]<UL><LI><a href="#[2c]">&gt;&gt;</a>&nbsp;&nbsp;&nbsp;nus_data_handler
</UL>

<P><STRONG><a name="[8f]"></a>IKY_BLE_Task</STRONG> (Thumb, 222 bytes, Stack size 40 bytes, iky_ble_app.o(i.IKY_BLE_Task))
<BR><BR>[Stack]<UL><LI>Max Depth = 488<LI>Call Chain = IKY_BLE_Task &rArr; IKY_BLE_PutReport &rArr; IKY_CalcPINBlock &rArr; HashMD5 &rArr; md5_finish &rArr; md5_append &rArr; md5_process
</UL>
<BR>[Calls]<UL><LI><a href="#[91]">&gt;&gt;</a>&nbsp;&nbsp;&nbsp;mesh_comm_update_tx_payload
<LI><a href="#[90]">&gt;&gt;</a>&nbsp;&nbsp;&nbsp;IO_GetStatusOnRAM
<LI><a href="#[8d]">&gt;&gt;</a>&nbsp;&nbsp;&nbsp;IKY_BLE_PutReport
<LI><a href="#[8b]">&gt;&gt;</a>&nbsp;&nbsp;&nbsp;IKY_BLE_PutData
<LI><a href="#[53]">&gt;&gt;</a>&nbsp;&nbsp;&nbsp;__aeabi_memclr
<LI><a href="#[84]">&gt;&gt;</a>&nbsp;&nbsp;&nbsp;__aeabi_memcpy
</UL>
<BR>[Called By]<UL><LI><a href="#[20]">&gt;&gt;</a>&nbsp;&nbsp;&nbsp;main
</UL>

<P><STRONG><a name="[92]"></a>IKY_BLE_TaskInit</STRONG> (Thumb, 92 bytes, Stack size 8 bytes, iky_ble_app.o(i.IKY_BLE_TaskInit))
<BR><BR>[Stack]<UL><LI>Max Depth = 8<LI>Call Chain = IKY_BLE_TaskInit
</UL>
<BR>[Calls]<UL><LI><a href="#[93]">&gt;&gt;</a>&nbsp;&nbsp;&nbsp;RINGBUF_Init
<LI><a href="#[62]">&gt;&gt;</a>&nbsp;&nbsp;&nbsp;__aeabi_uwrite4
<LI><a href="#[53]">&gt;&gt;</a>&nbsp;&nbsp;&nbsp;__aeabi_memclr
</UL>
<BR>[Called By]<UL><LI><a href="#[20]">&gt;&gt;</a>&nbsp;&nbsp;&nbsp;main
</UL>

<P><STRONG><a name="[89]"></a>IKY_CalcCheckSum</STRONG> (Thumb, 24 bytes, Stack size 8 bytes, iky_encrypt.o(i.IKY_CalcCheckSum))
<BR><BR>[Stack]<UL><LI>Max Depth = 8<LI>Call Chain = IKY_CalcCheckSum
</UL>
<BR>[Called By]<UL><LI><a href="#[8d]">&gt;&gt;</a>&nbsp;&nbsp;&nbsp;IKY_BLE_PutReport
<LI><a href="#[83]">&gt;&gt;</a>&nbsp;&nbsp;&nbsp;IKY_BLE_ProcessData
</UL>

<P><STRONG><a name="[85]"></a>IKY_CalcPINBlock</STRONG> (Thumb, 118 bytes, Stack size 40 bytes, iky_encrypt.o(i.IKY_CalcPINBlock))
<BR><BR>[Stack]<UL><LI>Max Depth = 408<LI>Call Chain = IKY_CalcPINBlock &rArr; HashMD5 &rArr; md5_finish &rArr; md5_append &rArr; md5_process
</UL>
<BR>[Calls]<UL><LI><a href="#[6e]">&gt;&gt;</a>&nbsp;&nbsp;&nbsp;HashMD5
<LI><a href="#[5d]">&gt;&gt;</a>&nbsp;&nbsp;&nbsp;__aeabi_memclr4
</UL>
<BR>[Called By]<UL><LI><a href="#[8d]">&gt;&gt;</a>&nbsp;&nbsp;&nbsp;IKY_BLE_PutReport
<LI><a href="#[83]">&gt;&gt;</a>&nbsp;&nbsp;&nbsp;IKY_BLE_ProcessData
</UL>

<P><STRONG><a name="[88]"></a>IKY_Decrypt</STRONG> (Thumb, 104 bytes, Stack size 48 bytes, iky_encrypt.o(i.IKY_Decrypt))
<BR><BR>[Stack]<UL><LI>Max Depth = 352<LI>Call Chain = IKY_Decrypt &rArr; TDES_keyschedule_dec &rArr; deskey
</UL>
<BR>[Calls]<UL><LI><a href="#[94]">&gt;&gt;</a>&nbsp;&nbsp;&nbsp;TDES_keyschedule_dec
<LI><a href="#[95]">&gt;&gt;</a>&nbsp;&nbsp;&nbsp;TDES_encrypt
<LI><a href="#[5d]">&gt;&gt;</a>&nbsp;&nbsp;&nbsp;__aeabi_memclr4
<LI><a href="#[84]">&gt;&gt;</a>&nbsp;&nbsp;&nbsp;__aeabi_memcpy
</UL>
<BR>[Called By]<UL><LI><a href="#[83]">&gt;&gt;</a>&nbsp;&nbsp;&nbsp;IKY_BLE_ProcessData
</UL>

<P><STRONG><a name="[14b]"></a>IOFilter_Init</STRONG> (Thumb, 24 bytes, Stack size 8 bytes, io_control.o(i.IOFilter_Init))
<BR><BR>[Stack]<UL><LI>Max Depth = 8<LI>Call Chain = IOFilter_Init
</UL>
<BR>[Called By]<UL><LI><a href="#[20]">&gt;&gt;</a>&nbsp;&nbsp;&nbsp;main
</UL>

<P><STRONG><a name="[1b4]"></a>IOFilter_Update</STRONG> (Thumb, 98 bytes, Stack size 8 bytes, io_control.o(i.IOFilter_Update))
<BR><BR>[Stack]<UL><LI>Max Depth = 8<LI>Call Chain = IOFilter_Update
</UL>
<BR>[Called By]<UL><LI><a href="#[3a]">&gt;&gt;</a>&nbsp;&nbsp;&nbsp;timer_touch_event_handler
</UL>

<P><STRONG><a name="[90]"></a>IO_GetStatusOnRAM</STRONG> (Thumb, 14 bytes, Stack size 0 bytes, io_control.o(i.IO_GetStatusOnRAM))
<BR><BR>[Called By]<UL><LI><a href="#[151]">&gt;&gt;</a>&nbsp;&nbsp;&nbsp;mesh_comm_parser_payload
<LI><a href="#[8f]">&gt;&gt;</a>&nbsp;&nbsp;&nbsp;IKY_BLE_Task
<LI><a href="#[146]">&gt;&gt;</a>&nbsp;&nbsp;&nbsp;led_proximity_set_state
</UL>

<P><STRONG><a name="[143]"></a>IO_ReadStatusOnRAM</STRONG> (Thumb, 30 bytes, Stack size 0 bytes, io_control.o(i.IO_ReadStatusOnRAM))
<BR><BR>[Called By]<UL><LI><a href="#[142]">&gt;&gt;</a>&nbsp;&nbsp;&nbsp;io_control_init
</UL>

<P><STRONG><a name="[1b5]"></a>IO_ToggleProcess</STRONG> (Thumb, 66 bytes, Stack size 0 bytes, io_control.o(i.IO_ToggleProcess))
<BR><BR>[Called By]<UL><LI><a href="#[3a]">&gt;&gt;</a>&nbsp;&nbsp;&nbsp;timer_touch_event_handler
</UL>

<P><STRONG><a name="[86]"></a>IO_ToggleSetStatus</STRONG> (Thumb, 18 bytes, Stack size 8 bytes, io_control.o(i.IO_ToggleSetStatus))
<BR><BR>[Stack]<UL><LI>Max Depth = 8<LI>Call Chain = IO_ToggleSetStatus
</UL>
<BR>[Called By]<UL><LI><a href="#[151]">&gt;&gt;</a>&nbsp;&nbsp;&nbsp;mesh_comm_parser_payload
<LI><a href="#[3a]">&gt;&gt;</a>&nbsp;&nbsp;&nbsp;timer_touch_event_handler
<LI><a href="#[3c]">&gt;&gt;</a>&nbsp;&nbsp;&nbsp;timer_btn_2_event_handler
<LI><a href="#[3b]">&gt;&gt;</a>&nbsp;&nbsp;&nbsp;timer_btn_1_event_handler
<LI><a href="#[20]">&gt;&gt;</a>&nbsp;&nbsp;&nbsp;main
<LI><a href="#[31]">&gt;&gt;</a>&nbsp;&nbsp;&nbsp;button_3_update_event_handler
<LI><a href="#[30]">&gt;&gt;</a>&nbsp;&nbsp;&nbsp;button_2_update_event_handler
<LI><a href="#[2f]">&gt;&gt;</a>&nbsp;&nbsp;&nbsp;button_1_update_event_handler
<LI><a href="#[2c]">&gt;&gt;</a>&nbsp;&nbsp;&nbsp;nus_data_handler
<LI><a href="#[83]">&gt;&gt;</a>&nbsp;&nbsp;&nbsp;IKY_BLE_ProcessData
</UL>

<P><STRONG><a name="[104]"></a>IO_ToggleStatusOnRAM</STRONG> (Thumb, 22 bytes, Stack size 0 bytes, io_control.o(i.IO_ToggleStatusOnRAM))
<BR><BR>[Called By]<UL><LI><a href="#[31]">&gt;&gt;</a>&nbsp;&nbsp;&nbsp;button_3_update_event_handler
<LI><a href="#[30]">&gt;&gt;</a>&nbsp;&nbsp;&nbsp;button_2_update_event_handler
<LI><a href="#[2f]">&gt;&gt;</a>&nbsp;&nbsp;&nbsp;button_1_update_event_handler
</UL>

<P><STRONG><a name="[8a]"></a>IO_UpdateStatusOnRAM</STRONG> (Thumb, 42 bytes, Stack size 8 bytes, io_control.o(i.IO_UpdateStatusOnRAM))
<BR><BR>[Stack]<UL><LI>Max Depth = 8<LI>Call Chain = IO_UpdateStatusOnRAM
</UL>
<BR>[Called By]<UL><LI><a href="#[151]">&gt;&gt;</a>&nbsp;&nbsp;&nbsp;mesh_comm_parser_payload
<LI><a href="#[83]">&gt;&gt;</a>&nbsp;&nbsp;&nbsp;IKY_BLE_ProcessData
</UL>

<P><STRONG><a name="[99]"></a>InitTimeout</STRONG> (Thumb, 14 bytes, Stack size 0 bytes, sys_tick.o(i.InitTimeout))
<BR><BR>[Called By]<UL><LI><a href="#[87]">&gt;&gt;</a>&nbsp;&nbsp;&nbsp;ResetMcuSet
<LI><a href="#[9a]">&gt;&gt;</a>&nbsp;&nbsp;&nbsp;ResetMcuTask
<LI><a href="#[20]">&gt;&gt;</a>&nbsp;&nbsp;&nbsp;main
<LI><a href="#[fb]">&gt;&gt;</a>&nbsp;&nbsp;&nbsp;ble_nus_send_task
</UL>

<P><STRONG><a name="[18]"></a>QDEC_IRQHandler</STRONG> (Thumb, 34 bytes, Stack size 8 bytes, event_handler.o(i.QDEC_IRQHandler))
<BR><BR>[Stack]<UL><LI>Max Depth = 324<LI>Call Chain = QDEC_IRQHandler &rArr; event_fifo_pop &rArr; async_event_execute &rArr; tc_packet_handler &rArr; vh_rx &rArr; handle_storage_info_set &rArr; handle_entry_to_head &rArr; data_entry_free &rArr; trickle_enable &rArr; trickle_timer_reset &rArr; refresh_t &rArr; rand_prng_get
</UL>
<BR>[Calls]<UL><LI><a href="#[97]">&gt;&gt;</a>&nbsp;&nbsp;&nbsp;timeslot_is_in_ts
<LI><a href="#[96]">&gt;&gt;</a>&nbsp;&nbsp;&nbsp;event_fifo_pop
</UL>
<BR>[Address Reference Count : 1]<UL><LI> arm_startup_nrf51.o(RESET)
</UL>
<P><STRONG><a name="[fc]"></a>RINGBUF_Get</STRONG> (Thumb, 44 bytes, Stack size 0 bytes, ringbuf.o(i.RINGBUF_Get))
<BR><BR>[Called By]<UL><LI><a href="#[fb]">&gt;&gt;</a>&nbsp;&nbsp;&nbsp;ble_nus_send_task
</UL>

<P><STRONG><a name="[93]"></a>RINGBUF_Init</STRONG> (Thumb, 32 bytes, Stack size 0 bytes, ringbuf.o(i.RINGBUF_Init))
<BR><BR>[Called By]<UL><LI><a href="#[92]">&gt;&gt;</a>&nbsp;&nbsp;&nbsp;IKY_BLE_TaskInit
</UL>

<P><STRONG><a name="[8c]"></a>RINGBUF_Put</STRONG> (Thumb, 38 bytes, Stack size 8 bytes, ringbuf.o(i.RINGBUF_Put))
<BR><BR>[Stack]<UL><LI>Max Depth = 8<LI>Call Chain = RINGBUF_Put
</UL>
<BR>[Called By]<UL><LI><a href="#[8b]">&gt;&gt;</a>&nbsp;&nbsp;&nbsp;IKY_BLE_PutData
</UL>

<P><STRONG><a name="[17]"></a>RTC1_IRQHandler</STRONG> (Thumb, 28 bytes, Stack size 8 bytes, app_timer.o(i.RTC1_IRQHandler))
<BR><BR>[Stack]<UL><LI>Max Depth = 32<LI>Call Chain = RTC1_IRQHandler &rArr; timer_timeouts_check
</UL>
<BR>[Calls]<UL><LI><a href="#[98]">&gt;&gt;</a>&nbsp;&nbsp;&nbsp;timer_timeouts_check
</UL>
<BR>[Address Reference Count : 1]<UL><LI> arm_startup_nrf51.o(RESET)
</UL>
<P><STRONG><a name="[87]"></a>ResetMcuSet</STRONG> (Thumb, 18 bytes, Stack size 8 bytes, system_config.o(i.ResetMcuSet))
<BR><BR>[Stack]<UL><LI>Max Depth = 8<LI>Call Chain = ResetMcuSet
</UL>
<BR>[Calls]<UL><LI><a href="#[99]">&gt;&gt;</a>&nbsp;&nbsp;&nbsp;InitTimeout
</UL>
<BR>[Called By]<UL><LI><a href="#[83]">&gt;&gt;</a>&nbsp;&nbsp;&nbsp;IKY_BLE_ProcessData
</UL>

<P><STRONG><a name="[9a]"></a>ResetMcuTask</STRONG> (Thumb, 70 bytes, Stack size 16 bytes, system_config.o(i.ResetMcuTask))
<BR><BR>[Stack]<UL><LI>Max Depth = 24<LI>Call Chain = ResetMcuTask &rArr; __ARM_common_switch8
</UL>
<BR>[Calls]<UL><LI><a href="#[81]">&gt;&gt;</a>&nbsp;&nbsp;&nbsp;__ARM_common_switch8
<LI><a href="#[9c]">&gt;&gt;</a>&nbsp;&nbsp;&nbsp;NVIC_SystemReset
<LI><a href="#[99]">&gt;&gt;</a>&nbsp;&nbsp;&nbsp;InitTimeout
<LI><a href="#[9b]">&gt;&gt;</a>&nbsp;&nbsp;&nbsp;CheckTimeout
</UL>
<BR>[Called By]<UL><LI><a href="#[20]">&gt;&gt;</a>&nbsp;&nbsp;&nbsp;main
</UL>

<P><STRONG><a name="[1a]"></a>SWI0_IRQHandler</STRONG> (Thumb, 8 bytes, Stack size 8 bytes, app_timer.o(i.SWI0_IRQHandler))
<BR><BR>[Stack]<UL><LI>Max Depth = 80<LI>Call Chain = SWI0_IRQHandler &rArr; timer_list_handler &rArr; compare_reg_update &rArr; rtc1_stop
</UL>
<BR>[Calls]<UL><LI><a href="#[9d]">&gt;&gt;</a>&nbsp;&nbsp;&nbsp;timer_list_handler
</UL>
<BR>[Address Reference Count : 1]<UL><LI> arm_startup_nrf51.o(RESET)
</UL>
<P><STRONG><a name="[1c]"></a>SWI2_IRQHandler</STRONG> (Thumb, 32 bytes, Stack size 8 bytes, softdevice_handler.o(i.SWI2_IRQHandler))
<BR><BR>[Stack]<UL><LI>Max Depth = 32<LI>Call Chain = SWI2_IRQHandler &rArr; intern_softdevice_events_execute
</UL>
<BR>[Calls]<UL><LI><a href="#[59]">&gt;&gt;</a>&nbsp;&nbsp;&nbsp;app_error_handler
<LI><a href="#[9e]">&gt;&gt;</a>&nbsp;&nbsp;&nbsp;intern_softdevice_events_execute
</UL>
<BR>[Address Reference Count : 1]<UL><LI> arm_startup_nrf51.o(RESET)
</UL>
<P><STRONG><a name="[1b3]"></a>SysTick___Task</STRONG> (Thumb, 10 bytes, Stack size 0 bytes, sys_tick.o(i.SysTick___Task))
<BR><BR>[Called By]<UL><LI><a href="#[3d]">&gt;&gt;</a>&nbsp;&nbsp;&nbsp;timer_systick_event_handler
</UL>

<P><STRONG><a name="[21]"></a>SystemInit</STRONG> (Thumb, 130 bytes, Stack size 8 bytes, system_nrf51.o(i.SystemInit))
<BR><BR>[Stack]<UL><LI>Max Depth = 8<LI>Call Chain = SystemInit
</UL>
<BR>[Calls]<UL><LI><a href="#[9f]">&gt;&gt;</a>&nbsp;&nbsp;&nbsp;is_manual_peripheral_setup_needed
</UL>
<BR>[Address Reference Count : 1]<UL><LI> arm_startup_nrf51.o(.text)
</UL>
<P><STRONG><a name="[95]"></a>TDES_encrypt</STRONG> (Thumb, 112 bytes, Stack size 24 bytes, d3des.o(i.TDES_encrypt))
<BR><BR>[Stack]<UL><LI>Max Depth = 44<LI>Call Chain = TDES_encrypt &rArr; desfunc
</UL>
<BR>[Calls]<UL><LI><a href="#[a0]">&gt;&gt;</a>&nbsp;&nbsp;&nbsp;desfunc
<LI><a href="#[82]">&gt;&gt;</a>&nbsp;&nbsp;&nbsp;__aeabi_uread4
</UL>
<BR>[Called By]<UL><LI><a href="#[88]">&gt;&gt;</a>&nbsp;&nbsp;&nbsp;IKY_Decrypt
</UL>

<P><STRONG><a name="[94]"></a>TDES_keyschedule_dec</STRONG> (Thumb, 40 bytes, Stack size 8 bytes, d3des.o(i.TDES_keyschedule_dec))
<BR><BR>[Stack]<UL><LI>Max Depth = 304<LI>Call Chain = TDES_keyschedule_dec &rArr; deskey
</UL>
<BR>[Calls]<UL><LI><a href="#[a1]">&gt;&gt;</a>&nbsp;&nbsp;&nbsp;deskey
</UL>
<BR>[Called By]<UL><LI><a href="#[88]">&gt;&gt;</a>&nbsp;&nbsp;&nbsp;IKY_Decrypt
</UL>

<P><STRONG><a name="[e]"></a>TIMER0_IRQHandler</STRONG> (Thumb, 12 bytes, Stack size 8 bytes, nrf_drv_timer.o(i.TIMER0_IRQHandler))
<BR><BR>[Stack]<UL><LI>Max Depth = 32<LI>Call Chain = TIMER0_IRQHandler &rArr; nrf_drv_timer_interrupt_handle
</UL>
<BR>[Calls]<UL><LI><a href="#[a2]">&gt;&gt;</a>&nbsp;&nbsp;&nbsp;nrf_drv_timer_interrupt_handle
</UL>
<BR>[Address Reference Count : 1]<UL><LI> arm_startup_nrf51.o(RESET)
</UL>
<P><STRONG><a name="[f]"></a>TIMER1_IRQHandler</STRONG> (Thumb, 12 bytes, Stack size 8 bytes, nrf_drv_timer.o(i.TIMER1_IRQHandler))
<BR><BR>[Stack]<UL><LI>Max Depth = 32<LI>Call Chain = TIMER1_IRQHandler &rArr; nrf_drv_timer_interrupt_handle
</UL>
<BR>[Calls]<UL><LI><a href="#[a2]">&gt;&gt;</a>&nbsp;&nbsp;&nbsp;nrf_drv_timer_interrupt_handle
</UL>
<BR>[Address Reference Count : 1]<UL><LI> arm_startup_nrf51.o(RESET)
</UL>
<P><STRONG><a name="[a3]"></a>__0sprintf$3</STRONG> (Thumb, 36 bytes, Stack size 24 bytes, printf3.o(i.__0sprintf$3), UNUSED)
<BR><BR>[Calls]<UL><LI><a href="#[24]">&gt;&gt;</a>&nbsp;&nbsp;&nbsp;_sputc
<LI><a href="#[a4]">&gt;&gt;</a>&nbsp;&nbsp;&nbsp;_printf_core
</UL>

<P><STRONG><a name="[1cf]"></a>__1sprintf$3</STRONG> (Thumb, 0 bytes, Stack size 24 bytes, printf3.o(i.__0sprintf$3), UNUSED)

<P><STRONG><a name="[5e]"></a>__2sprintf</STRONG> (Thumb, 0 bytes, Stack size 24 bytes, printf3.o(i.__0sprintf$3))
<BR><BR>[Stack]<UL><LI>Max Depth = 24<LI>Call Chain = __2sprintf
</UL>
<BR>[Called By]<UL><LI><a href="#[57]">&gt;&gt;</a>&nbsp;&nbsp;&nbsp;CFG_Load
</UL>

<P><STRONG><a name="[81]"></a>__ARM_common_switch8</STRONG> (Thumb, 26 bytes, Stack size 8 bytes, system_config.o(i.__ARM_common_switch8))
<BR><BR>[Stack]<UL><LI>Max Depth = 8<LI>Call Chain = __ARM_common_switch8
</UL>
<BR>[Called By]<UL><LI><a href="#[9a]">&gt;&gt;</a>&nbsp;&nbsp;&nbsp;ResetMcuTask
<LI><a href="#[11d]">&gt;&gt;</a>&nbsp;&nbsp;&nbsp;event_handler_push
<LI><a href="#[dd]">&gt;&gt;</a>&nbsp;&nbsp;&nbsp;async_event_execute
<LI><a href="#[80]">&gt;&gt;</a>&nbsp;&nbsp;&nbsp;IKY_BLE_ParserPacket
<LI><a href="#[3e]">&gt;&gt;</a>&nbsp;&nbsp;&nbsp;radio_signal_callback
<LI><a href="#[1a5]">&gt;&gt;</a>&nbsp;&nbsp;&nbsp;timeslot_sd_event_handler
<LI><a href="#[1a2]">&gt;&gt;</a>&nbsp;&nbsp;&nbsp;timeslot_init
</UL>

<P><STRONG><a name="[1d0]"></a>__scatterload_copy</STRONG> (Thumb, 14 bytes, Stack size unknown bytes, handlers.o(i.__scatterload_copy), UNUSED)

<P><STRONG><a name="[1d1]"></a>__scatterload_null</STRONG> (Thumb, 2 bytes, Stack size unknown bytes, handlers.o(i.__scatterload_null), UNUSED)

<P><STRONG><a name="[1d2]"></a>__scatterload_zeroinit</STRONG> (Thumb, 14 bytes, Stack size unknown bytes, handlers.o(i.__scatterload_zeroinit), UNUSED)

<P><STRONG><a name="[a5]"></a>adv_data_encode</STRONG> (Thumb, 534 bytes, Stack size 48 bytes, ble_advdata.o(i.adv_data_encode))
<BR><BR>[Stack]<UL><LI>Max Depth = 144<LI>Call Chain = adv_data_encode &rArr; uuid_list_encode &rArr; uuid_list_sized_encode
</UL>
<BR>[Calls]<UL><LI><a href="#[a9]">&gt;&gt;</a>&nbsp;&nbsp;&nbsp;uuid_list_encode
<LI><a href="#[a8]">&gt;&gt;</a>&nbsp;&nbsp;&nbsp;uint16_encode
<LI><a href="#[ac]">&gt;&gt;</a>&nbsp;&nbsp;&nbsp;service_data_encode
<LI><a href="#[ad]">&gt;&gt;</a>&nbsp;&nbsp;&nbsp;name_encode
<LI><a href="#[ab]">&gt;&gt;</a>&nbsp;&nbsp;&nbsp;manuf_specific_data_encode
<LI><a href="#[a6]">&gt;&gt;</a>&nbsp;&nbsp;&nbsp;le_role_encode
<LI><a href="#[aa]">&gt;&gt;</a>&nbsp;&nbsp;&nbsp;conn_int_encode
<LI><a href="#[a7]">&gt;&gt;</a>&nbsp;&nbsp;&nbsp;ble_device_addr_encode
</UL>
<BR>[Called By]<UL><LI><a href="#[e9]">&gt;&gt;</a>&nbsp;&nbsp;&nbsp;ble_advdata_set
</UL>

<P><STRONG><a name="[59]"></a>app_error_handler</STRONG> (Thumb, 18 bytes, Stack size 0 bytes, app_error.o(i.app_error_handler))
<BR><BR>[Called By]<UL><LI><a href="#[5c]">&gt;&gt;</a>&nbsp;&nbsp;&nbsp;system_config_save
<LI><a href="#[5b]">&gt;&gt;</a>&nbsp;&nbsp;&nbsp;system_config_load
<LI><a href="#[57]">&gt;&gt;</a>&nbsp;&nbsp;&nbsp;CFG_Load
<LI><a href="#[149]">&gt;&gt;</a>&nbsp;&nbsp;&nbsp;timers_init
<LI><a href="#[20]">&gt;&gt;</a>&nbsp;&nbsp;&nbsp;main
<LI><a href="#[142]">&gt;&gt;</a>&nbsp;&nbsp;&nbsp;io_control_init
<LI><a href="#[30]">&gt;&gt;</a>&nbsp;&nbsp;&nbsp;button_2_update_event_handler
<LI><a href="#[2f]">&gt;&gt;</a>&nbsp;&nbsp;&nbsp;button_1_update_event_handler
<LI><a href="#[102]">&gt;&gt;</a>&nbsp;&nbsp;&nbsp;boards_init
<LI><a href="#[dc]">&gt;&gt;</a>&nbsp;&nbsp;&nbsp;application_timers_start
<LI><a href="#[2d]">&gt;&gt;</a>&nbsp;&nbsp;&nbsp;on_conn_params_evt
<LI><a href="#[f6]">&gt;&gt;</a>&nbsp;&nbsp;&nbsp;on_ble_evt
<LI><a href="#[25]">&gt;&gt;</a>&nbsp;&nbsp;&nbsp;on_adv_evt
<LI><a href="#[127]">&gt;&gt;</a>&nbsp;&nbsp;&nbsp;gap_params_init
<LI><a href="#[2e]">&gt;&gt;</a>&nbsp;&nbsp;&nbsp;conn_params_error_handler
<LI><a href="#[fe]">&gt;&gt;</a>&nbsp;&nbsp;&nbsp;ble_stack_init
<LI><a href="#[ae]">&gt;&gt;</a>&nbsp;&nbsp;&nbsp;advertising_init
<LI><a href="#[17a]">&gt;&gt;</a>&nbsp;&nbsp;&nbsp;nrf_drv_ppi_group_free
<LI><a href="#[ce]">&gt;&gt;</a>&nbsp;&nbsp;&nbsp;nrf_drv_ppi_group_alloc
<LI><a href="#[178]">&gt;&gt;</a>&nbsp;&nbsp;&nbsp;nrf_drv_ppi_channels_remove_from_group
<LI><a href="#[175]">&gt;&gt;</a>&nbsp;&nbsp;&nbsp;nrf_drv_ppi_channels_include_in_group
<LI><a href="#[174]">&gt;&gt;</a>&nbsp;&nbsp;&nbsp;nrf_drv_ppi_channel_free
<LI><a href="#[c1]">&gt;&gt;</a>&nbsp;&nbsp;&nbsp;nrf_drv_ppi_channel_alloc
<LI><a href="#[9e]">&gt;&gt;</a>&nbsp;&nbsp;&nbsp;intern_softdevice_events_execute
<LI><a href="#[1c]">&gt;&gt;</a>&nbsp;&nbsp;&nbsp;SWI2_IRQHandler
<LI><a href="#[98]">&gt;&gt;</a>&nbsp;&nbsp;&nbsp;timer_timeouts_check
<LI><a href="#[18d]">&gt;&gt;</a>&nbsp;&nbsp;&nbsp;radio_event_handler
<LI><a href="#[133]">&gt;&gt;</a>&nbsp;&nbsp;&nbsp;mesh_packet_ref_count_inc
<LI><a href="#[e8]">&gt;&gt;</a>&nbsp;&nbsp;&nbsp;mesh_packet_ref_count_dec
<LI><a href="#[12f]">&gt;&gt;</a>&nbsp;&nbsp;&nbsp;mesh_packet_acquire
<LI><a href="#[110]">&gt;&gt;</a>&nbsp;&nbsp;&nbsp;data_entry_allocate
<LI><a href="#[de]">&gt;&gt;</a>&nbsp;&nbsp;&nbsp;tc_packet_handler
<LI><a href="#[dd]">&gt;&gt;</a>&nbsp;&nbsp;&nbsp;async_event_execute
<LI><a href="#[3f]">&gt;&gt;</a>&nbsp;&nbsp;&nbsp;transmit_all_instances
<LI><a href="#[1aa]">&gt;&gt;</a>&nbsp;&nbsp;&nbsp;vh_rx
<LI><a href="#[3e]">&gt;&gt;</a>&nbsp;&nbsp;&nbsp;radio_signal_callback
<LI><a href="#[199]">&gt;&gt;</a>&nbsp;&nbsp;&nbsp;timer_event_handler
<LI><a href="#[1b2]">&gt;&gt;</a>&nbsp;&nbsp;&nbsp;timer_set
<LI><a href="#[1a5]">&gt;&gt;</a>&nbsp;&nbsp;&nbsp;timeslot_sd_event_handler
<LI><a href="#[1a3]">&gt;&gt;</a>&nbsp;&nbsp;&nbsp;timeslot_resume
</UL>

<P><STRONG><a name="[b0]"></a>app_gpiote_init</STRONG> (Thumb, 60 bytes, Stack size 16 bytes, app_gpiote.o(i.app_gpiote_init))
<BR><BR>[Stack]<UL><LI>Max Depth = 40<LI>Call Chain = app_gpiote_init &rArr; nrf_drv_gpiote_init &rArr; nrf_drv_common_irq_enable
</UL>
<BR>[Calls]<UL><LI><a href="#[b1]">&gt;&gt;</a>&nbsp;&nbsp;&nbsp;nrf_drv_gpiote_is_init
<LI><a href="#[b2]">&gt;&gt;</a>&nbsp;&nbsp;&nbsp;nrf_drv_gpiote_init
<LI><a href="#[5d]">&gt;&gt;</a>&nbsp;&nbsp;&nbsp;__aeabi_memclr4
</UL>
<BR>[Called By]<UL><LI><a href="#[142]">&gt;&gt;</a>&nbsp;&nbsp;&nbsp;io_control_init
</UL>

<P><STRONG><a name="[b6]"></a>app_pwm_busy_check</STRONG> (Thumb, 54 bytes, Stack size 16 bytes, app_pwm.o(i.app_pwm_busy_check))
<BR><BR>[Stack]<UL><LI>Max Depth = 16<LI>Call Chain = app_pwm_busy_check
</UL>
<BR>[Calls]<UL><LI><a href="#[b7]">&gt;&gt;</a>&nbsp;&nbsp;&nbsp;nrf_drv_timer_capture_get
</UL>
<BR>[Called By]<UL><LI><a href="#[b9]">&gt;&gt;</a>&nbsp;&nbsp;&nbsp;app_pwm_channel_duty_ticks_set
</UL>

<P><STRONG><a name="[b8]"></a>app_pwm_channel_duty_set</STRONG> (Thumb, 32 bytes, Stack size 16 bytes, app_pwm.o(i.app_pwm_channel_duty_set))
<BR><BR>[Stack]<UL><LI>Max Depth = 112<LI>Call Chain = app_pwm_channel_duty_set &rArr; app_pwm_channel_duty_ticks_set &rArr; pwm_transition_n_to_m &rArr; pwm_ppi_disable &rArr; nrf_drv_ppi_channel_disable &rArr; is_app_channel
</UL>
<BR>[Calls]<UL><LI><a href="#[b9]">&gt;&gt;</a>&nbsp;&nbsp;&nbsp;app_pwm_channel_duty_ticks_set
<LI><a href="#[50]">&gt;&gt;</a>&nbsp;&nbsp;&nbsp;__aeabi_uidivmod
</UL>
<BR>[Called By]<UL><LI><a href="#[3a]">&gt;&gt;</a>&nbsp;&nbsp;&nbsp;timer_touch_event_handler
<LI><a href="#[146]">&gt;&gt;</a>&nbsp;&nbsp;&nbsp;led_proximity_set_state
</UL>

<P><STRONG><a name="[b9]"></a>app_pwm_channel_duty_ticks_set</STRONG> (Thumb, 184 bytes, Stack size 32 bytes, app_pwm.o(i.app_pwm_channel_duty_ticks_set))
<BR><BR>[Stack]<UL><LI>Max Depth = 96<LI>Call Chain = app_pwm_channel_duty_ticks_set &rArr; pwm_transition_n_to_m &rArr; pwm_ppi_disable &rArr; nrf_drv_ppi_channel_disable &rArr; is_app_channel
</UL>
<BR>[Calls]<UL><LI><a href="#[b6]">&gt;&gt;</a>&nbsp;&nbsp;&nbsp;app_pwm_busy_check
<LI><a href="#[bd]">&gt;&gt;</a>&nbsp;&nbsp;&nbsp;pwm_transition_n_to_m
<LI><a href="#[bc]">&gt;&gt;</a>&nbsp;&nbsp;&nbsp;pwm_transition_n_to_0or100
<LI><a href="#[bb]">&gt;&gt;</a>&nbsp;&nbsp;&nbsp;pwm_transition_0or100_to_n
<LI><a href="#[ba]">&gt;&gt;</a>&nbsp;&nbsp;&nbsp;pwm_transition_0or100_to_0or100
<LI><a href="#[be]">&gt;&gt;</a>&nbsp;&nbsp;&nbsp;nrf_drv_timer_compare_int_enable
</UL>
<BR>[Called By]<UL><LI><a href="#[cc]">&gt;&gt;</a>&nbsp;&nbsp;&nbsp;app_pwm_init
<LI><a href="#[b8]">&gt;&gt;</a>&nbsp;&nbsp;&nbsp;app_pwm_channel_duty_set
</UL>

<P><STRONG><a name="[c6]"></a>app_pwm_enable</STRONG> (Thumb, 116 bytes, Stack size 24 bytes, app_pwm.o(i.app_pwm_enable))
<BR><BR>[Stack]<UL><LI>Max Depth = 24<LI>Call Chain = app_pwm_enable
</UL>
<BR>[Calls]<UL><LI><a href="#[c7]">&gt;&gt;</a>&nbsp;&nbsp;&nbsp;nrf_drv_gpiote_out_task_force
<LI><a href="#[c8]">&gt;&gt;</a>&nbsp;&nbsp;&nbsp;nrf_drv_gpiote_out_task_enable
<LI><a href="#[c9]">&gt;&gt;</a>&nbsp;&nbsp;&nbsp;pan73_workaround
<LI><a href="#[cb]">&gt;&gt;</a>&nbsp;&nbsp;&nbsp;nrf_drv_timer_enable
<LI><a href="#[ca]">&gt;&gt;</a>&nbsp;&nbsp;&nbsp;nrf_drv_timer_clear
</UL>
<BR>[Called By]<UL><LI><a href="#[102]">&gt;&gt;</a>&nbsp;&nbsp;&nbsp;boards_init
</UL>

<P><STRONG><a name="[cc]"></a>app_pwm_init</STRONG> (Thumb, 356 bytes, Stack size 64 bytes, app_pwm.o(i.app_pwm_init))
<BR><BR>[Stack]<UL><LI>Max Depth = 160<LI>Call Chain = app_pwm_init &rArr; app_pwm_channel_duty_ticks_set &rArr; pwm_transition_n_to_m &rArr; pwm_ppi_disable &rArr; nrf_drv_ppi_channel_disable &rArr; is_app_channel
</UL>
<BR>[Calls]<UL><LI><a href="#[b1]">&gt;&gt;</a>&nbsp;&nbsp;&nbsp;nrf_drv_gpiote_is_init
<LI><a href="#[b2]">&gt;&gt;</a>&nbsp;&nbsp;&nbsp;nrf_drv_gpiote_init
<LI><a href="#[b9]">&gt;&gt;</a>&nbsp;&nbsp;&nbsp;app_pwm_channel_duty_ticks_set
<LI><a href="#[cf]">&gt;&gt;</a>&nbsp;&nbsp;&nbsp;pwm_dealloc
<LI><a href="#[bf]">&gt;&gt;</a>&nbsp;&nbsp;&nbsp;app_pwm_channel_init
<LI><a href="#[cd]">&gt;&gt;</a>&nbsp;&nbsp;&nbsp;nrf_drv_ppi_init
<LI><a href="#[ce]">&gt;&gt;</a>&nbsp;&nbsp;&nbsp;nrf_drv_ppi_group_alloc
<LI><a href="#[c1]">&gt;&gt;</a>&nbsp;&nbsp;&nbsp;nrf_drv_ppi_channel_alloc
<LI><a href="#[d1]">&gt;&gt;</a>&nbsp;&nbsp;&nbsp;nrf_drv_timer_us_to_ticks
<LI><a href="#[d0]">&gt;&gt;</a>&nbsp;&nbsp;&nbsp;nrf_drv_timer_init
<LI><a href="#[d2]">&gt;&gt;</a>&nbsp;&nbsp;&nbsp;nrf_drv_timer_extended_compare
<LI><a href="#[d3]">&gt;&gt;</a>&nbsp;&nbsp;&nbsp;nrf_drv_timer_compare_int_disable
<LI><a href="#[ca]">&gt;&gt;</a>&nbsp;&nbsp;&nbsp;nrf_drv_timer_clear
</UL>
<BR>[Called By]<UL><LI><a href="#[102]">&gt;&gt;</a>&nbsp;&nbsp;&nbsp;boards_init
</UL>

<P><STRONG><a name="[f2]"></a>app_timer_create</STRONG> (Thumb, 40 bytes, Stack size 0 bytes, app_timer.o(i.app_timer_create))
<BR><BR>[Called By]<UL><LI><a href="#[f1]">&gt;&gt;</a>&nbsp;&nbsp;&nbsp;ble_conn_params_init
<LI><a href="#[149]">&gt;&gt;</a>&nbsp;&nbsp;&nbsp;timers_init
</UL>

<P><STRONG><a name="[d4]"></a>app_timer_init</STRONG> (Thumb, 126 bytes, Stack size 40 bytes, app_timer.o(i.app_timer_init))
<BR><BR>[Stack]<UL><LI>Max Depth = 56<LI>Call Chain = app_timer_init &rArr; rtc1_stop
</UL>
<BR>[Calls]<UL><LI><a href="#[d5]">&gt;&gt;</a>&nbsp;&nbsp;&nbsp;rtc1_stop
<LI><a href="#[d6]">&gt;&gt;</a>&nbsp;&nbsp;&nbsp;NVIC_SetPriority
</UL>
<BR>[Called By]<UL><LI><a href="#[149]">&gt;&gt;</a>&nbsp;&nbsp;&nbsp;timers_init
</UL>

<P><STRONG><a name="[d7]"></a>app_timer_start</STRONG> (Thumb, 114 bytes, Stack size 32 bytes, app_timer.o(i.app_timer_start))
<BR><BR>[Stack]<UL><LI>Max Depth = 32<LI>Call Chain = app_timer_start
</UL>
<BR>[Calls]<UL><LI><a href="#[d9]">&gt;&gt;</a>&nbsp;&nbsp;&nbsp;user_op_alloc
<LI><a href="#[d8]">&gt;&gt;</a>&nbsp;&nbsp;&nbsp;user_id_get
<LI><a href="#[da]">&gt;&gt;</a>&nbsp;&nbsp;&nbsp;timer_list_handler_sched
</UL>
<BR>[Called By]<UL><LI><a href="#[f4]">&gt;&gt;</a>&nbsp;&nbsp;&nbsp;conn_params_negotiation
<LI><a href="#[30]">&gt;&gt;</a>&nbsp;&nbsp;&nbsp;button_2_update_event_handler
<LI><a href="#[2f]">&gt;&gt;</a>&nbsp;&nbsp;&nbsp;button_1_update_event_handler
<LI><a href="#[dc]">&gt;&gt;</a>&nbsp;&nbsp;&nbsp;application_timers_start
</UL>

<P><STRONG><a name="[db]"></a>app_timer_stop</STRONG> (Thumb, 78 bytes, Stack size 24 bytes, app_timer.o(i.app_timer_stop))
<BR><BR>[Stack]<UL><LI>Max Depth = 24<LI>Call Chain = app_timer_stop
</UL>
<BR>[Calls]<UL><LI><a href="#[d9]">&gt;&gt;</a>&nbsp;&nbsp;&nbsp;user_op_alloc
<LI><a href="#[d8]">&gt;&gt;</a>&nbsp;&nbsp;&nbsp;user_id_get
<LI><a href="#[da]">&gt;&gt;</a>&nbsp;&nbsp;&nbsp;timer_list_handler_sched
</UL>
<BR>[Called By]<UL><LI><a href="#[f3]">&gt;&gt;</a>&nbsp;&nbsp;&nbsp;ble_conn_params_on_ble_evt
<LI><a href="#[30]">&gt;&gt;</a>&nbsp;&nbsp;&nbsp;button_2_update_event_handler
<LI><a href="#[2f]">&gt;&gt;</a>&nbsp;&nbsp;&nbsp;button_1_update_event_handler
</UL>

<P><STRONG><a name="[dc]"></a>application_timers_start</STRONG> (Thumb, 52 bytes, Stack size 8 bytes, main.o(i.application_timers_start))
<BR><BR>[Stack]<UL><LI>Max Depth = 40<LI>Call Chain = application_timers_start &rArr; app_timer_start
</UL>
<BR>[Calls]<UL><LI><a href="#[d7]">&gt;&gt;</a>&nbsp;&nbsp;&nbsp;app_timer_start
<LI><a href="#[59]">&gt;&gt;</a>&nbsp;&nbsp;&nbsp;app_error_handler
</UL>
<BR>[Called By]<UL><LI><a href="#[20]">&gt;&gt;</a>&nbsp;&nbsp;&nbsp;main
</UL>

<P><STRONG><a name="[e9]"></a>ble_advdata_set</STRONG> (Thumb, 104 bytes, Stack size 96 bytes, ble_advdata.o(i.ble_advdata_set))
<BR><BR>[Stack]<UL><LI>Max Depth = 240<LI>Call Chain = ble_advdata_set &rArr; adv_data_encode &rArr; uuid_list_encode &rArr; uuid_list_sized_encode
</UL>
<BR>[Calls]<UL><LI><a href="#[a5]">&gt;&gt;</a>&nbsp;&nbsp;&nbsp;adv_data_encode
</UL>
<BR>[Called By]<UL><LI><a href="#[ed]">&gt;&gt;</a>&nbsp;&nbsp;&nbsp;ble_advertising_start
<LI><a href="#[af]">&gt;&gt;</a>&nbsp;&nbsp;&nbsp;ble_advertising_init
</UL>

<P><STRONG><a name="[af]"></a>ble_advertising_init</STRONG> (Thumb, 284 bytes, Stack size 16 bytes, ble_advertising.o(i.ble_advertising_init))
<BR><BR>[Stack]<UL><LI>Max Depth = 256<LI>Call Chain = ble_advertising_init &rArr; ble_advdata_set &rArr; adv_data_encode &rArr; uuid_list_encode &rArr; uuid_list_sized_encode
</UL>
<BR>[Calls]<UL><LI><a href="#[eb]">&gt;&gt;</a>&nbsp;&nbsp;&nbsp;ble_advertising_peer_address_clear
<LI><a href="#[e9]">&gt;&gt;</a>&nbsp;&nbsp;&nbsp;ble_advdata_set
<LI><a href="#[5d]">&gt;&gt;</a>&nbsp;&nbsp;&nbsp;__aeabi_memclr4
<LI><a href="#[ea]">&gt;&gt;</a>&nbsp;&nbsp;&nbsp;__aeabi_memcpy4
</UL>
<BR>[Called By]<UL><LI><a href="#[ae]">&gt;&gt;</a>&nbsp;&nbsp;&nbsp;advertising_init
</UL>

<P><STRONG><a name="[ec]"></a>ble_advertising_on_ble_evt</STRONG> (Thumb, 112 bytes, Stack size 8 bytes, ble_advertising.o(i.ble_advertising_on_ble_evt))
<BR><BR>[Stack]<UL><LI>Max Depth = 296<LI>Call Chain = ble_advertising_on_ble_evt &rArr; ble_advertising_start &rArr; ble_advdata_set &rArr; adv_data_encode &rArr; uuid_list_encode &rArr; uuid_list_sized_encode
</UL>
<BR>[Calls]<UL><LI><a href="#[ed]">&gt;&gt;</a>&nbsp;&nbsp;&nbsp;ble_advertising_start
</UL>
<BR>[Called By]<UL><LI><a href="#[28]">&gt;&gt;</a>&nbsp;&nbsp;&nbsp;ble_evt_dispatch
</UL>

<P><STRONG><a name="[ee]"></a>ble_advertising_on_sys_evt</STRONG> (Thumb, 42 bytes, Stack size 8 bytes, ble_advertising.o(i.ble_advertising_on_sys_evt))
<BR><BR>[Stack]<UL><LI>Max Depth = 296<LI>Call Chain = ble_advertising_on_sys_evt &rArr; ble_advertising_start &rArr; ble_advdata_set &rArr; adv_data_encode &rArr; uuid_list_encode &rArr; uuid_list_sized_encode
</UL>
<BR>[Calls]<UL><LI><a href="#[ed]">&gt;&gt;</a>&nbsp;&nbsp;&nbsp;ble_advertising_start
</UL>
<BR>[Called By]<UL><LI><a href="#[29]">&gt;&gt;</a>&nbsp;&nbsp;&nbsp;sys_evt_dispatch
</UL>

<P><STRONG><a name="[ed]"></a>ble_advertising_start</STRONG> (Thumb, 470 bytes, Stack size 48 bytes, ble_advertising.o(i.ble_advertising_start))
<BR><BR>[Stack]<UL><LI>Max Depth = 288<LI>Call Chain = ble_advertising_start &rArr; ble_advdata_set &rArr; adv_data_encode &rArr; uuid_list_encode &rArr; uuid_list_sized_encode
</UL>
<BR>[Calls]<UL><LI><a href="#[f0]">&gt;&gt;</a>&nbsp;&nbsp;&nbsp;whitelist_has_entries
<LI><a href="#[ef]">&gt;&gt;</a>&nbsp;&nbsp;&nbsp;peer_address_exists
<LI><a href="#[eb]">&gt;&gt;</a>&nbsp;&nbsp;&nbsp;ble_advertising_peer_address_clear
<LI><a href="#[e9]">&gt;&gt;</a>&nbsp;&nbsp;&nbsp;ble_advdata_set
<LI><a href="#[60]">&gt;&gt;</a>&nbsp;&nbsp;&nbsp;pstorage_access_status_get
<LI><a href="#[5d]">&gt;&gt;</a>&nbsp;&nbsp;&nbsp;__aeabi_memclr4
</UL>
<BR>[Called By]<UL><LI><a href="#[ee]">&gt;&gt;</a>&nbsp;&nbsp;&nbsp;ble_advertising_on_sys_evt
<LI><a href="#[ec]">&gt;&gt;</a>&nbsp;&nbsp;&nbsp;ble_advertising_on_ble_evt
<LI><a href="#[20]">&gt;&gt;</a>&nbsp;&nbsp;&nbsp;main
<LI><a href="#[25]">&gt;&gt;</a>&nbsp;&nbsp;&nbsp;on_adv_evt
</UL>

<P><STRONG><a name="[f1]"></a>ble_conn_params_init</STRONG> (Thumb, 68 bytes, Stack size 16 bytes, ble_conn_params.o(i.ble_conn_params_init))
<BR><BR>[Stack]<UL><LI>Max Depth = 16<LI>Call Chain = ble_conn_params_init
</UL>
<BR>[Calls]<UL><LI><a href="#[f2]">&gt;&gt;</a>&nbsp;&nbsp;&nbsp;app_timer_create
<LI><a href="#[ea]">&gt;&gt;</a>&nbsp;&nbsp;&nbsp;__aeabi_memcpy4
<LI><a href="#[84]">&gt;&gt;</a>&nbsp;&nbsp;&nbsp;__aeabi_memcpy
</UL>
<BR>[Called By]<UL><LI><a href="#[20]">&gt;&gt;</a>&nbsp;&nbsp;&nbsp;main
</UL>

<P><STRONG><a name="[f3]"></a>ble_conn_params_on_ble_evt</STRONG> (Thumb, 132 bytes, Stack size 24 bytes, ble_conn_params.o(i.ble_conn_params_on_ble_evt))
<BR><BR>[Stack]<UL><LI>Max Depth = 80<LI>Call Chain = ble_conn_params_on_ble_evt &rArr; conn_params_negotiation &rArr; app_timer_start
</UL>
<BR>[Calls]<UL><LI><a href="#[f4]">&gt;&gt;</a>&nbsp;&nbsp;&nbsp;conn_params_negotiation
<LI><a href="#[db]">&gt;&gt;</a>&nbsp;&nbsp;&nbsp;app_timer_stop
<LI><a href="#[84]">&gt;&gt;</a>&nbsp;&nbsp;&nbsp;__aeabi_memcpy
</UL>
<BR>[Called By]<UL><LI><a href="#[28]">&gt;&gt;</a>&nbsp;&nbsp;&nbsp;ble_evt_dispatch
</UL>

<P><STRONG><a name="[f8]"></a>ble_nus_init</STRONG> (Thumb, 98 bytes, Stack size 32 bytes, ble_nus.o(i.ble_nus_init))
<BR><BR>[Stack]<UL><LI>Max Depth = 112<LI>Call Chain = ble_nus_init &rArr; rx_char_add
</UL>
<BR>[Calls]<UL><LI><a href="#[fa]">&gt;&gt;</a>&nbsp;&nbsp;&nbsp;tx_char_add
<LI><a href="#[f9]">&gt;&gt;</a>&nbsp;&nbsp;&nbsp;rx_char_add
</UL>
<BR>[Called By]<UL><LI><a href="#[20]">&gt;&gt;</a>&nbsp;&nbsp;&nbsp;main
</UL>

<P><STRONG><a name="[f5]"></a>ble_nus_on_ble_evt</STRONG> (Thumb, 88 bytes, Stack size 0 bytes, ble_nus.o(i.ble_nus_on_ble_evt))
<BR><BR>[Called By]<UL><LI><a href="#[28]">&gt;&gt;</a>&nbsp;&nbsp;&nbsp;ble_evt_dispatch
</UL>

<P><STRONG><a name="[fb]"></a>ble_nus_send_task</STRONG> (Thumb, 112 bytes, Stack size 48 bytes, main.o(i.ble_nus_send_task))
<BR><BR>[Stack]<UL><LI>Max Depth = 80<LI>Call Chain = ble_nus_send_task &rArr; ble_nus_string_send
</UL>
<BR>[Calls]<UL><LI><a href="#[fd]">&gt;&gt;</a>&nbsp;&nbsp;&nbsp;ble_nus_string_send
<LI><a href="#[fc]">&gt;&gt;</a>&nbsp;&nbsp;&nbsp;RINGBUF_Get
<LI><a href="#[99]">&gt;&gt;</a>&nbsp;&nbsp;&nbsp;InitTimeout
<LI><a href="#[9b]">&gt;&gt;</a>&nbsp;&nbsp;&nbsp;CheckTimeout
</UL>
<BR>[Called By]<UL><LI><a href="#[20]">&gt;&gt;</a>&nbsp;&nbsp;&nbsp;main
</UL>

<P><STRONG><a name="[fd]"></a>ble_nus_string_send</STRONG> (Thumb, 78 bytes, Stack size 32 bytes, ble_nus.o(i.ble_nus_string_send))
<BR><BR>[Stack]<UL><LI>Max Depth = 32<LI>Call Chain = ble_nus_string_send
</UL>
<BR>[Called By]<UL><LI><a href="#[fb]">&gt;&gt;</a>&nbsp;&nbsp;&nbsp;ble_nus_send_task
</UL>

<P><STRONG><a name="[102]"></a>boards_init</STRONG> (Thumb, 60 bytes, Stack size 24 bytes, main.o(i.boards_init))
<BR><BR>[Stack]<UL><LI>Max Depth = 184<LI>Call Chain = boards_init &rArr; app_pwm_init &rArr; app_pwm_channel_duty_ticks_set &rArr; pwm_transition_n_to_m &rArr; pwm_ppi_disable &rArr; nrf_drv_ppi_channel_disable &rArr; is_app_channel
</UL>
<BR>[Calls]<UL><LI><a href="#[cc]">&gt;&gt;</a>&nbsp;&nbsp;&nbsp;app_pwm_init
<LI><a href="#[c6]">&gt;&gt;</a>&nbsp;&nbsp;&nbsp;app_pwm_enable
<LI><a href="#[59]">&gt;&gt;</a>&nbsp;&nbsp;&nbsp;app_error_handler
<LI><a href="#[103]">&gt;&gt;</a>&nbsp;&nbsp;&nbsp;nrf_gpio_cfg_output
<LI><a href="#[ea]">&gt;&gt;</a>&nbsp;&nbsp;&nbsp;__aeabi_memcpy4
</UL>
<BR>[Called By]<UL><LI><a href="#[20]">&gt;&gt;</a>&nbsp;&nbsp;&nbsp;main
</UL>

<P><STRONG><a name="[2f]"></a>button_1_update_event_handler</STRONG> (Thumb, 114 bytes, Stack size 16 bytes, main.o(i.button_1_update_event_handler))
<BR><BR>[Stack]<UL><LI>Max Depth = 48<LI>Call Chain = button_1_update_event_handler &rArr; app_timer_start
</UL>
[...]
<LI><a href="#[de]">&gt;&gt;</a>&nbsp;&nbsp;&nbsp;tc_packet_handler
<LI><a href="#[df]">&gt;&gt;</a>&nbsp;&nbsp;&nbsp;handle_storage_flag_set
</UL>
<BR>[Called By]<UL><LI><a href="#[96]">&gt;&gt;</a>&nbsp;&nbsp;&nbsp;event_fifo_pop
</UL>

<P><STRONG><a name="[96]"></a>event_fifo_pop</STRONG> (Thumb, 30 bytes, Stack size 24 bytes, event_handler.o(i.event_fifo_pop))
<BR><BR>[Stack]<UL><LI>Max Depth = 316<LI>Call Chain = event_fifo_pop &rArr; async_event_execute &rArr; tc_packet_handler &rArr; vh_rx &rArr; handle_storage_info_set &rArr; handle_entry_to_head &rArr; data_entry_free &rArr; trickle_enable &rArr; trickle_timer_reset &rArr; refresh_t &rArr; rand_prng_get
</UL>
<BR>[Calls]<UL><LI><a href="#[118]">&gt;&gt;</a>&nbsp;&nbsp;&nbsp;fifo_pop
<LI><a href="#[dd]">&gt;&gt;</a>&nbsp;&nbsp;&nbsp;async_event_execute
</UL>
<BR>[Called By]<UL><LI><a href="#[18]">&gt;&gt;</a>&nbsp;&nbsp;&nbsp;QDEC_IRQHandler
</UL>

<P><STRONG><a name="[110]"></a>data_entry_allocate</STRONG> (Thumb, 132 bytes, Stack size 16 bytes, handle_storage.o(i.data_entry_allocate))
<BR><BR>[Stack]<UL><LI>Max Depth = 84<LI>Call Chain = data_entry_allocate &rArr; data_entry_free &rArr; trickle_enable &rArr; trickle_timer_reset &rArr; refresh_t &rArr; rand_prng_get
</UL>
<BR>[Calls]<UL><LI><a href="#[59]">&gt;&gt;</a>&nbsp;&nbsp;&nbsp;app_error_handler
<LI><a href="#[111]">&gt;&gt;</a>&nbsp;&nbsp;&nbsp;trickle_timer_reset
<LI><a href="#[112]">&gt;&gt;</a>&nbsp;&nbsp;&nbsp;data_entry_free
</UL>
<BR>[Called By]<UL><LI><a href="#[134]">&gt;&gt;</a>&nbsp;&nbsp;&nbsp;handle_storage_info_set
<LI><a href="#[df]">&gt;&gt;</a>&nbsp;&nbsp;&nbsp;handle_storage_flag_set
</UL>

<P><STRONG><a name="[112]"></a>data_entry_free</STRONG> (Thumb, 28 bytes, Stack size 8 bytes, handle_storage.o(i.data_entry_free))
<BR><BR>[Stack]<UL><LI>Max Depth = 68<LI>Call Chain = data_entry_free &rArr; trickle_enable &rArr; trickle_timer_reset &rArr; refresh_t &rArr; rand_prng_get
</UL>
<BR>[Calls]<UL><LI><a href="#[113]">&gt;&gt;</a>&nbsp;&nbsp;&nbsp;trickle_enable
<LI><a href="#[e8]">&gt;&gt;</a>&nbsp;&nbsp;&nbsp;mesh_packet_ref_count_dec
</UL>
<BR>[Called By]<UL><LI><a href="#[12c]">&gt;&gt;</a>&nbsp;&nbsp;&nbsp;handle_entry_to_head
<LI><a href="#[110]">&gt;&gt;</a>&nbsp;&nbsp;&nbsp;data_entry_allocate
</UL>

<P><STRONG><a name="[129]"></a>handle_entry_get</STRONG> (Thumb, 104 bytes, Stack size 24 bytes, handle_storage.o(i.handle_entry_get))
<BR><BR>[Stack]<UL><LI>Max Depth = 24<LI>Call Chain = handle_entry_get
</UL>
<BR>[Calls]<UL><LI><a href="#[12b]">&gt;&gt;</a>&nbsp;&nbsp;&nbsp;event_handler_critical_section_end
<LI><a href="#[12a]">&gt;&gt;</a>&nbsp;&nbsp;&nbsp;event_handler_critical_section_begin
</UL>
<BR>[Called By]<UL><LI><a href="#[2b]">&gt;&gt;</a>&nbsp;&nbsp;&nbsp;local_packet_push
<LI><a href="#[13e]">&gt;&gt;</a>&nbsp;&nbsp;&nbsp;handle_storage_transmitted
<LI><a href="#[13c]">&gt;&gt;</a>&nbsp;&nbsp;&nbsp;handle_storage_rx_inconsistent
<LI><a href="#[13a]">&gt;&gt;</a>&nbsp;&nbsp;&nbsp;handle_storage_rx_consistent
<LI><a href="#[134]">&gt;&gt;</a>&nbsp;&nbsp;&nbsp;handle_storage_info_set
<LI><a href="#[132]">&gt;&gt;</a>&nbsp;&nbsp;&nbsp;handle_storage_info_get
<LI><a href="#[12d]">&gt;&gt;</a>&nbsp;&nbsp;&nbsp;handle_storage_flag_get
<LI><a href="#[12c]">&gt;&gt;</a>&nbsp;&nbsp;&nbsp;handle_entry_to_head
<LI><a href="#[df]">&gt;&gt;</a>&nbsp;&nbsp;&nbsp;handle_storage_flag_set
</UL>

<P><STRONG><a name="[12c]"></a>handle_entry_to_head</STRONG> (Thumb, 300 bytes, Stack size 24 bytes, handle_storage.o(i.handle_entry_to_head))
<BR><BR>[Stack]<UL><LI>Max Depth = 92<LI>Call Chain = handle_entry_to_head &rArr; data_entry_free &rArr; trickle_enable &rArr; trickle_timer_reset &rArr; refresh_t &rArr; rand_prng_get
</UL>
<BR>[Calls]<UL><LI><a href="#[129]">&gt;&gt;</a>&nbsp;&nbsp;&nbsp;handle_entry_get
<LI><a href="#[112]">&gt;&gt;</a>&nbsp;&nbsp;&nbsp;data_entry_free
</UL>
<BR>[Called By]<UL><LI><a href="#[134]">&gt;&gt;</a>&nbsp;&nbsp;&nbsp;handle_storage_info_set
<LI><a href="#[df]">&gt;&gt;</a>&nbsp;&nbsp;&nbsp;handle_storage_flag_set
</UL>

<P><STRONG><a name="[156]"></a>mesh_gatt_cmd_rsp_push</STRONG> (Thumb, 24 bytes, Stack size 32 bytes, mesh_gatt.o(i.mesh_gatt_cmd_rsp_push))
<BR><BR>[Stack]<UL><LI>Max Depth = 72<LI>Call Chain = mesh_gatt_cmd_rsp_push &rArr; mesh_gatt_evt_push
</UL>
<BR>[Calls]<UL><LI><a href="#[157]">&gt;&gt;</a>&nbsp;&nbsp;&nbsp;mesh_gatt_evt_push
</UL>
<BR>[Called By]<UL><LI><a href="#[15b]">&gt;&gt;</a>&nbsp;&nbsp;&nbsp;mesh_gatt_sd_ble_event_handle
</UL>

<P><STRONG><a name="[157]"></a>mesh_gatt_evt_push</STRONG> (Thumb, 138 bytes, Stack size 40 bytes, mesh_gatt.o(i.mesh_gatt_evt_push))
<BR><BR>[Stack]<UL><LI>Max Depth = 40<LI>Call Chain = mesh_gatt_evt_push
</UL>
<BR>[Called By]<UL><LI><a href="#[164]">&gt;&gt;</a>&nbsp;&nbsp;&nbsp;mesh_gatt_value_set
<LI><a href="#[15b]">&gt;&gt;</a>&nbsp;&nbsp;&nbsp;mesh_gatt_sd_ble_event_handle
<LI><a href="#[156]">&gt;&gt;</a>&nbsp;&nbsp;&nbsp;mesh_gatt_cmd_rsp_push
</UL>

<P><STRONG><a name="[159]"></a>mesh_md_char_add</STRONG> (Thumb, 206 bytes, Stack size 88 bytes, mesh_gatt.o(i.mesh_md_char_add))
<BR><BR>[Stack]<UL><LI>Max Depth = 88<LI>Call Chain = mesh_md_char_add
</UL>
<BR>[Calls]<UL><LI><a href="#[5d]">&gt;&gt;</a>&nbsp;&nbsp;&nbsp;__aeabi_memclr4
</UL>
<BR>[Called By]<UL><LI><a href="#[158]">&gt;&gt;</a>&nbsp;&nbsp;&nbsp;mesh_gatt_init
</UL>

<P><STRONG><a name="[15a]"></a>mesh_value_char_add</STRONG> (Thumb, 150 bytes, Stack size 72 bytes, mesh_gatt.o(i.mesh_value_char_add))
<BR><BR>[Stack]<UL><LI>Max Depth = 72<LI>Call Chain = mesh_value_char_add
</UL>
<BR>[Calls]<UL><LI><a href="#[5d]">&gt;&gt;</a>&nbsp;&nbsp;&nbsp;__aeabi_memclr4
</UL>
<BR>[Called By]<UL><LI><a href="#[158]">&gt;&gt;</a>&nbsp;&nbsp;&nbsp;mesh_gatt_init
</UL>

<P><STRONG><a name="[190]"></a>setup_event</STRONG> (Thumb, 142 bytes, Stack size 32 bytes, radio_control.o(i.setup_event))
<BR><BR>[Stack]<UL><LI>Max Depth = 32<LI>Call Chain = setup_event
</UL>
<BR>[Called By]<UL><LI><a href="#[18d]">&gt;&gt;</a>&nbsp;&nbsp;&nbsp;radio_event_handler
</UL>

<P><STRONG><a name="[1ae]"></a>timer_mut_lock</STRONG> (Thumb, 16 bytes, Stack size 0 bytes, timer.o(i.timer_mut_lock))
<BR><BR>[Called By]<UL><LI><a href="#[e0]">&gt;&gt;</a>&nbsp;&nbsp;&nbsp;timer_now
<LI><a href="#[197]">&gt;&gt;</a>&nbsp;&nbsp;&nbsp;timer_order_cb
<LI><a href="#[19a]">&gt;&gt;</a>&nbsp;&nbsp;&nbsp;timer_abort
</UL>

<P><STRONG><a name="[1af]"></a>timer_mut_unlock</STRONG> (Thumb, 12 bytes, Stack size 0 bytes, timer.o(i.timer_mut_unlock))
<BR><BR>[Called By]<UL><LI><a href="#[e0]">&gt;&gt;</a>&nbsp;&nbsp;&nbsp;timer_now
<LI><a href="#[197]">&gt;&gt;</a>&nbsp;&nbsp;&nbsp;timer_order_cb
<LI><a href="#[19a]">&gt;&gt;</a>&nbsp;&nbsp;&nbsp;timer_abort
</UL>

<P><STRONG><a name="[1b2]"></a>timer_set</STRONG> (Thumb, 52 bytes, Stack size 16 bytes, timer.o(i.timer_set))
<BR><BR>[Stack]<UL><LI>Max Depth = 16<LI>Call Chain = timer_set
</UL>
<BR>[Calls]<UL><LI><a href="#[59]">&gt;&gt;</a>&nbsp;&nbsp;&nbsp;app_error_handler
</UL>
<BR>[Called By]<UL><LI><a href="#[197]">&gt;&gt;</a>&nbsp;&nbsp;&nbsp;timer_order_cb
<LI><a href="#[195]">&gt;&gt;</a>&nbsp;&nbsp;&nbsp;timer_on_ts_begin
</UL>

<P><STRONG><a name="[e2]"></a>add_evt</STRONG> (Thumb, 50 bytes, Stack size 12 bytes, timer_scheduler.o(i.add_evt))
<BR><BR>[Stack]<UL><LI>Max Depth = 12<LI>Call Chain = add_evt
</UL>
<BR>[Called By]<UL><LI><a href="#[e3]">&gt;&gt;</a>&nbsp;&nbsp;&nbsp;fire_timers
<LI><a href="#[39]">&gt;&gt;</a>&nbsp;&nbsp;&nbsp;async_reschedule
</UL>

<P><STRONG><a name="[39]"></a>async_reschedule</STRONG> (Thumb, 60 bytes, Stack size 16 bytes, timer_scheduler.o(i.async_reschedule))
<BR><BR>[Stack]<UL><LI>Max Depth = 80<LI>Call Chain = async_reschedule &rArr; fire_timers &rArr; event_handler_push &rArr; fifo_push
</UL>
<BR>[Calls]<UL><LI><a href="#[e0]">&gt;&gt;</a>&nbsp;&nbsp;&nbsp;timer_now
<LI><a href="#[e4]">&gt;&gt;</a>&nbsp;&nbsp;&nbsp;setup_timeout
<LI><a href="#[e1]">&gt;&gt;</a>&nbsp;&nbsp;&nbsp;remove_evt
<LI><a href="#[e3]">&gt;&gt;</a>&nbsp;&nbsp;&nbsp;fire_timers
<LI><a href="#[e2]">&gt;&gt;</a>&nbsp;&nbsp;&nbsp;add_evt
</UL>
<BR>[Address Reference Count : 1]<UL><LI> timer_scheduler.o(i.timer_sch_reschedule)
</UL>
<P><STRONG><a name="[e3]"></a>fire_timers</STRONG> (Thumb, 98 bytes, Stack size 40 bytes, timer_scheduler.o(i.fire_timers))
<BR><BR>[Stack]<UL><LI>Max Depth = 64<LI>Call Chain = fire_timers &rArr; event_handler_push &rArr; fifo_push
</UL>
<BR>[Calls]<UL><LI><a href="#[11d]">&gt;&gt;</a>&nbsp;&nbsp;&nbsp;event_handler_push
<LI><a href="#[e2]">&gt;&gt;</a>&nbsp;&nbsp;&nbsp;add_evt
</UL>
<BR>[Called By]<UL><LI><a href="#[34]">&gt;&gt;</a>&nbsp;&nbsp;&nbsp;timer_cb
<LI><a href="#[39]">&gt;&gt;</a>&nbsp;&nbsp;&nbsp;async_reschedule
</UL>

<P><STRONG><a name="[e1]"></a>remove_evt</STRONG> (Thumb, 62 bytes, Stack size 16 bytes, timer_scheduler.o(i.remove_evt))
<BR><BR>[Stack]<UL><LI>Max Depth = 16<LI>Call Chain = remove_evt
</UL>
<BR>[Called By]<UL><LI><a href="#[39]">&gt;&gt;</a>&nbsp;&nbsp;&nbsp;async_reschedule
</UL>

<P><STRONG><a name="[e4]"></a>setup_timeout</STRONG> (Thumb, 42 bytes, Stack size 8 bytes, timer_scheduler.o(i.setup_timeout))
<BR><BR>[Stack]<UL><LI>Max Depth = 48<LI>Call Chain = setup_timeout &rArr; timer_order_cb &rArr; timer_set
</UL>
<BR>[Calls]<UL><LI><a href="#[197]">&gt;&gt;</a>&nbsp;&nbsp;&nbsp;timer_order_cb
</UL>
<BR>[Called By]<UL><LI><a href="#[34]">&gt;&gt;</a>&nbsp;&nbsp;&nbsp;timer_cb
<LI><a href="#[39]">&gt;&gt;</a>&nbsp;&nbsp;&nbsp;async_reschedule
</UL>

<P><STRONG><a name="[34]"></a>timer_cb</STRONG> (Thumb, 16 bytes, Stack size 8 bytes, timer_scheduler.o(i.timer_cb))
<BR><BR>[Stack]<UL><LI>Max Depth = 72<LI>Call Chain = timer_cb &rArr; fire_timers &rArr; event_handler_push &rArr; fifo_push
</UL>
<BR>[Calls]<UL><LI><a href="#[e4]">&gt;&gt;</a>&nbsp;&nbsp;&nbsp;setup_timeout
<LI><a href="#[e3]">&gt;&gt;</a>&nbsp;&nbsp;&nbsp;fire_timers
</UL>
<BR>[Address Reference Count : 1]<UL><LI> timer_scheduler.o(i.setup_timeout)
</UL>
<P><STRONG><a name="[33]"></a>end_timer_handler</STRONG> (Thumb, 8 bytes, Stack size 0 bytes, timeslot.o(i.end_timer_handler))
<BR>[Address Reference Count : 1]<UL><LI> timeslot.o(i.radio_signal_callback)
</UL>
<P><STRONG><a name="[117]"></a>end_timer_margin</STRONG> (Thumb, 24 bytes, Stack size 8 bytes, timeslot.o(i.end_timer_margin))
<BR><BR>[Stack]<UL><LI>Max Depth = 20<LI>Call Chain = end_timer_margin &rArr; __aeabi_uidivmod
</UL>
<BR>[Calls]<UL><LI><a href="#[50]">&gt;&gt;</a>&nbsp;&nbsp;&nbsp;__aeabi_uidivmod
</UL>
<BR>[Called By]<UL><LI><a href="#[3e]">&gt;&gt;</a>&nbsp;&nbsp;&nbsp;radio_signal_callback
</UL>

<P><STRONG><a name="[3e]"></a>radio_signal_callback</STRONG> (Thumb, 296 bytes, Stack size 24 bytes, timeslot.o(i.radio_signal_callback))
<BR><BR>[Stack]<UL><LI>Max Depth = 112<LI>Call Chain = radio_signal_callback &rArr; start_time_update &rArr; __aeabi_lmul &rArr; __aeabi_llsl
</UL>
<BR>[Calls]<UL><LI><a href="#[81]">&gt;&gt;</a>&nbsp;&nbsp;&nbsp;__ARM_common_switch8
<LI><a href="#[59]">&gt;&gt;</a>&nbsp;&nbsp;&nbsp;app_error_handler
<LI><a href="#[18d]">&gt;&gt;</a>&nbsp;&nbsp;&nbsp;radio_event_handler
<LI><a href="#[11b]">&gt;&gt;</a>&nbsp;&nbsp;&nbsp;event_handler_on_ts_begin
<LI><a href="#[196]">&gt;&gt;</a>&nbsp;&nbsp;&nbsp;tc_on_ts_begin
<LI><a href="#[194]">&gt;&gt;</a>&nbsp;&nbsp;&nbsp;start_time_update
<LI><a href="#[193]">&gt;&gt;</a>&nbsp;&nbsp;&nbsp;ts_order_earliest
<LI><a href="#[198]">&gt;&gt;</a>&nbsp;&nbsp;&nbsp;ts_extend
<LI><a href="#[192]">&gt;&gt;</a>&nbsp;&nbsp;&nbsp;timeslot_end
<LI><a href="#[117]">&gt;&gt;</a>&nbsp;&nbsp;&nbsp;end_timer_margin
<LI><a href="#[197]">&gt;&gt;</a>&nbsp;&nbsp;&nbsp;timer_order_cb
<LI><a href="#[195]">&gt;&gt;</a>&nbsp;&nbsp;&nbsp;timer_on_ts_begin
<LI><a href="#[199]">&gt;&gt;</a>&nbsp;&nbsp;&nbsp;timer_event_handler
<LI><a href="#[19a]">&gt;&gt;</a>&nbsp;&nbsp;&nbsp;timer_abort
</UL>
<BR>[Address Reference Count : 1]<UL><LI> timeslot.o(i.timeslot_resume)
</UL>
<P><STRONG><a name="[192]"></a>timeslot_end</STRONG> (Thumb, 26 bytes, Stack size 8 bytes, timeslot.o(i.timeslot_end))
<BR><BR>[Stack]<UL><LI>Max Depth = 24<LI>Call Chain = timeslot_end &rArr; timer_on_ts_end
</UL>
<BR>[Calls]<UL><LI><a href="#[18f]">&gt;&gt;</a>&nbsp;&nbsp;&nbsp;radio_disable
<LI><a href="#[1b6]">&gt;&gt;</a>&nbsp;&nbsp;&nbsp;timeslot_end_time_get
<LI><a href="#[1b7]">&gt;&gt;</a>&nbsp;&nbsp;&nbsp;timer_on_ts_end
</UL>
<BR>[Called By]<UL><LI><a href="#[3e]">&gt;&gt;</a>&nbsp;&nbsp;&nbsp;radio_signal_callback
</UL>

<P><STRONG><a name="[198]"></a>ts_extend</STRONG> (Thumb, 32 bytes, Stack size 0 bytes, timeslot.o(i.ts_extend))
<BR><BR>[Called By]<UL><LI><a href="#[3e]">&gt;&gt;</a>&nbsp;&nbsp;&nbsp;radio_signal_callback
</UL>

<P><STRONG><a name="[193]"></a>ts_order_earliest</STRONG> (Thumb, 34 bytes, Stack size 16 bytes, timeslot.o(i.ts_order_earliest))
<BR><BR>[Stack]<UL><LI>Max Depth = 16<LI>Call Chain = ts_order_earliest
</UL>
<BR>[Called By]<UL><LI><a href="#[3e]">&gt;&gt;</a>&nbsp;&nbsp;&nbsp;radio_signal_callback
<LI><a href="#[1a5]">&gt;&gt;</a>&nbsp;&nbsp;&nbsp;timeslot_sd_event_handler
<LI><a href="#[1a3]">&gt;&gt;</a>&nbsp;&nbsp;&nbsp;timeslot_resume
</UL>

<P><STRONG><a name="[4a]"></a>async_tx_cb</STRONG> (Thumb, 102 bytes, Stack size 48 bytes, transport_control.o(i.async_tx_cb))
<BR><BR>[Stack]<UL><LI>Max Depth = 104<LI>Call Chain = async_tx_cb &rArr; vh_tx_event_flag_get &rArr; handle_storage_flag_get &rArr; handle_entry_get
</UL>
<BR>[Calls]<UL><LI><a href="#[e7]">&gt;&gt;</a>&nbsp;&nbsp;&nbsp;rbc_mesh_event_push
<LI><a href="#[e0]">&gt;&gt;</a>&nbsp;&nbsp;&nbsp;timer_now
<LI><a href="#[e8]">&gt;&gt;</a>&nbsp;&nbsp;&nbsp;mesh_packet_ref_count_dec
<LI><a href="#[e5]">&gt;&gt;</a>&nbsp;&nbsp;&nbsp;mesh_packet_adv_data_get
<LI><a href="#[e6]">&gt;&gt;</a>&nbsp;&nbsp;&nbsp;vh_tx_event_flag_get
</UL>
<BR>[Address Reference Count : 1]<UL><LI> transport_control.o(.constdata)
</UL>
<P><STRONG><a name="[182]"></a>order_search</STRONG> (Thumb, 42 bytes, Stack size 16 bytes, transport_control.o(i.order_search))
<BR><BR>[Stack]<UL><LI>Max Depth = 40<LI>Call Chain = order_search &rArr; radio_order &rArr; fifo_push
</UL>
<BR>[Calls]<UL><LI><a href="#[183]">&gt;&gt;</a>&nbsp;&nbsp;&nbsp;radio_order
<LI><a href="#[e8]">&gt;&gt;</a>&nbsp;&nbsp;&nbsp;mesh_packet_ref_count_dec
<LI><a href="#[12f]">&gt;&gt;</a>&nbsp;&nbsp;&nbsp;mesh_packet_acquire
</UL>
<BR>[Called By]<UL><LI><a href="#[de]">&gt;&gt;</a>&nbsp;&nbsp;&nbsp;tc_packet_handler
<LI><a href="#[38]">&gt;&gt;</a>&nbsp;&nbsp;&nbsp;radio_idle_callback
</UL>

<P><STRONG><a name="[38]"></a>radio_idle_callback</STRONG> (Thumb, 16 bytes, Stack size 8 bytes, transport_control.o(i.radio_idle_callback))
<BR><BR>[Stack]<UL><LI>Max Depth = 48<LI>Call Chain = radio_idle_callback &rArr; order_search &rArr; radio_order &rArr; fifo_push
</UL>
<BR>[Calls]<UL><LI><a href="#[182]">&gt;&gt;</a>&nbsp;&nbsp;&nbsp;order_search
</UL>
<BR>[Address Reference Count : 1]<UL><LI> transport_control.o(i.tc_on_ts_begin)
</UL>
<P><STRONG><a name="[37]"></a>rx_cb</STRONG> (Thumb, 76 bytes, Stack size 32 bytes, transport_control.o(i.rx_cb))
<BR><BR>[Stack]<UL><LI>Max Depth = 60<LI>Call Chain = rx_cb &rArr; mesh_packet_ref_count_inc &rArr; __aeabi_uidivmod
</UL>
<BR>[Calls]<UL><LI><a href="#[e0]">&gt;&gt;</a>&nbsp;&nbsp;&nbsp;timer_now
<LI><a href="#[133]">&gt;&gt;</a>&nbsp;&nbsp;&nbsp;mesh_packet_ref_count_inc
<LI><a href="#[e8]">&gt;&gt;</a>&nbsp;&nbsp;&nbsp;mesh_packet_ref_count_dec
<LI><a href="#[11d]">&gt;&gt;</a>&nbsp;&nbsp;&nbsp;event_handler_push
</UL>
<BR>[Address Reference Count : 1]<UL><LI> transport_control.o(i.tc_on_ts_begin)
</UL>
<P><STRONG><a name="[36]"></a>tx_cb</STRONG> (Thumb, 38 bytes, Stack size 32 bytes, transport_control.o(i.tx_cb))
<BR><BR>[Stack]<UL><LI>Max Depth = 56<LI>Call Chain = tx_cb &rArr; event_handler_push &rArr; fifo_push
</UL>
<BR>[Calls]<UL><LI><a href="#[e8]">&gt;&gt;</a>&nbsp;&nbsp;&nbsp;mesh_packet_ref_count_dec
<LI><a href="#[11d]">&gt;&gt;</a>&nbsp;&nbsp;&nbsp;event_handler_push
<LI><a href="#[ea]">&gt;&gt;</a>&nbsp;&nbsp;&nbsp;__aeabi_memcpy4
</UL>
<BR>[Address Reference Count : 1]<UL><LI> transport_control.o(i.tc_on_ts_begin)
</UL>
<P><STRONG><a name="[105]"></a>check_interval</STRONG> (Thumb, 88 bytes, Stack size 16 bytes, trickle.o(i.check_interval))
<BR><BR>[Stack]<UL><LI>Max Depth = 16<LI>Call Chain = check_interval
</UL>
<BR>[Calls]<UL><LI><a href="#[106]">&gt;&gt;</a>&nbsp;&nbsp;&nbsp;trickle_is_enabled
<LI><a href="#[62]">&gt;&gt;</a>&nbsp;&nbsp;&nbsp;__aeabi_uwrite4
<LI><a href="#[82]">&gt;&gt;</a>&nbsp;&nbsp;&nbsp;__aeabi_uread4
</UL>
<BR>[Called By]<UL><LI><a href="#[141]">&gt;&gt;</a>&nbsp;&nbsp;&nbsp;trickle_tx_timeout
<LI><a href="#[13b]">&gt;&gt;</a>&nbsp;&nbsp;&nbsp;trickle_rx_consistent
</UL>

<P><STRONG><a name="[1a7]"></a>refresh_t</STRONG> (Thumb, 66 bytes, Stack size 24 bytes, trickle.o(i.refresh_t))
<BR><BR>[Stack]<UL><LI>Max Depth = 36<LI>Call Chain = refresh_t &rArr; rand_prng_get
</UL>
<BR>[Calls]<UL><LI><a href="#[19d]">&gt;&gt;</a>&nbsp;&nbsp;&nbsp;rand_prng_get
<LI><a href="#[62]">&gt;&gt;</a>&nbsp;&nbsp;&nbsp;__aeabi_uwrite4
<LI><a href="#[82]">&gt;&gt;</a>&nbsp;&nbsp;&nbsp;__aeabi_uread4
<LI><a href="#[50]">&gt;&gt;</a>&nbsp;&nbsp;&nbsp;__aeabi_uidivmod
</UL>
<BR>[Called By]<UL><LI><a href="#[141]">&gt;&gt;</a>&nbsp;&nbsp;&nbsp;trickle_tx_timeout
<LI><a href="#[13f]">&gt;&gt;</a>&nbsp;&nbsp;&nbsp;trickle_tx_register
<LI><a href="#[111]">&gt;&gt;</a>&nbsp;&nbsp;&nbsp;trickle_timer_reset
</UL>

<P><STRONG><a name="[17f]"></a>order_next_transmission</STRONG> (Thumb, 50 bytes, Stack size 16 bytes, version_handler.o(i.order_next_transmission))
<BR><BR>[Stack]<UL><LI>Max Depth = 80<LI>Call Chain = order_next_transmission &rArr; timer_sch_reschedule &rArr; event_handler_push &rArr; fifo_push
</UL>
<BR>[Calls]<UL><LI><a href="#[139]">&gt;&gt;</a>&nbsp;&nbsp;&nbsp;handle_storage_next_timeout_get
<LI><a href="#[181]">&gt;&gt;</a>&nbsp;&nbsp;&nbsp;vh_order_update
<LI><a href="#[180]">&gt;&gt;</a>&nbsp;&nbsp;&nbsp;timer_sch_reschedule
</UL>
<BR>[Called By]<UL><LI><a href="#[3f]">&gt;&gt;</a>&nbsp;&nbsp;&nbsp;transmit_all_instances
</UL>

<P><STRONG><a name="[3f]"></a>transmit_all_instances</STRONG> (Thumb, 112 bytes, Stack size 56 bytes, version_handler.o(i.transmit_all_instances))
<BR><BR>[Stack]<UL><LI>Max Depth = 148<LI>Call Chain = transmit_all_instances &rArr; handle_storage_tx_packets_get &rArr; trickle_tx_timeout &rArr; refresh_t &rArr; rand_prng_get
</UL>
<BR>[Calls]<UL><LI><a href="#[59]">&gt;&gt;</a>&nbsp;&nbsp;&nbsp;app_error_handler
<LI><a href="#[e8]">&gt;&gt;</a>&nbsp;&nbsp;&nbsp;mesh_packet_ref_count_dec
<LI><a href="#[e5]">&gt;&gt;</a>&nbsp;&nbsp;&nbsp;mesh_packet_adv_data_get
<LI><a href="#[140]">&gt;&gt;</a>&nbsp;&nbsp;&nbsp;handle_storage_tx_packets_get
<LI><a href="#[13e]">&gt;&gt;</a>&nbsp;&nbsp;&nbsp;handle_storage_transmitted
<LI><a href="#[17f]">&gt;&gt;</a>&nbsp;&nbsp;&nbsp;order_next_transmission
<LI><a href="#[1ad]">&gt;&gt;</a>&nbsp;&nbsp;&nbsp;tc_tx
</UL>
<BR>[Address Reference Count : 2]<UL><LI> version_handler.o(i.vh_init)
<LI> version_handler.o(i.vh_order_update)
</UL>
<P><STRONG><a name="[9f]"></a>is_manual_peripheral_setup_needed</STRONG> (Thumb, 66 bytes, Stack size 0 bytes, system_nrf51.o(i.is_manual_peripheral_setup_needed))
<BR><BR>[Called By]<UL><LI><a href="#[21]">&gt;&gt;</a>&nbsp;&nbsp;&nbsp;SystemInit
</UL>

<P><STRONG><a name="[a4]"></a>_printf_core</STRONG> (Thumb, 456 bytes, Stack size 88 bytes, printf3.o(i._printf_core), UNUSED)
<BR><BR>[Calls]<UL><LI><a href="#[50]">&gt;&gt;</a>&nbsp;&nbsp;&nbsp;__aeabi_uidivmod
</UL>
<BR>[Called By]<UL><LI><a href="#[a3]">&gt;&gt;</a>&nbsp;&nbsp;&nbsp;__0sprintf$3
</UL>

<P><STRONG><a name="[24]"></a>_sputc</STRONG> (Thumb, 10 bytes, Stack size 0 bytes, printf3.o(i._sputc))
<BR><BR>[Called By]<UL><LI><a href="#[a3]">&gt;&gt;</a>&nbsp;&nbsp;&nbsp;__0sprintf$3
</UL>
<BR>[Address Reference Count : 1]<UL><LI> printf3.o(i.__0sprintf$3)
</UL><P>
<H3>
Undefined Global Symbols
</H3><HR></body></html>
